[INFO] chuc-5.lille.grid5000.fr - Worker 2: Awaiting partition info from coordinator...
[INFO] chuc-5.lille.grid5000.fr - Worker 2: Received partition info: local 676x676x1344, global 1344x1344x1344
[INFO] chuc-5.lille.grid5000.fr - Worker 3: Awaiting partition info from coordinator...
[INFO] chuc-5.lille.grid5000.fr - Worker 3: Received partition info: local 676x676x1344, global 1344x1344x1344
[INFO] chuc-5.lille.grid5000.fr - Worker 1: Awaiting partition info from coordinator...
[INFO] chuc-5.lille.grid5000.fr - Worker 1: Received partition info: local 676x676x1344, global 1344x1344x1344
[INFO] chuc-5.lille.grid5000.fr - Coordinator: Distributing partition info to workers...
[INFO] chuc-5.lille.grid5000.fr - Coordinator: Distributing partition info to 4 workers...
[INFO] chuc-5.lille.grid5000.fr - Coordinator: Global sizes: 1344 x 1344 x 1344
[INFO] chuc-5.lille.grid5000.fr - Coordinator: Partition sizes: 668 x 668 x 1336
[INFO] chuc-5.lille.grid5000.fr - Coordinator: Worker 2 will handle source at local index 307542148
[INFO] chuc-5.lille.grid5000.fr - Coordinator: Sent partition info to worker 2
[INFO] chuc-5.lille.grid5000.fr - Coordinator: Worker 1 will handle source at local index 307091248
[INFO] chuc-5.lille.grid5000.fr - Coordinator: Sent partition info to worker 1
[INFO] chuc-5.lille.grid5000.fr - Coordinator: Worker 3 will handle source at local index 307090580
[INFO] chuc-5.lille.grid5000.fr - Coordinator: Sent partition info to worker 3
[INFO] chuc-5.lille.grid5000.fr - Coordinator: Coordinator initialized locally with sizes 676 x 676 x 1344
[INFO] chuc-5.lille.grid5000.fr - Coordinator: Starting worker process...
[INFO] chuc-5.lille.grid5000.fr - Coordinator: Starting 100 iterations with sizes 676 676 1344
CUDA source using device (0) NVIDIA A100-SXM4-40GB with compute capability 8.0
[INFO] chuc-5.lille.grid5000.fr - Worker 2: Local initialization complete
[INFO] chuc-5.lille.grid5000.fr - Worker 2: Local initialization complete.
[INFO] chuc-5.lille.grid5000.fr - Worker 2: Starting worker process...
[INFO] chuc-5.lille.grid5000.fr - Worker 2: Starting 100 iterations with sizes 676 676 1344
[INFO] chuc-5.lille.grid5000.fr - Worker 3: Local initialization complete
[INFO] chuc-5.lille.grid5000.fr - Worker 3: Local initialization complete.
[INFO] chuc-5.lille.grid5000.fr - Worker 3: Starting worker process...
[INFO] chuc-5.lille.grid5000.fr - Worker 3: Starting 100 iterations with sizes 676 676 1344
CUDA source using device (2) NVIDIA A100-SXM4-40GB with compute capability 8.0
CUDA source using device (3) NVIDIA A100-SXM4-40GB with compute capability 8.0
[INFO] chuc-5.lille.grid5000.fr - Worker 1: Local initialization complete
[INFO] chuc-5.lille.grid5000.fr - Worker 1: Local initialization complete.
[INFO] chuc-5.lille.grid5000.fr - Worker 1: Starting worker process...
[INFO] chuc-5.lille.grid5000.fr - Worker 1: Starting 100 iterations with sizes 676 676 1344
CUDA source using device (1) NVIDIA A100-SXM4-40GB with compute capability 8.0
rank,total_time,msamples_per_s
0,72.841087,841.762106
*,72.841087,3273.730718
3,51.715390,1199.364931
1,48.614829,1253.554758
2,51.773489,1199.525033
