[INFO] chuc-8.lille.grid5000.fr - Worker 13: Awaiting partition info from coordinator...
[INFO] chuc-8.lille.grid5000.fr - Worker 12: Awaiting partition info from coordinator...
[INFO] chuc-8.lille.grid5000.fr - Worker 15: Awaiting partition info from coordinator...
[INFO] chuc-3.lille.grid5000.fr - Worker 4: Awaiting partition info from coordinator...
[INFO] chuc-8.lille.grid5000.fr - Worker 14: Awaiting partition info from coordinator...
[INFO] chuc-3.lille.grid5000.fr - Worker 6: Awaiting partition info from coordinator...
[INFO] chuc-3.lille.grid5000.fr - Worker 5: Awaiting partition info from coordinator...
[INFO] chuc-3.lille.grid5000.fr - Worker 7: Awaiting partition info from coordinator...
[INFO] chuc-2.lille.grid5000.fr - Worker 1: Awaiting partition info from coordinator...
[INFO] chuc-2.lille.grid5000.fr - Coordinator: Distributing partition info to workers...
[INFO] chuc-2.lille.grid5000.fr - Coordinator: Distributing partition info to 16 workers...
[INFO] chuc-2.lille.grid5000.fr - Coordinator: Global sizes: 2176 x 2176 x 2176
[INFO] chuc-2.lille.grid5000.fr - Coordinator: Partition sizes: 542 x 1084 x 1084
[INFO] chuc-2.lille.grid5000.fr - Coordinator: Worker 4 will handle source at local index 654051746
[INFO] chuc-2.lille.grid5000.fr - Coordinator: Sent partition info to worker 4
[INFO] chuc-2.lille.grid5000.fr - Coordinator: Worker 8 will handle source at local index 654051204
[INFO] chuc-2.lille.grid5000.fr - Worker 2: Awaiting partition info from coordinator...
[INFO] chuc-2.lille.grid5000.fr - Worker 3: Awaiting partition info from coordinator...
[INFO] chuc-2.lille.grid5000.fr - Coordinator: Sent partition info to worker 8
[INFO] chuc-3.lille.grid5000.fr - Worker 4: Received partition info: local 550x1092x1092, global 2176x2176x2176
[INFO] chuc-7.lille.grid5000.fr - Worker 8: Awaiting partition info from coordinator...
[INFO] chuc-7.lille.grid5000.fr - Worker 10: Awaiting partition info from coordinator...
[INFO] chuc-7.lille.grid5000.fr - Worker 9: Awaiting partition info from coordinator...
[INFO] chuc-7.lille.grid5000.fr - Worker 11: Awaiting partition info from coordinator...
[INFO] chuc-7.lille.grid5000.fr - Worker 8: Received partition info: local 550x1092x1092, global 2176x2176x2176
[INFO] chuc-2.lille.grid5000.fr - Coordinator: Sent partition info to worker 12
[INFO] chuc-2.lille.grid5000.fr - Coordinator: Sent partition info to worker 2
[INFO] chuc-2.lille.grid5000.fr - Coordinator: Worker 6 will handle source at local index 653455546
[INFO] chuc-2.lille.grid5000.fr - Worker 2: Received partition info: local 550x1092x1092, global 2176x2176x2176
[INFO] chuc-8.lille.grid5000.fr - Worker 12: Received partition info: local 550x1092x1092, global 2176x2176x2176
[INFO] chuc-2.lille.grid5000.fr - Coordinator: Sent partition info to worker 6
[INFO] chuc-2.lille.grid5000.fr - Coordinator: Worker 10 will handle source at local index 653455004
[INFO] chuc-3.lille.grid5000.fr - Worker 6: Received partition info: local 550x1092x1092, global 2176x2176x2176
[INFO] chuc-2.lille.grid5000.fr - Coordinator: Sent partition info to worker 10
[INFO] chuc-7.lille.grid5000.fr - Worker 10: Received partition info: local 550x1092x1092, global 2176x2176x2176
[INFO] chuc-2.lille.grid5000.fr - Coordinator: Sent partition info to worker 14
[INFO] chuc-2.lille.grid5000.fr - Coordinator: Sent partition info to worker 1
[INFO] chuc-2.lille.grid5000.fr - Coordinator: Worker 5 will handle source at local index 3001346
[INFO] chuc-2.lille.grid5000.fr - Worker 1: Received partition info: local 550x1092x1092, global 2176x2176x2176
[INFO] chuc-8.lille.grid5000.fr - Worker 14: Received partition info: local 550x1092x1092, global 2176x2176x2176
[INFO] chuc-2.lille.grid5000.fr - Coordinator: Sent partition info to worker 5
[INFO] chuc-2.lille.grid5000.fr - Coordinator: Worker 9 will handle source at local index 3000804
[INFO] chuc-3.lille.grid5000.fr - Worker 5: Received partition info: local 550x1092x1092, global 2176x2176x2176
[INFO] chuc-2.lille.grid5000.fr - Coordinator: Sent partition info to worker 9
[INFO] chuc-7.lille.grid5000.fr - Worker 9: Received partition info: local 550x1092x1092, global 2176x2176x2176
[INFO] chuc-2.lille.grid5000.fr - Coordinator: Sent partition info to worker 13
[INFO] chuc-2.lille.grid5000.fr - Coordinator: Sent partition info to worker 3
[INFO] chuc-2.lille.grid5000.fr - Coordinator: Worker 7 will handle source at local index 2405146
[INFO] chuc-2.lille.grid5000.fr - Worker 3: Received partition info: local 550x1092x1092, global 2176x2176x2176
[INFO] chuc-8.lille.grid5000.fr - Worker 13: Received partition info: local 550x1092x1092, global 2176x2176x2176
[INFO] chuc-2.lille.grid5000.fr - Coordinator: Sent partition info to worker 7
[INFO] chuc-2.lille.grid5000.fr - Coordinator: Worker 11 will handle source at local index 2404604
[INFO] chuc-3.lille.grid5000.fr - Worker 7: Received partition info: local 550x1092x1092, global 2176x2176x2176
[INFO] chuc-2.lille.grid5000.fr - Coordinator: Sent partition info to worker 11
[INFO] chuc-7.lille.grid5000.fr - Worker 11: Received partition info: local 550x1092x1092, global 2176x2176x2176
[INFO] chuc-2.lille.grid5000.fr - Coordinator: Sent partition info to worker 15
[INFO] chuc-8.lille.grid5000.fr - Worker 15: Received partition info: local 550x1092x1092, global 2176x2176x2176
[INFO] chuc-2.lille.grid5000.fr - Coordinator: Coordinator initialized locally with sizes 550 x 1092 x 1092
[INFO] chuc-2.lille.grid5000.fr - Coordinator: Starting worker process...
[INFO] chuc-2.lille.grid5000.fr - Coordinator: Starting 100 iterations with sizes 550 1092 1092
CUDA source using device (0) NVIDIA A100-SXM4-40GB with compute capability 8.0
[INFO] chuc-7.lille.grid5000.fr - Worker 9: Local initialization complete
[INFO] chuc-7.lille.grid5000.fr - Worker 9: Local initialization complete.
[INFO] chuc-7.lille.grid5000.fr - Worker 9: Starting worker process...
[INFO] chuc-7.lille.grid5000.fr - Worker 9: Starting 100 iterations with sizes 550 1092 1092
[INFO] chuc-3.lille.grid5000.fr - Worker 5: Local initialization complete
[INFO] chuc-3.lille.grid5000.fr - Worker 5: Local initialization complete.
[INFO] chuc-3.lille.grid5000.fr - Worker 5: Starting worker process...
[INFO] chuc-3.lille.grid5000.fr - Worker 5: Starting 100 iterations with sizes 550 1092 1092
[INFO] chuc-7.lille.grid5000.fr - Worker 11: Local initialization complete
[INFO] chuc-7.lille.grid5000.fr - Worker 11: Local initialization complete.
[INFO] chuc-7.lille.grid5000.fr - Worker 11: Starting worker process...
[INFO] chuc-7.lille.grid5000.fr - Worker 11: Starting 100 iterations with sizes 550 1092 1092
[INFO] chuc-3.lille.grid5000.fr - Worker 7: Local initialization complete
[INFO] chuc-3.lille.grid5000.fr - Worker 7: Local initialization complete.
[INFO] chuc-3.lille.grid5000.fr - Worker 7: Starting worker process...
[INFO] chuc-3.lille.grid5000.fr - Worker 7: Starting 100 iterations with sizes 550 1092 1092
[INFO] chuc-3.lille.grid5000.fr - Worker 4: Local initialization complete
[INFO] chuc-3.lille.grid5000.fr - Worker 4: Local initialization complete.
[INFO] chuc-3.lille.grid5000.fr - Worker 4: Starting worker process...
[INFO] chuc-3.lille.grid5000.fr - Worker 4: Starting 100 iterations with sizes 550 1092 1092
[INFO] chuc-8.lille.grid5000.fr - Worker 13: Local initialization complete
[INFO] chuc-8.lille.grid5000.fr - Worker 13: Local initialization complete.
[INFO] chuc-8.lille.grid5000.fr - Worker 13: Starting worker process...
[INFO] chuc-8.lille.grid5000.fr - Worker 13: Starting 100 iterations with sizes 550 1092 1092
[INFO] chuc-2.lille.grid5000.fr - Worker 3: Local initialization complete
[INFO] chuc-2.lille.grid5000.fr - Worker 3: Local initialization complete.
[INFO] chuc-2.lille.grid5000.fr - Worker 3: Starting worker process...
[INFO] chuc-2.lille.grid5000.fr - Worker 3: Starting 100 iterations with sizes 550 1092 1092
[INFO] chuc-2.lille.grid5000.fr - Worker 1: Local initialization complete
[INFO] chuc-2.lille.grid5000.fr - Worker 1: Local initialization complete.
[INFO] chuc-2.lille.grid5000.fr - Worker 1: Starting worker process...
[INFO] chuc-2.lille.grid5000.fr - Worker 1: Starting 100 iterations with sizes 550 1092 1092
[INFO] chuc-8.lille.grid5000.fr - Worker 15: Local initialization complete
[INFO] chuc-8.lille.grid5000.fr - Worker 15: Local initialization complete.
[INFO] chuc-8.lille.grid5000.fr - Worker 15: Starting worker process...
[INFO] chuc-8.lille.grid5000.fr - Worker 15: Starting 100 iterations with sizes 550 1092 1092
[INFO] chuc-2.lille.grid5000.fr - Worker 2: Local initialization complete
[INFO] chuc-2.lille.grid5000.fr - Worker 2: Local initialization complete.
[INFO] chuc-2.lille.grid5000.fr - Worker 2: Starting worker process...
[INFO] chuc-2.lille.grid5000.fr - Worker 2: Starting 100 iterations with sizes 550 1092 1092
[INFO] chuc-8.lille.grid5000.fr - Worker 12: Local initialization complete
[INFO] chuc-8.lille.grid5000.fr - Worker 12: Local initialization complete.
[INFO] chuc-8.lille.grid5000.fr - Worker 12: Starting worker process...
[INFO] chuc-8.lille.grid5000.fr - Worker 12: Starting 100 iterations with sizes 550 1092 1092
CUDA source using device (1) NVIDIA A100-SXM4-40GB with compute capability 8.0
CUDA source using device (3) NVIDIA A100-SXM4-40GB with compute capability 8.0
CUDA source using device (3) NVIDIA A100-SXM4-40GB with compute capability 8.0
CUDA source using device (1) NVIDIA A100-SXM4-40GB with compute capability 8.0
CUDA source using device (2) NVIDIA A100-SXM4-40GB with compute capability 8.0
CUDA source using device (1) NVIDIA A100-SXM4-40GB with compute capability 8.0
[INFO] chuc-7.lille.grid5000.fr - Worker 10: Local initialization complete
[INFO] chuc-7.lille.grid5000.fr - Worker 10: Local initialization complete.
[INFO] chuc-7.lille.grid5000.fr - Worker 10: Starting worker process...
[INFO] chuc-7.lille.grid5000.fr - Worker 10: Starting 100 iterations with sizes 550 1092 1092
CUDA source using device (0) NVIDIA A100-SXM4-40GB with compute capability 8.0
CUDA source using device (3) NVIDIA A100-SXM4-40GB with compute capability 8.0
CUDA source using device (1) NVIDIA A100-SXM4-40GB with compute capability 8.0
CUDA source using device (3) NVIDIA A100-SXM4-40GB with compute capability 8.0
CUDA source using device (0) NVIDIA A100-SXM4-40GB with compute capability 8.0
CUDA source using device (2) NVIDIA A100-SXM4-40GB with compute capability 8.0
[INFO] chuc-3.lille.grid5000.fr - Worker 6: Local initialization complete
[INFO] chuc-3.lille.grid5000.fr - Worker 6: Local initialization complete.
[INFO] chuc-3.lille.grid5000.fr - Worker 6: Starting worker process...
[INFO] chuc-3.lille.grid5000.fr - Worker 6: Starting 100 iterations with sizes 550 1092 1092
CUDA source using device (2) NVIDIA A100-SXM4-40GB with compute capability 8.0
[INFO] chuc-8.lille.grid5000.fr - Worker 14: Local initialization complete
[INFO] chuc-8.lille.grid5000.fr - Worker 14: Local initialization complete.
[INFO] chuc-8.lille.grid5000.fr - Worker 14: Starting worker process...
[INFO] chuc-8.lille.grid5000.fr - Worker 14: Starting 100 iterations with sizes 550 1092 1092
CUDA source using device (2) NVIDIA A100-SXM4-40GB with compute capability 8.0
[INFO] chuc-7.lille.grid5000.fr - Worker 8: Local initialization complete
[INFO] chuc-7.lille.grid5000.fr - Worker 8: Local initialization complete.
[INFO] chuc-7.lille.grid5000.fr - Worker 8: Starting worker process...
[INFO] chuc-7.lille.grid5000.fr - Worker 8: Starting 100 iterations with sizes 550 1092 1092
CUDA source using device (0) NVIDIA A100-SXM4-40GB with compute capability 8.0
rank,total_time,msamples_per_s
0,294.008419,218.146889
*,294.008419,3465.916268
1,270.978332,237.536860
3,271.418616,237.155527
2,269.789833,238.526913
12,271.135249,238.977466
15,272.609026,237.749963
13,272.636883,237.787068
14,265.027840,241.617023
9,272.819386,236.405019
6,265.636601,240.779091
8,263.256847,242.961606
5,272.245303,237.464497
11,272.506272,236.426742
4,271.109552,238.267853
10,269.762575,237.905164
7,272.421865,237.256723
