[INFO] chuc-4.lille.grid5000.fr - Worker 1: Awaiting partition info from coordinator...
[INFO] chuc-4.lille.grid5000.fr - Coordinator: Distributing partition info to workers...
[INFO] chuc-4.lille.grid5000.fr - Coordinator: Distributing partition info to 8 workers...
[INFO] chuc-4.lille.grid5000.fr - Coordinator: Global sizes: 1792 x 1792 x 1792
[INFO] chuc-4.lille.grid5000.fr - Coordinator: Partition sizes: 892 x 892 x 892
[INFO] chuc-4.lille.grid5000.fr - Coordinator: Worker 4 will handle source at local index 726566404
[INFO] chuc-4.lille.grid5000.fr - Coordinator: Sent partition info to worker 4
[INFO] chuc-4.lille.grid5000.fr - Coordinator: Worker 2 will handle source at local index 725764496
[INFO] chuc-4.lille.grid5000.fr - Coordinator: Sent partition info to worker 2
[INFO] chuc-4.lille.grid5000.fr - Coordinator: Worker 6 will handle source at local index 725763604
[INFO] chuc-4.lille.grid5000.fr - Worker 3: Awaiting partition info from coordinator...
[INFO] chuc-4.lille.grid5000.fr - Worker 2: Awaiting partition info from coordinator...
[INFO] chuc-4.lille.grid5000.fr - Worker 2: Received partition info: local 900x900x900, global 1792x1792x1792
[INFO] chuc-7.lille.grid5000.fr - Worker 7: Awaiting partition info from coordinator...
[INFO] chuc-7.lille.grid5000.fr - Worker 4: Awaiting partition info from coordinator...
[INFO] chuc-7.lille.grid5000.fr - Worker 4: Received partition info: local 900x900x900, global 1792x1792x1792
[INFO] chuc-7.lille.grid5000.fr - Worker 5: Awaiting partition info from coordinator...
[INFO] chuc-7.lille.grid5000.fr - Worker 6: Awaiting partition info from coordinator...
[INFO] chuc-4.lille.grid5000.fr - Coordinator: Sent partition info to worker 6
[INFO] chuc-4.lille.grid5000.fr - Coordinator: Worker 1 will handle source at local index 4047296
[INFO] chuc-4.lille.grid5000.fr - Worker 1: Received partition info: local 900x900x900, global 1792x1792x1792
[INFO] chuc-4.lille.grid5000.fr - Coordinator: Sent partition info to worker 1
[INFO] chuc-4.lille.grid5000.fr - Coordinator: Worker 5 will handle source at local index 4046404
[INFO] chuc-7.lille.grid5000.fr - Worker 6: Received partition info: local 900x900x900, global 1792x1792x1792
[INFO] chuc-4.lille.grid5000.fr - Coordinator: Sent partition info to worker 5
[INFO] chuc-4.lille.grid5000.fr - Coordinator: Worker 3 will handle source at local index 3244496
[INFO] chuc-4.lille.grid5000.fr - Coordinator: Sent partition info to worker 3
[INFO] chuc-4.lille.grid5000.fr - Coordinator: Worker 7 will handle source at local index 3243604
[INFO] chuc-4.lille.grid5000.fr - Worker 3: Received partition info: local 900x900x900, global 1792x1792x1792
[INFO] chuc-7.lille.grid5000.fr - Worker 5: Received partition info: local 900x900x900, global 1792x1792x1792
[INFO] chuc-4.lille.grid5000.fr - Coordinator: Sent partition info to worker 7
[INFO] chuc-7.lille.grid5000.fr - Worker 7: Received partition info: local 900x900x900, global 1792x1792x1792
[INFO] chuc-4.lille.grid5000.fr - Coordinator: Coordinator initialized locally with sizes 900 x 900 x 900
[INFO] chuc-4.lille.grid5000.fr - Coordinator: Starting worker process...
[INFO] chuc-4.lille.grid5000.fr - Coordinator: Starting 100 iterations with sizes 900 900 900
CUDA source using device (0) NVIDIA A100-SXM4-40GB with compute capability 8.0
[INFO] chuc-7.lille.grid5000.fr - Worker 6: Local initialization complete
[INFO] chuc-7.lille.grid5000.fr - Worker 6: Local initialization complete.
[INFO] chuc-7.lille.grid5000.fr - Worker 6: Starting worker process...
[INFO] chuc-7.lille.grid5000.fr - Worker 6: Starting 100 iterations with sizes 900 900 900
[INFO] chuc-4.lille.grid5000.fr - Worker 1: Local initialization complete
[INFO] chuc-4.lille.grid5000.fr - Worker 1: Local initialization complete.
[INFO] chuc-4.lille.grid5000.fr - Worker 1: Starting worker process...
[INFO] chuc-4.lille.grid5000.fr - Worker 1: Starting 100 iterations with sizes 900 900 900
[INFO] chuc-7.lille.grid5000.fr - Worker 5: Local initialization complete
[INFO] chuc-7.lille.grid5000.fr - Worker 5: Local initialization complete.
[INFO] chuc-7.lille.grid5000.fr - Worker 5: Starting worker process...
[INFO] chuc-7.lille.grid5000.fr - Worker 5: Starting 100 iterations with sizes 900 900 900
CUDA source using device (1) NVIDIA A100-SXM4-40GB with compute capability 8.0
[INFO] chuc-4.lille.grid5000.fr - Worker 2: Local initialization complete
[INFO] chuc-4.lille.grid5000.fr - Worker 2: Local initialization complete.
[INFO] chuc-4.lille.grid5000.fr - Worker 2: Starting worker process...
[INFO] chuc-4.lille.grid5000.fr - Worker 2: Starting 100 iterations with sizes 900 900 900
CUDA source using device (2) NVIDIA A100-SXM4-40GB with compute capability 8.0
CUDA source using device (2) NVIDIA A100-SXM4-40GB with compute capability 8.0
CUDA source using device (1) NVIDIA A100-SXM4-40GB with compute capability 8.0
[INFO] chuc-7.lille.grid5000.fr - Worker 4: Local initialization complete
[INFO] chuc-7.lille.grid5000.fr - Worker 4: Local initialization complete.
[INFO] chuc-7.lille.grid5000.fr - Worker 4: Starting worker process...
[INFO] chuc-7.lille.grid5000.fr - Worker 4: Starting 100 iterations with sizes 900 900 900
CUDA source using device (0) NVIDIA A100-SXM4-40GB with compute capability 8.0
[INFO] chuc-4.lille.grid5000.fr - Worker 3: Local initialization complete
[INFO] chuc-4.lille.grid5000.fr - Worker 3: Local initialization complete.
[INFO] chuc-4.lille.grid5000.fr - Worker 3: Starting worker process...
[INFO] chuc-4.lille.grid5000.fr - Worker 3: Starting 100 iterations with sizes 900 900 900
CUDA source using device (3) NVIDIA A100-SXM4-40GB with compute capability 8.0
[INFO] chuc-7.lille.grid5000.fr - Worker 7: Local initialization complete
[INFO] chuc-7.lille.grid5000.fr - Worker 7: Local initialization complete.
[INFO] chuc-7.lille.grid5000.fr - Worker 7: Starting worker process...
[INFO] chuc-7.lille.grid5000.fr - Worker 7: Starting 100 iterations with sizes 900 900 900
CUDA source using device (3) NVIDIA A100-SXM4-40GB with compute capability 8.0
rank,total_time,msamples_per_s
2,63.666007,1147.168829
0,78.036947,935.909429
*,78.036947,7275.859092
3,57.437873,1262.454757
1,64.121824,1140.541512
7,52.891510,1371.820272
6,64.153501,1166.646450
5,63.997102,1167.039768
4,61.208839,1186.083706
