[INFO] chuc-2.lille.grid5000.fr - Coordinator: Distributing partition info to workers...
[INFO] chuc-2.lille.grid5000.fr - Coordinator: Distributing partition info to 20 workers...
[INFO] chuc-2.lille.grid5000.fr - Coordinator: Global sizes: 968 x 968 x 968
[INFO] chuc-2.lille.grid5000.fr - Coordinator: Partition sizes: 960 x 960 x 48
[INFO] chuc-2.lille.grid5000.fr - Coordinator: Sent partition info to worker 1
[INFO] chuc-2.lille.grid5000.fr - Worker 1: Awaiting partition info from coordinator...
[INFO] chuc-2.lille.grid5000.fr - Worker 1: Received partition info: local 968x968x56, global 968x968x968
[INFO] chuc-2.lille.grid5000.fr - Worker 2: Awaiting partition info from coordinator...
[INFO] chuc-2.lille.grid5000.fr - Worker 2: Received partition info: local 968x968x56, global 968x968x968
[INFO] chuc-2.lille.grid5000.fr - Worker 3: Awaiting partition info from coordinator...
[INFO] chuc-2.lille.grid5000.fr - Worker 3: Received partition info: local 968x968x56, global 968x968x968
[INFO] chuc-2.lille.grid5000.fr - Coordinator: Sent partition info to worker 2
[INFO] chuc-2.lille.grid5000.fr - Coordinator: Sent partition info to worker 3
[INFO] chuc-2.lille.grid5000.fr - Coordinator: Sent partition info to worker 4
[INFO] chuc-6.lille.grid5000.fr - Worker 14: Awaiting partition info from coordinator...
[INFO] chuc-4.lille.grid5000.fr - Worker 8: Awaiting partition info from coordinator...
[INFO] chuc-3.lille.grid5000.fr - Worker 4: Awaiting partition info from coordinator...
[INFO] chuc-6.lille.grid5000.fr - Worker 13: Awaiting partition info from coordinator...
[INFO] chuc-4.lille.grid5000.fr - Worker 10: Awaiting partition info from coordinator...
[INFO] chuc-3.lille.grid5000.fr - Worker 5: Awaiting partition info from coordinator...
[INFO] chuc-8.lille.grid5000.fr - Worker 17: Awaiting partition info from coordinator...
[INFO] chuc-6.lille.grid5000.fr - Worker 12: Awaiting partition info from coordinator...
[INFO] chuc-4.lille.grid5000.fr - Worker 11: Awaiting partition info from coordinator...
[INFO] chuc-3.lille.grid5000.fr - Worker 6: Awaiting partition info from coordinator...
[INFO] chuc-8.lille.grid5000.fr - Worker 16: Awaiting partition info from coordinator...
[INFO] chuc-6.lille.grid5000.fr - Worker 15: Awaiting partition info from coordinator...
[INFO] chuc-4.lille.grid5000.fr - Worker 9: Awaiting partition info from coordinator...
[INFO] chuc-3.lille.grid5000.fr - Worker 7: Awaiting partition info from coordinator...
[INFO] chuc-8.lille.grid5000.fr - Worker 18: Awaiting partition info from coordinator...
[INFO] chuc-3.lille.grid5000.fr - Worker 4: Received partition info: local 968x968x56, global 968x968x968
[INFO] chuc-8.lille.grid5000.fr - Worker 19: Awaiting partition info from coordinator...
[INFO] chuc-2.lille.grid5000.fr - Coordinator: Sent partition info to worker 5
[INFO] chuc-3.lille.grid5000.fr - Worker 5: Received partition info: local 968x968x56, global 968x968x968
[INFO] chuc-2.lille.grid5000.fr - Coordinator: Sent partition info to worker 6
[INFO] chuc-3.lille.grid5000.fr - Worker 6: Received partition info: local 968x968x56, global 968x968x968
[INFO] chuc-2.lille.grid5000.fr - Coordinator: Sent partition info to worker 7
[INFO] chuc-2.lille.grid5000.fr - Coordinator: Sent partition info to worker 8
[INFO] chuc-2.lille.grid5000.fr - Coordinator: Worker 9 will handle source at local index 49194244
[INFO] chuc-3.lille.grid5000.fr - Worker 7: Received partition info: local 968x968x56, global 968x968x968
[INFO] chuc-4.lille.grid5000.fr - Worker 8: Received partition info: local 968x968x56, global 968x968x968
[INFO] chuc-2.lille.grid5000.fr - Coordinator: Sent partition info to worker 9
[INFO] chuc-2.lille.grid5000.fr - Coordinator: Worker 10 will handle source at local index 4217092
[INFO] chuc-4.lille.grid5000.fr - Worker 9: Received partition info: local 968x968x56, global 968x968x968
[INFO] chuc-2.lille.grid5000.fr - Coordinator: Sent partition info to worker 10
[INFO] chuc-4.lille.grid5000.fr - Worker 10: Received partition info: local 968x968x56, global 968x968x968
[INFO] chuc-2.lille.grid5000.fr - Coordinator: Sent partition info to worker 11
[INFO] chuc-2.lille.grid5000.fr - Coordinator: Sent partition info to worker 12
[INFO] chuc-6.lille.grid5000.fr - Worker 12: Received partition info: local 968x968x56, global 968x968x968
[INFO] chuc-4.lille.grid5000.fr - Worker 11: Received partition info: local 968x968x56, global 968x968x968
[INFO] chuc-2.lille.grid5000.fr - Coordinator: Sent partition info to worker 13
[INFO] chuc-6.lille.grid5000.fr - Worker 13: Received partition info: local 968x968x56, global 968x968x968
[INFO] chuc-2.lille.grid5000.fr - Coordinator: Sent partition info to worker 14
[INFO] chuc-6.lille.grid5000.fr - Worker 14: Received partition info: local 968x968x56, global 968x968x968
[INFO] chuc-2.lille.grid5000.fr - Coordinator: Sent partition info to worker 15
[INFO] chuc-2.lille.grid5000.fr - Coordinator: Sent partition info to worker 16
[INFO] chuc-6.lille.grid5000.fr - Worker 15: Received partition info: local 968x968x56, global 968x968x968
[INFO] chuc-8.lille.grid5000.fr - Worker 16: Received partition info: local 968x968x56, global 968x968x968
[INFO] chuc-2.lille.grid5000.fr - Coordinator: Sent partition info to worker 17
[INFO] chuc-2.lille.grid5000.fr - Coordinator: Sent partition info to worker 18
[INFO] chuc-2.lille.grid5000.fr - Coordinator: Sent partition info to worker 19
[INFO] chuc-8.lille.grid5000.fr - Worker 17: Received partition info: local 968x968x56, global 968x968x968
[INFO] chuc-8.lille.grid5000.fr - Worker 18: Received partition info: local 968x968x56, global 968x968x968
[INFO] chuc-8.lille.grid5000.fr - Worker 19: Received partition info: local 968x968x56, global 968x968x968
[INFO] chuc-2.lille.grid5000.fr - Coordinator: Coordinator initialized locally with sizes 968 x 968 x 56
[INFO] chuc-2.lille.grid5000.fr - Coordinator: Starting worker process...
[INFO] chuc-2.lille.grid5000.fr - Coordinator: Starting 100 iterations with sizes 968 968 56
CUDA source using device (0) NVIDIA A100-SXM4-40GB with compute capability 8.0
[INFO] chuc-3.lille.grid5000.fr - Worker 5: Local initialization complete
[INFO] chuc-3.lille.grid5000.fr - Worker 5: Local initialization complete.
[INFO] chuc-3.lille.grid5000.fr - Worker 5: Starting worker process...
[INFO] chuc-3.lille.grid5000.fr - Worker 5: Starting 100 iterations with sizes 968 968 56
[INFO] chuc-2.lille.grid5000.fr - Worker 1: Local initialization complete
[INFO] chuc-2.lille.grid5000.fr - Worker 1: Local initialization complete.
[INFO] chuc-2.lille.grid5000.fr - Worker 1: Starting worker process...
[INFO] chuc-2.lille.grid5000.fr - Worker 1: Starting 100 iterations with sizes 968 968 56
[INFO] chuc-6.lille.grid5000.fr - Worker 15: Local initialization complete
[INFO] chuc-6.lille.grid5000.fr - Worker 15: Local initialization complete.
[INFO] chuc-6.lille.grid5000.fr - Worker 15: Starting worker process...
[INFO] chuc-6.lille.grid5000.fr - Worker 15: Starting 100 iterations with sizes 968 968 56
[INFO] chuc-6.lille.grid5000.fr - Worker 13: Local initialization complete
[INFO] chuc-6.lille.grid5000.fr - Worker 13: Local initialization complete.
[INFO] chuc-6.lille.grid5000.fr - Worker 13: Starting worker process...
[INFO] chuc-6.lille.grid5000.fr - Worker 13: Starting 100 iterations with sizes 968 968 56
[INFO] chuc-2.lille.grid5000.fr - Worker 2: Local initialization complete
[INFO] chuc-2.lille.grid5000.fr - Worker 2: Local initialization complete.
[INFO] chuc-2.lille.grid5000.fr - Worker 2: Starting worker process...
[INFO] chuc-2.lille.grid5000.fr - Worker 2: Starting 100 iterations with sizes 968 968 56
[INFO] chuc-2.lille.grid5000.fr - Worker 3: Local initialization complete
[INFO] chuc-2.lille.grid5000.fr - Worker 3: Local initialization complete.
[INFO] chuc-2.lille.grid5000.fr - Worker 3: Starting worker process...
[INFO] chuc-2.lille.grid5000.fr - Worker 3: Starting 100 iterations with sizes 968 968 56
[INFO] chuc-4.lille.grid5000.fr - Worker 8: Local initialization complete
[INFO] chuc-4.lille.grid5000.fr - Worker 8: Local initialization complete.
[INFO] chuc-4.lille.grid5000.fr - Worker 8: Starting worker process...
[INFO] chuc-4.lille.grid5000.fr - Worker 8: Starting 100 iterations with sizes 968 968 56
[INFO] chuc-3.lille.grid5000.fr - Worker 4: Local initialization complete
[INFO] chuc-3.lille.grid5000.fr - Worker 4: Local initialization complete.
[INFO] chuc-3.lille.grid5000.fr - Worker 4: Starting worker process...
[INFO] chuc-3.lille.grid5000.fr - Worker 4: Starting 100 iterations with sizes 968 968 56
[INFO] chuc-4.lille.grid5000.fr - Worker 10: Local initialization complete
[INFO] chuc-4.lille.grid5000.fr - Worker 10: Local initialization complete.
[INFO] chuc-4.lille.grid5000.fr - Worker 10: Starting worker process...
[INFO] chuc-4.lille.grid5000.fr - Worker 10: Starting 100 iterations with sizes 968 968 56
[INFO] chuc-6.lille.grid5000.fr - Worker 12: Local initialization complete
[INFO] chuc-6.lille.grid5000.fr - Worker 12: Local initialization complete.
[INFO] chuc-6.lille.grid5000.fr - Worker 12: Starting worker process...
[INFO] chuc-6.lille.grid5000.fr - Worker 12: Starting 100 iterations with sizes 968 968 56
[INFO] chuc-4.lille.grid5000.fr - Worker 11: Local initialization complete
[INFO] chuc-4.lille.grid5000.fr - Worker 11: Local initialization complete.
[INFO] chuc-4.lille.grid5000.fr - Worker 11: Starting worker process...
[INFO] chuc-4.lille.grid5000.fr - Worker 11: Starting 100 iterations with sizes 968 968 56
[INFO] chuc-3.lille.grid5000.fr - Worker 7: Local initialization complete
[INFO] chuc-3.lille.grid5000.fr - Worker 7: Local initialization complete.
[INFO] chuc-3.lille.grid5000.fr - Worker 7: Starting worker process...
[INFO] chuc-3.lille.grid5000.fr - Worker 7: Starting 100 iterations with sizes 968 968 56
[INFO] chuc-3.lille.grid5000.fr - Worker 6: Local initialization complete
[INFO] chuc-3.lille.grid5000.fr - Worker 6: Local initialization complete.
[INFO] chuc-3.lille.grid5000.fr - Worker 6: Starting worker process...
[INFO] chuc-3.lille.grid5000.fr - Worker 6: Starting 100 iterations with sizes 968 968 56
[INFO] chuc-6.lille.grid5000.fr - Worker 14: Local initialization complete
[INFO] chuc-6.lille.grid5000.fr - Worker 14: Local initialization complete.
[INFO] chuc-6.lille.grid5000.fr - Worker 14: Starting worker process...
[INFO] chuc-6.lille.grid5000.fr - Worker 14: Starting 100 iterations with sizes 968 968 56
[INFO] chuc-4.lille.grid5000.fr - Worker 9: Local initialization complete
[INFO] chuc-4.lille.grid5000.fr - Worker 9: Local initialization complete.
[INFO] chuc-4.lille.grid5000.fr - Worker 9: Starting worker process...
[INFO] chuc-4.lille.grid5000.fr - Worker 9: Starting 100 iterations with sizes 968 968 56
[INFO] chuc-8.lille.grid5000.fr - Worker 17: Local initialization complete
[INFO] chuc-8.lille.grid5000.fr - Worker 17: Local initialization complete.
[INFO] chuc-8.lille.grid5000.fr - Worker 17: Starting worker process...
[INFO] chuc-8.lille.grid5000.fr - Worker 17: Starting 100 iterations with sizes 968 968 56
[INFO] chuc-8.lille.grid5000.fr - Worker 18: Local initialization complete
[INFO] chuc-8.lille.grid5000.fr - Worker 18: Local initialization complete.
[INFO] chuc-8.lille.grid5000.fr - Worker 18: Starting worker process...
[INFO] chuc-8.lille.grid5000.fr - Worker 18: Starting 100 iterations with sizes 968 968 56
[INFO] chuc-8.lille.grid5000.fr - Worker 19: Local initialization complete
[INFO] chuc-8.lille.grid5000.fr - Worker 19: Local initialization complete.
[INFO] chuc-8.lille.grid5000.fr - Worker 19: Starting worker process...
[INFO] chuc-8.lille.grid5000.fr - Worker 19: Starting 100 iterations with sizes 968 968 56
CUDA source using device (3) NVIDIA A100-SXM4-40GB with compute capability 8.0
CUDA source using device (1) NVIDIA A100-SXM4-40GB with compute capability 8.0
CUDA source using device (2) NVIDIA A100-SXM4-40GB with compute capability 8.0
[INFO] chuc-8.lille.grid5000.fr - Worker 16: Local initialization complete
[INFO] chuc-8.lille.grid5000.fr - Worker 16: Local initialization complete.
[INFO] chuc-8.lille.grid5000.fr - Worker 16: Starting worker process...
[INFO] chuc-8.lille.grid5000.fr - Worker 16: Starting 100 iterations with sizes 968 968 56
CUDA source using device (1) NVIDIA A100-SXM4-40GB with compute capability 8.0
CUDA source using device (3) NVIDIA A100-SXM4-40GB with compute capability 8.0
CUDA source using device (0) NVIDIA A100-SXM4-40GB with compute capability 8.0
CUDA source using device (2) NVIDIA A100-SXM4-40GB with compute capability 8.0
CUDA source using device (2) NVIDIA A100-SXM4-40GB with compute capability 8.0
CUDA source using device (0) NVIDIA A100-SXM4-40GB with compute capability 8.0
CUDA source using device (3) NVIDIA A100-SXM4-40GB with compute capability 8.0
CUDA source using device (1) NVIDIA A100-SXM4-40GB with compute capability 8.0
CUDA source using device (0) NVIDIA A100-SXM4-40GB with compute capability 8.0
CUDA source using device (1) NVIDIA A100-SXM4-40GB with compute capability 8.0
CUDA source using device (2) NVIDIA A100-SXM4-40GB with compute capability 8.0
CUDA source using device (3) NVIDIA A100-SXM4-40GB with compute capability 8.0
CUDA source using device (1) NVIDIA A100-SXM4-40GB with compute capability 8.0
CUDA source using device (2) NVIDIA A100-SXM4-40GB with compute capability 8.0
CUDA source using device (3) NVIDIA A100-SXM4-40GB with compute capability 8.0
CUDA source using device (0) NVIDIA A100-SXM4-40GB with compute capability 8.0
rank,total_time,msamples_per_s
0,11.815138,422.256192
*,11.815138,7488.156039
1,9.601348,522.318078
2,9.638086,518.482624
3,9.635769,517.257339
12,9.854123,583.379089
8,9.804702,585.274135
15,10.023937,572.825984
10,9.838657,584.306192
14,9.680732,575.134386
9,9.393029,585.698254
13,9.995456,574.465122
11,9.831652,583.603978
4,9.680198,599.794710
16,8.885045,622.663607
6,9.536764,595.804344
19,9.381723,617.067947
7,9.713178,595.894844
18,9.622597,616.493560
5,9.780535,596.650512
17,9.642176,610.761956
