[INFO] chuc-2.lille.grid5000.fr - Worker 2: Awaiting partition info from coordinator...
[INFO] chuc-2.lille.grid5000.fr - Coordinator: Distributing partition info to workers...
[INFO] chuc-2.lille.grid5000.fr - Coordinator: Distributing partition info to 24 workers...
[INFO] chuc-2.lille.grid5000.fr - Coordinator: Global sizes: 968 x 968 x 968
[INFO] chuc-2.lille.grid5000.fr - Coordinator: Partition sizes: 160 x 480 x 480
[INFO] chuc-2.lille.grid5000.fr - Coordinator: Sent partition info to worker 4
[INFO] chuc-2.lille.grid5000.fr - Coordinator: Worker 8 will handle source at local index 39761732
[INFO] chuc-2.lille.grid5000.fr - Coordinator: Sent partition info to worker 8
[INFO] chuc-2.lille.grid5000.fr - Coordinator: Worker 12 will handle source at local index 39761572
[INFO] chuc-2.lille.grid5000.fr - Worker 1: Awaiting partition info from coordinator...
[INFO] chuc-2.lille.grid5000.fr - Worker 3: Awaiting partition info from coordinator...
[INFO] chuc-7.lille.grid5000.fr - Worker 18: Awaiting partition info from coordinator...
[INFO] chuc-6.lille.grid5000.fr - Worker 12: Awaiting partition info from coordinator...
[INFO] chuc-4.lille.grid5000.fr - Worker 10: Awaiting partition info from coordinator...
[INFO] chuc-7.lille.grid5000.fr - Worker 16: Awaiting partition info from coordinator...
[INFO] chuc-6.lille.grid5000.fr - Worker 14: Awaiting partition info from coordinator...
[INFO] chuc-4.lille.grid5000.fr - Worker 8: Awaiting partition info from coordinator...
[INFO] chuc-4.lille.grid5000.fr - Worker 8: Received partition info: local 168x488x488, global 968x968x968
[INFO] chuc-7.lille.grid5000.fr - Worker 17: Awaiting partition info from coordinator...
[INFO] chuc-6.lille.grid5000.fr - Worker 13: Awaiting partition info from coordinator...
[INFO] chuc-4.lille.grid5000.fr - Worker 11: Awaiting partition info from coordinator...
[INFO] chuc-7.lille.grid5000.fr - Worker 19: Awaiting partition info from coordinator...
[INFO] chuc-6.lille.grid5000.fr - Worker 15: Awaiting partition info from coordinator...
[INFO] chuc-4.lille.grid5000.fr - Worker 9: Awaiting partition info from coordinator...
[INFO] chuc-8.lille.grid5000.fr - Worker 22: Awaiting partition info from coordinator...
[INFO] chuc-8.lille.grid5000.fr - Worker 20: Awaiting partition info from coordinator...
[INFO] chuc-8.lille.grid5000.fr - Worker 21: Awaiting partition info from coordinator...
[INFO] chuc-8.lille.grid5000.fr - Worker 23: Awaiting partition info from coordinator...
[INFO] chuc-3.lille.grid5000.fr - Worker 4: Awaiting partition info from coordinator...
[INFO] chuc-3.lille.grid5000.fr - Worker 4: Received partition info: local 168x488x488, global 968x968x968
[INFO] chuc-3.lille.grid5000.fr - Worker 6: Awaiting partition info from coordinator...
[INFO] chuc-3.lille.grid5000.fr - Worker 5: Awaiting partition info from coordinator...
[INFO] chuc-3.lille.grid5000.fr - Worker 7: Awaiting partition info from coordinator...
[INFO] chuc-2.lille.grid5000.fr - Coordinator: Sent partition info to worker 12
[INFO] chuc-2.lille.grid5000.fr - Coordinator: Sent partition info to worker 16
[INFO] chuc-2.lille.grid5000.fr - Coordinator: Sent partition info to worker 20
[INFO] chuc-2.lille.grid5000.fr - Coordinator: Sent partition info to worker 2
[INFO] chuc-2.lille.grid5000.fr - Worker 2: Received partition info: local 168x488x488, global 968x968x968
[INFO] chuc-6.lille.grid5000.fr - Worker 12: Received partition info: local 168x488x488, global 968x968x968
[INFO] chuc-7.lille.grid5000.fr - Worker 16: Received partition info: local 168x488x488, global 968x968x968
[INFO] chuc-8.lille.grid5000.fr - Worker 20: Received partition info: local 168x488x488, global 968x968x968
[INFO] chuc-2.lille.grid5000.fr - Coordinator: Sent partition info to worker 6
[INFO] chuc-2.lille.grid5000.fr - Coordinator: Worker 10 will handle source at local index 39681092
[INFO] chuc-3.lille.grid5000.fr - Worker 6: Received partition info: local 168x488x488, global 968x968x968
[INFO] chuc-2.lille.grid5000.fr - Coordinator: Sent partition info to worker 10
[INFO] chuc-2.lille.grid5000.fr - Coordinator: Worker 14 will handle source at local index 39680932
[INFO] chuc-4.lille.grid5000.fr - Worker 10: Received partition info: local 168x488x488, global 968x968x968
[INFO] chuc-2.lille.grid5000.fr - Coordinator: Sent partition info to worker 14
[INFO] chuc-6.lille.grid5000.fr - Worker 14: Received partition info: local 168x488x488, global 968x968x968
[INFO] chuc-2.lille.grid5000.fr - Coordinator: Sent partition info to worker 18
[INFO] chuc-2.lille.grid5000.fr - Coordinator: Sent partition info to worker 22
[INFO] chuc-2.lille.grid5000.fr - Coordinator: Sent partition info to worker 1
[INFO] chuc-2.lille.grid5000.fr - Worker 1: Received partition info: local 168x488x488, global 968x968x968
[INFO] chuc-7.lille.grid5000.fr - Worker 18: Received partition info: local 168x488x488, global 968x968x968
[INFO] chuc-8.lille.grid5000.fr - Worker 22: Received partition info: local 168x488x488, global 968x968x968
[INFO] chuc-2.lille.grid5000.fr - Coordinator: Sent partition info to worker 5
[INFO] chuc-2.lille.grid5000.fr - Coordinator: Worker 9 will handle source at local index 409412
[INFO] chuc-3.lille.grid5000.fr - Worker 5: Received partition info: local 168x488x488, global 968x968x968
[INFO] chuc-2.lille.grid5000.fr - Coordinator: Sent partition info to worker 9
[INFO] chuc-2.lille.grid5000.fr - Coordinator: Worker 13 will handle source at local index 409252
[INFO] chuc-4.lille.grid5000.fr - Worker 9: Received partition info: local 168x488x488, global 968x968x968
[INFO] chuc-2.lille.grid5000.fr - Coordinator: Sent partition info to worker 13
[INFO] chuc-6.lille.grid5000.fr - Worker 13: Received partition info: local 168x488x488, global 968x968x968
[INFO] chuc-7.lille.grid5000.fr - Worker 17: Received partition info: local 168x488x488, global 968x968x968
[INFO] chuc-2.lille.grid5000.fr - Coordinator: Sent partition info to worker 17
[INFO] chuc-2.lille.grid5000.fr - Coordinator: Sent partition info to worker 21
[INFO] chuc-2.lille.grid5000.fr - Coordinator: Sent partition info to worker 3
[INFO] chuc-2.lille.grid5000.fr - Worker 3: Received partition info: local 168x488x488, global 968x968x968
[INFO] chuc-8.lille.grid5000.fr - Worker 21: Received partition info: local 168x488x488, global 968x968x968
[INFO] chuc-2.lille.grid5000.fr - Coordinator: Sent partition info to worker 7
[INFO] chuc-2.lille.grid5000.fr - Coordinator: Worker 11 will handle source at local index 328772
[INFO] chuc-3.lille.grid5000.fr - Worker 7: Received partition info: local 168x488x488, global 968x968x968
[INFO] chuc-2.lille.grid5000.fr - Coordinator: Sent partition info to worker 11
[INFO] chuc-2.lille.grid5000.fr - Coordinator: Worker 15 will handle source at local index 328612
[INFO] chuc-4.lille.grid5000.fr - Worker 11: Received partition info: local 168x488x488, global 968x968x968
[INFO] chuc-2.lille.grid5000.fr - Coordinator: Sent partition info to worker 15
[INFO] chuc-6.lille.grid5000.fr - Worker 15: Received partition info: local 168x488x488, global 968x968x968
[INFO] chuc-2.lille.grid5000.fr - Coordinator: Sent partition info to worker 19
[INFO] chuc-2.lille.grid5000.fr - Coordinator: Sent partition info to worker 23
[INFO] chuc-7.lille.grid5000.fr - Worker 19: Received partition info: local 168x488x488, global 968x968x968
[INFO] chuc-8.lille.grid5000.fr - Worker 23: Received partition info: local 168x488x488, global 968x968x968
[INFO] chuc-2.lille.grid5000.fr - Coordinator: Coordinator initialized locally with sizes 168 x 488 x 488
[INFO] chuc-2.lille.grid5000.fr - Coordinator: Starting worker process...
[INFO] chuc-2.lille.grid5000.fr - Coordinator: Starting 100 iterations with sizes 168 488 488
[INFO] chuc-3.lille.grid5000.fr - Worker 4: Local initialization complete
[INFO] chuc-3.lille.grid5000.fr - Worker 4: Local initialization complete.
[INFO] chuc-3.lille.grid5000.fr - Worker 4: Starting worker process...
[INFO] chuc-3.lille.grid5000.fr - Worker 4: Starting 100 iterations with sizes 168 488 488
[INFO] chuc-4.lille.grid5000.fr - Worker 8: Local initialization complete
[INFO] chuc-4.lille.grid5000.fr - Worker 8: Local initialization complete.
[INFO] chuc-4.lille.grid5000.fr - Worker 8: Starting worker process...
[INFO] chuc-4.lille.grid5000.fr - Worker 8: Starting 100 iterations with sizes 168 488 488
[INFO] chuc-2.lille.grid5000.fr - Worker 2: Local initialization complete
[INFO] chuc-2.lille.grid5000.fr - Worker 2: Local initialization complete.
[INFO] chuc-2.lille.grid5000.fr - Worker 2: Starting worker process...
[INFO] chuc-2.lille.grid5000.fr - Worker 2: Starting 100 iterations with sizes 168 488 488
[INFO] chuc-7.lille.grid5000.fr - Worker 16: Local initialization complete
[INFO] chuc-7.lille.grid5000.fr - Worker 16: Local initialization complete.
[INFO] chuc-7.lille.grid5000.fr - Worker 16: Starting worker process...
[INFO] chuc-7.lille.grid5000.fr - Worker 16: Starting 100 iterations with sizes 168 488 488
[INFO] chuc-6.lille.grid5000.fr - Worker 12: Local initialization complete
[INFO] chuc-6.lille.grid5000.fr - Worker 12: Local initialization complete.
[INFO] chuc-6.lille.grid5000.fr - Worker 12: Starting worker process...
[INFO] chuc-6.lille.grid5000.fr - Worker 12: Starting 100 iterations with sizes 168 488 488
[INFO] chuc-7.lille.grid5000.fr - Worker 18: Local initialization complete
[INFO] chuc-7.lille.grid5000.fr - Worker 18: Local initialization complete.
[INFO] chuc-7.lille.grid5000.fr - Worker 18: Starting worker process...
[INFO] chuc-7.lille.grid5000.fr - Worker 18: Starting 100 iterations with sizes 168 488 488
[INFO] chuc-2.lille.grid5000.fr - Worker 1: Local initialization complete
[INFO] chuc-2.lille.grid5000.fr - Worker 1: Local initialization complete.
[INFO] chuc-2.lille.grid5000.fr - Worker 1: Starting worker process...
[INFO] chuc-2.lille.grid5000.fr - Worker 1: Starting 100 iterations with sizes 168 488 488
[INFO] chuc-3.lille.grid5000.fr - Worker 6: Local initialization complete
[INFO] chuc-3.lille.grid5000.fr - Worker 6: Local initialization complete.
[INFO] chuc-3.lille.grid5000.fr - Worker 6: Starting worker process...
[INFO] chuc-3.lille.grid5000.fr - Worker 6: Starting 100 iterations with sizes 168 488 488
[INFO] chuc-6.lille.grid5000.fr - Worker 14: Local initialization complete
[INFO] chuc-6.lille.grid5000.fr - Worker 14: Local initialization complete.
[INFO] chuc-6.lille.grid5000.fr - Worker 14: Starting worker process...
[INFO] chuc-6.lille.grid5000.fr - Worker 14: Starting 100 iterations with sizes 168 488 488
[INFO] chuc-4.lille.grid5000.fr - Worker 9: Local initialization complete
[INFO] chuc-4.lille.grid5000.fr - Worker 9: Local initialization complete.
[INFO] chuc-4.lille.grid5000.fr - Worker 9: Starting worker process...
[INFO] chuc-4.lille.grid5000.fr - Worker 9: Starting 100 iterations with sizes 168 488 488
[INFO] chuc-7.lille.grid5000.fr - Worker 17: Local initialization complete
[INFO] chuc-7.lille.grid5000.fr - Worker 17: Local initialization complete.
[INFO] chuc-7.lille.grid5000.fr - Worker 17: Starting worker process...
[INFO] chuc-7.lille.grid5000.fr - Worker 17: Starting 100 iterations with sizes 168 488 488
[INFO] chuc-2.lille.grid5000.fr - Worker 3: Local initialization complete
[INFO] chuc-2.lille.grid5000.fr - Worker 3: Local initialization complete.
[INFO] chuc-2.lille.grid5000.fr - Worker 3: Starting worker process...
[INFO] chuc-2.lille.grid5000.fr - Worker 3: Starting 100 iterations with sizes 168 488 488
[INFO] chuc-4.lille.grid5000.fr - Worker 10: Local initialization complete
[INFO] chuc-4.lille.grid5000.fr - Worker 10: Local initialization complete.
[INFO] chuc-4.lille.grid5000.fr - Worker 10: Starting worker process...
[INFO] chuc-4.lille.grid5000.fr - Worker 10: Starting 100 iterations with sizes 168 488 488
[INFO] chuc-6.lille.grid5000.fr - Worker 13: Local initialization complete
[INFO] chuc-6.lille.grid5000.fr - Worker 13: Local initialization complete.
[INFO] chuc-6.lille.grid5000.fr - Worker 13: Starting worker process...
[INFO] chuc-6.lille.grid5000.fr - Worker 13: Starting 100 iterations with sizes 168 488 488
[INFO] chuc-3.lille.grid5000.fr - Worker 5: Local initialization complete
[INFO] chuc-3.lille.grid5000.fr - Worker 5: Local initialization complete.
[INFO] chuc-3.lille.grid5000.fr - Worker 5: Starting worker process...
[INFO] chuc-3.lille.grid5000.fr - Worker 5: Starting 100 iterations with sizes 168 488 488
[INFO] chuc-3.lille.grid5000.fr - Worker 7: Local initialization complete
[INFO] chuc-3.lille.grid5000.fr - Worker 7: Local initialization complete.
[INFO] chuc-3.lille.grid5000.fr - Worker 7: Starting worker process...
[INFO] chuc-3.lille.grid5000.fr - Worker 7: Starting 100 iterations with sizes 168 488 488
[INFO] chuc-6.lille.grid5000.fr - Worker 15: Local initialization complete
[INFO] chuc-6.lille.grid5000.fr - Worker 15: Local initialization complete.
[INFO] chuc-6.lille.grid5000.fr - Worker 15: Starting worker process...
[INFO] chuc-6.lille.grid5000.fr - Worker 15: Starting 100 iterations with sizes 168 488 488
[INFO] chuc-4.lille.grid5000.fr - Worker 11: Local initialization complete
[INFO] chuc-4.lille.grid5000.fr - Worker 11: Local initialization complete.
[INFO] chuc-4.lille.grid5000.fr - Worker 11: Starting worker process...
[INFO] chuc-4.lille.grid5000.fr - Worker 11: Starting 100 iterations with sizes 168 488 488
[INFO] chuc-8.lille.grid5000.fr - Worker 20: Local initialization complete
[INFO] chuc-8.lille.grid5000.fr - Worker 20: Local initialization complete.
[INFO] chuc-8.lille.grid5000.fr - Worker 20: Starting worker process...
[INFO] chuc-8.lille.grid5000.fr - Worker 20: Starting 100 iterations with sizes 168 488 488
[INFO] chuc-8.lille.grid5000.fr - Worker 22: Local initialization complete
[INFO] chuc-8.lille.grid5000.fr - Worker 22: Local initialization complete.
[INFO] chuc-8.lille.grid5000.fr - Worker 22: Starting worker process...
[INFO] chuc-8.lille.grid5000.fr - Worker 22: Starting 100 iterations with sizes 168 488 488
[INFO] chuc-8.lille.grid5000.fr - Worker 21: Local initialization complete
[INFO] chuc-8.lille.grid5000.fr - Worker 21: Local initialization complete.
[INFO] chuc-8.lille.grid5000.fr - Worker 21: Starting worker process...
[INFO] chuc-8.lille.grid5000.fr - Worker 21: Starting 100 iterations with sizes 168 488 488
[INFO] chuc-8.lille.grid5000.fr - Worker 23: Local initialization complete
[INFO] chuc-8.lille.grid5000.fr - Worker 23: Local initialization complete.
[INFO] chuc-8.lille.grid5000.fr - Worker 23: Starting worker process...
[INFO] chuc-8.lille.grid5000.fr - Worker 23: Starting 100 iterations with sizes 168 488 488
[INFO] chuc-7.lille.grid5000.fr - Worker 19: Local initialization complete
[INFO] chuc-7.lille.grid5000.fr - Worker 19: Local initialization complete.
[INFO] chuc-7.lille.grid5000.fr - Worker 19: Starting worker process...
[INFO] chuc-7.lille.grid5000.fr - Worker 19: Starting 100 iterations with sizes 168 488 488
CUDA source using device (2) NVIDIA A100-SXM4-40GB with compute capability 8.0
CUDA source using device (0) NVIDIA A100-SXM4-40GB with compute capability 8.0
CUDA source using device (1) NVIDIA A100-SXM4-40GB with compute capability 8.0
CUDA source using device (3) NVIDIA A100-SXM4-40GB with compute capability 8.0
CUDA source using device (2) NVIDIA A100-SXM4-40GB with compute capability 8.0
CUDA source using device (0) NVIDIA A100-SXM4-40GB with compute capability 8.0
CUDA source using device (2) NVIDIA A100-SXM4-40GB with compute capability 8.0
CUDA source using device (1) NVIDIA A100-SXM4-40GB with compute capability 8.0
CUDA source using device (0) NVIDIA A100-SXM4-40GB with compute capability 8.0
CUDA source using device (1) NVIDIA A100-SXM4-40GB with compute capability 8.0
CUDA source using device (3) NVIDIA A100-SXM4-40GB with compute capability 8.0
CUDA source using device (0) NVIDIA A100-SXM4-40GB with compute capability 8.0
CUDA source using device (1) NVIDIA A100-SXM4-40GB with compute capability 8.0
CUDA source using device (2) NVIDIA A100-SXM4-40GB with compute capability 8.0
CUDA source using device (1) NVIDIA A100-SXM4-40GB with compute capability 8.0
CUDA source using device (3) NVIDIA A100-SXM4-40GB with compute capability 8.0
CUDA source using device (3) NVIDIA A100-SXM4-40GB with compute capability 8.0
CUDA source using device (0) NVIDIA A100-SXM4-40GB with compute capability 8.0
CUDA source using device (2) NVIDIA A100-SXM4-40GB with compute capability 8.0
CUDA source using device (3) NVIDIA A100-SXM4-40GB with compute capability 8.0
CUDA source using device (0) NVIDIA A100-SXM4-40GB with compute capability 8.0
CUDA source using device (3) NVIDIA A100-SXM4-40GB with compute capability 8.0
CUDA source using device (1) NVIDIA A100-SXM4-40GB with compute capability 8.0
CUDA source using device (2) NVIDIA A100-SXM4-40GB with compute capability 8.0
rank,total_time,msamples_per_s
2,15.754336,263.021508
1,15.736693,264.072367
3,15.702296,264.210610
0,16.386890,259.310306
*,16.386890,5399.047516
12,15.766210,272.548999
14,15.740722,270.865580
13,15.708364,271.240922
18,15.753914,268.994694
19,14.703868,272.805273
15,15.642149,272.499620
17,15.717985,270.076093
16,15.774889,270.023745
10,15.706324,272.701518
6,15.746438,270.962150
20,15.282497,279.129143
9,15.778185,270.216126
5,15.670031,270.921250
23,15.117279,285.829552
11,15.509734,272.563532
7,15.667735,271.015691
22,15.118605,285.983508
8,15.804495,270.672988
4,15.818864,270.181201
21,15.119666,285.871714
