[INFO] chuc-7.lille.grid5000.fr - Worker 4: Awaiting partition info from coordinator...
[INFO] chuc-7.lille.grid5000.fr - Worker 6: Awaiting partition info from coordinator...
[INFO] chuc-7.lille.grid5000.fr - Worker 5: Awaiting partition info from coordinator...
[INFO] chuc-7.lille.grid5000.fr - Worker 7: Awaiting partition info from coordinator...
[INFO] chuc-4.lille.grid5000.fr - Coordinator: Distributing partition info to workers...
[INFO] chuc-4.lille.grid5000.fr - Coordinator: Distributing partition info to 12 workers...
[INFO] chuc-4.lille.grid5000.fr - Coordinator: Global sizes: 1984 x 1984 x 1984
[INFO] chuc-4.lille.grid5000.fr - Coordinator: Partition sizes: 658 x 988 x 988
[INFO] chuc-4.lille.grid5000.fr - Coordinator: Worker 4 will handle source at local index 658690318
[INFO] chuc-4.lille.grid5000.fr - Coordinator: Sent partition info to worker 4
[INFO] chuc-4.lille.grid5000.fr - Coordinator: Sent partition info to worker 8
[INFO] chuc-4.lille.grid5000.fr - Coordinator: Sent partition info to worker 2
[INFO] chuc-4.lille.grid5000.fr - Coordinator: Worker 6 will handle source at local index 658032310
[INFO] chuc-4.lille.grid5000.fr - Worker 1: Awaiting partition info from coordinator...
[INFO] chuc-4.lille.grid5000.fr - Worker 3: Awaiting partition info from coordinator...
[INFO] chuc-4.lille.grid5000.fr - Worker 2: Awaiting partition info from coordinator...
[INFO] chuc-4.lille.grid5000.fr - Worker 2: Received partition info: local 666x996x996, global 1984x1984x1984
[INFO] chuc-7.lille.grid5000.fr - Worker 4: Received partition info: local 666x996x996, global 1984x1984x1984
[INFO] chuc-8.lille.grid5000.fr - Worker 8: Awaiting partition info from coordinator...
[INFO] chuc-8.lille.grid5000.fr - Worker 10: Awaiting partition info from coordinator...
[INFO] chuc-8.lille.grid5000.fr - Worker 9: Awaiting partition info from coordinator...
[INFO] chuc-8.lille.grid5000.fr - Worker 11: Awaiting partition info from coordinator...
[INFO] chuc-8.lille.grid5000.fr - Worker 8: Received partition info: local 668x996x996, global 1984x1984x1984
[INFO] chuc-4.lille.grid5000.fr - Coordinator: Sent partition info to worker 6
[INFO] chuc-4.lille.grid5000.fr - Coordinator: Sent partition info to worker 10
[INFO] chuc-4.lille.grid5000.fr - Worker 1: Received partition info: local 666x996x996, global 1984x1984x1984
[INFO] chuc-4.lille.grid5000.fr - Coordinator: Sent partition info to worker 1
[INFO] chuc-4.lille.grid5000.fr - Coordinator: Worker 5 will handle source at local index 3314350
[INFO] chuc-7.lille.grid5000.fr - Worker 6: Received partition info: local 666x996x996, global 1984x1984x1984
[INFO] chuc-8.lille.grid5000.fr - Worker 10: Received partition info: local 668x996x996, global 1984x1984x1984
[INFO] chuc-4.lille.grid5000.fr - Coordinator: Sent partition info to worker 5
[INFO] chuc-7.lille.grid5000.fr - Worker 5: Received partition info: local 666x996x996, global 1984x1984x1984
[INFO] chuc-4.lille.grid5000.fr - Coordinator: Sent partition info to worker 9
[INFO] chuc-4.lille.grid5000.fr - Coordinator: Sent partition info to worker 3
[INFO] chuc-4.lille.grid5000.fr - Coordinator: Worker 7 will handle source at local index 2656342
[INFO] chuc-4.lille.grid5000.fr - Worker 3: Received partition info: local 666x996x996, global 1984x1984x1984
[INFO] chuc-8.lille.grid5000.fr - Worker 9: Received partition info: local 668x996x996, global 1984x1984x1984
[INFO] chuc-4.lille.grid5000.fr - Coordinator: Sent partition info to worker 7
[INFO] chuc-4.lille.grid5000.fr - Coordinator: Sent partition info to worker 11
[INFO] chuc-7.lille.grid5000.fr - Worker 7: Received partition info: local 666x996x996, global 1984x1984x1984
[INFO] chuc-8.lille.grid5000.fr - Worker 11: Received partition info: local 668x996x996, global 1984x1984x1984
[INFO] chuc-4.lille.grid5000.fr - Coordinator: Coordinator initialized locally with sizes 666 x 996 x 996
[INFO] chuc-4.lille.grid5000.fr - Coordinator: Starting worker process...
[INFO] chuc-4.lille.grid5000.fr - Coordinator: Starting 100 iterations with sizes 666 996 996
CUDA source using device (0) NVIDIA A100-SXM4-40GB with compute capability 8.0
[INFO] chuc-7.lille.grid5000.fr - Worker 4: Local initialization complete
[INFO] chuc-7.lille.grid5000.fr - Worker 4: Local initialization complete.
[INFO] chuc-7.lille.grid5000.fr - Worker 4: Starting worker process...
[INFO] chuc-7.lille.grid5000.fr - Worker 4: Starting 100 iterations with sizes 666 996 996
[INFO] chuc-7.lille.grid5000.fr - Worker 5: Local initialization complete
[INFO] chuc-7.lille.grid5000.fr - Worker 5: Local initialization complete.
[INFO] chuc-7.lille.grid5000.fr - Worker 5: Starting worker process...
[INFO] chuc-7.lille.grid5000.fr - Worker 5: Starting 100 iterations with sizes 666 996 996
[INFO] chuc-4.lille.grid5000.fr - Worker 3: Local initialization complete
[INFO] chuc-4.lille.grid5000.fr - Worker 3: Local initialization complete.
[INFO] chuc-4.lille.grid5000.fr - Worker 3: Starting worker process...
[INFO] chuc-4.lille.grid5000.fr - Worker 3: Starting 100 iterations with sizes 666 996 996
[INFO] chuc-7.lille.grid5000.fr - Worker 6: Local initialization complete
[INFO] chuc-7.lille.grid5000.fr - Worker 6: Local initialization complete.
[INFO] chuc-7.lille.grid5000.fr - Worker 6: Starting worker process...
[INFO] chuc-7.lille.grid5000.fr - Worker 6: Starting 100 iterations with sizes 666 996 996
[INFO] chuc-7.lille.grid5000.fr - Worker 7: Local initialization complete
[INFO] chuc-7.lille.grid5000.fr - Worker 7: Local initialization complete.
[INFO] chuc-7.lille.grid5000.fr - Worker 7: Starting worker process...
[INFO] chuc-7.lille.grid5000.fr - Worker 7: Starting 100 iterations with sizes 666 996 996
[INFO] chuc-4.lille.grid5000.fr - Worker 2: Local initialization complete
[INFO] chuc-4.lille.grid5000.fr - Worker 2: Local initialization complete.
[INFO] chuc-4.lille.grid5000.fr - Worker 2: Starting worker process...
[INFO] chuc-4.lille.grid5000.fr - Worker 2: Starting 100 iterations with sizes 666 996 996
[INFO] chuc-4.lille.grid5000.fr - Worker 1: Local initialization complete
[INFO] chuc-4.lille.grid5000.fr - Worker 1: Local initialization complete.
[INFO] chuc-4.lille.grid5000.fr - Worker 1: Starting worker process...
[INFO] chuc-4.lille.grid5000.fr - Worker 1: Starting 100 iterations with sizes 666 996 996
CUDA source using device (3) NVIDIA A100-SXM4-40GB with compute capability 8.0
CUDA source using device (2) NVIDIA A100-SXM4-40GB with compute capability 8.0
CUDA source using device (1) NVIDIA A100-SXM4-40GB with compute capability 8.0
CUDA source using device (1) NVIDIA A100-SXM4-40GB with compute capability 8.0
CUDA source using device (0) NVIDIA A100-SXM4-40GB with compute capability 8.0
CUDA source using device (2) NVIDIA A100-SXM4-40GB with compute capability 8.0
CUDA source using device (3) NVIDIA A100-SXM4-40GB with compute capability 8.0
[INFO] chuc-8.lille.grid5000.fr - Worker 10: Local initialization complete
[INFO] chuc-8.lille.grid5000.fr - Worker 10: Local initialization complete.
[INFO] chuc-8.lille.grid5000.fr - Worker 10: Starting worker process...
[INFO] chuc-8.lille.grid5000.fr - Worker 10: Starting 100 iterations with sizes 668 996 996
[INFO] chuc-8.lille.grid5000.fr - Worker 9: Local initialization complete
[INFO] chuc-8.lille.grid5000.fr - Worker 9: Local initialization complete.
[INFO] chuc-8.lille.grid5000.fr - Worker 9: Starting worker process...
[INFO] chuc-8.lille.grid5000.fr - Worker 9: Starting 100 iterations with sizes 668 996 996
[INFO] chuc-8.lille.grid5000.fr - Worker 11: Local initialization complete
[INFO] chuc-8.lille.grid5000.fr - Worker 11: Local initialization complete.
[INFO] chuc-8.lille.grid5000.fr - Worker 11: Starting worker process...
[INFO] chuc-8.lille.grid5000.fr - Worker 11: Starting 100 iterations with sizes 668 996 996
CUDA source using device (2) NVIDIA A100-SXM4-40GB with compute capability 8.0
CUDA source using device (1) NVIDIA A100-SXM4-40GB with compute capability 8.0
CUDA source using device (3) NVIDIA A100-SXM4-40GB with compute capability 8.0
[INFO] chuc-8.lille.grid5000.fr - Worker 8: Local initialization complete
[INFO] chuc-8.lille.grid5000.fr - Worker 8: Local initialization complete.
[INFO] chuc-8.lille.grid5000.fr - Worker 8: Starting worker process...
[INFO] chuc-8.lille.grid5000.fr - Worker 8: Starting 100 iterations with sizes 668 996 996
CUDA source using device (0) NVIDIA A100-SXM4-40GB with compute capability 8.0
rank,total_time,msamples_per_s
6,234.844962,279.472071
7,233.709939,280.383282
5,235.216759,279.134439
4,234.125753,280.487895
0,255.162735,253.901399
*,255.162735,3023.733925
2,234.522514,277.447675
1,234.889446,276.920808
3,234.632010,277.164439
8,220.011927,298.369866
9,222.796435,297.375501
10,222.841023,296.948508
11,222.106034,298.102700
