[INFO] chuc-3.lille.grid5000.fr - Worker 1: Awaiting partition info from coordinator...
[INFO] chuc-3.lille.grid5000.fr - Worker 1: Received partition info: local 548x548x1088, global 1088x1088x1088
[INFO] chuc-3.lille.grid5000.fr - Worker 3: Awaiting partition info from coordinator...
[INFO] chuc-3.lille.grid5000.fr - Worker 3: Received partition info: local 548x548x1088, global 1088x1088x1088
[INFO] chuc-3.lille.grid5000.fr - Worker 2: Awaiting partition info from coordinator...
[INFO] chuc-3.lille.grid5000.fr - Worker 2: Received partition info: local 548x548x1088, global 1088x1088x1088
[INFO] chuc-3.lille.grid5000.fr - Coordinator: Distributing partition info to workers...
[INFO] chuc-3.lille.grid5000.fr - Coordinator: Distributing partition info to 4 workers...
[INFO] chuc-3.lille.grid5000.fr - Coordinator: Global sizes: 1088 x 1088 x 1088
[INFO] chuc-3.lille.grid5000.fr - Coordinator: Partition sizes: 540 x 540 x 1080
[INFO] chuc-3.lille.grid5000.fr - Coordinator: Worker 2 will handle source at local index 163663492
[INFO] chuc-3.lille.grid5000.fr - Coordinator: Sent partition info to worker 2
[INFO] chuc-3.lille.grid5000.fr - Coordinator: Worker 1 will handle source at local index 163368112
[INFO] chuc-3.lille.grid5000.fr - Coordinator: Sent partition info to worker 1
[INFO] chuc-3.lille.grid5000.fr - Coordinator: Worker 3 will handle source at local index 163367572
[INFO] chuc-3.lille.grid5000.fr - Coordinator: Sent partition info to worker 3
[INFO] chuc-3.lille.grid5000.fr - Coordinator: Coordinator initialized locally with sizes 548 x 548 x 1088
[INFO] chuc-3.lille.grid5000.fr - Coordinator: Starting worker process...
[INFO] chuc-3.lille.grid5000.fr - Coordinator: Starting 100 iterations with sizes 548 548 1088
CUDA source using device (0) NVIDIA A100-SXM4-40GB with compute capability 8.0
[INFO] chuc-3.lille.grid5000.fr - Worker 2: Local initialization complete
[INFO] chuc-3.lille.grid5000.fr - Worker 2: Local initialization complete.
[INFO] chuc-3.lille.grid5000.fr - Worker 2: Starting worker process...
[INFO] chuc-3.lille.grid5000.fr - Worker 2: Starting 100 iterations with sizes 548 548 1088
[INFO] chuc-3.lille.grid5000.fr - Worker 3: Local initialization complete
[INFO] chuc-3.lille.grid5000.fr - Worker 3: Local initialization complete.
[INFO] chuc-3.lille.grid5000.fr - Worker 3: Starting worker process...
[INFO] chuc-3.lille.grid5000.fr - Worker 3: Starting 100 iterations with sizes 548 548 1088
[INFO] chuc-3.lille.grid5000.fr - Worker 1: Local initialization complete
[INFO] chuc-3.lille.grid5000.fr - Worker 1: Local initialization complete.
[INFO] chuc-3.lille.grid5000.fr - Worker 1: Starting worker process...
[INFO] chuc-3.lille.grid5000.fr - Worker 1: Starting 100 iterations with sizes 548 548 1088
CUDA source using device (2) NVIDIA A100-SXM4-40GB with compute capability 8.0
CUDA source using device (3) NVIDIA A100-SXM4-40GB with compute capability 8.0
CUDA source using device (1) NVIDIA A100-SXM4-40GB with compute capability 8.0
rank,total_time,msamples_per_s
0,40.297295,817.755847
*,40.297295,3126.046042
2,29.658343,1134.186841
3,29.574930,1142.001045
1,29.508009,1142.401043
