[INFO] chuc-2.lille.grid5000.fr - Worker 1: Awaiting partition info from coordinator...
[INFO] chuc-2.lille.grid5000.fr - Worker 2: Awaiting partition info from coordinator...
[INFO] chuc-2.lille.grid5000.fr - Worker 2: Received partition info: local 968x104x488, global 968x968x968
[INFO] chuc-2.lille.grid5000.fr - Coordinator: Distributing partition info to workers...
[INFO] chuc-2.lille.grid5000.fr - Coordinator: Distributing partition info to 20 workers...
[INFO] chuc-2.lille.grid5000.fr - Coordinator: Global sizes: 968 x 968 x 968
[INFO] chuc-2.lille.grid5000.fr - Coordinator: Partition sizes: 960 x 96 x 480
[INFO] chuc-2.lille.grid5000.fr - Coordinator: Sent partition info to worker 2
[INFO] chuc-2.lille.grid5000.fr - Coordinator: Sent partition info to worker 4
[INFO] chuc-2.lille.grid5000.fr - Worker 3: Awaiting partition info from coordinator...
[INFO] chuc-4.lille.grid5000.fr - Worker 8: Awaiting partition info from coordinator...
[INFO] chuc-4.lille.grid5000.fr - Worker 10: Awaiting partition info from coordinator...
[INFO] chuc-3.lille.grid5000.fr - Worker 5: Awaiting partition info from coordinator...
[INFO] chuc-6.lille.grid5000.fr - Worker 14: Awaiting partition info from coordinator...
[INFO] chuc-8.lille.grid5000.fr - Worker 16: Awaiting partition info from coordinator...
[INFO] chuc-4.lille.grid5000.fr - Worker 9: Awaiting partition info from coordinator...
[INFO] chuc-8.lille.grid5000.fr - Worker 18: Awaiting partition info from coordinator...
[INFO] chuc-4.lille.grid5000.fr - Worker 11: Awaiting partition info from coordinator...
[INFO] chuc-8.lille.grid5000.fr - Worker 17: Awaiting partition info from coordinator...
[INFO] chuc-8.lille.grid5000.fr - Worker 19: Awaiting partition info from coordinator...
[INFO] chuc-6.lille.grid5000.fr - Worker 13: Awaiting partition info from coordinator...
[INFO] chuc-6.lille.grid5000.fr - Worker 15: Awaiting partition info from coordinator...
[INFO] chuc-6.lille.grid5000.fr - Worker 12: Awaiting partition info from coordinator...
[INFO] chuc-3.lille.grid5000.fr - Worker 4: Awaiting partition info from coordinator...
[INFO] chuc-3.lille.grid5000.fr - Worker 4: Received partition info: local 968x104x488, global 968x968x968
[INFO] chuc-3.lille.grid5000.fr - Worker 6: Awaiting partition info from coordinator...
[INFO] chuc-3.lille.grid5000.fr - Worker 7: Awaiting partition info from coordinator...
[INFO] chuc-2.lille.grid5000.fr - Coordinator: Sent partition info to worker 6
[INFO] chuc-2.lille.grid5000.fr - Coordinator: Worker 8 will handle source at local index 48822532
[INFO] chuc-2.lille.grid5000.fr - Coordinator: Sent partition info to worker 8
[INFO] chuc-2.lille.grid5000.fr - Coordinator: Worker 10 will handle source at local index 48729604
[INFO] chuc-3.lille.grid5000.fr - Worker 6: Received partition info: local 968x104x488, global 968x968x968
[INFO] chuc-4.lille.grid5000.fr - Worker 8: Received partition info: local 968x104x488, global 968x968x968
[INFO] chuc-2.lille.grid5000.fr - Coordinator: Sent partition info to worker 10
[INFO] chuc-2.lille.grid5000.fr - Coordinator: Sent partition info to worker 12
[INFO] chuc-6.lille.grid5000.fr - Worker 12: Received partition info: local 968x104x488, global 968x968x968
[INFO] chuc-4.lille.grid5000.fr - Worker 10: Received partition info: local 968x104x488, global 968x968x968
[INFO] chuc-2.lille.grid5000.fr - Coordinator: Sent partition info to worker 14
[INFO] chuc-2.lille.grid5000.fr - Coordinator: Sent partition info to worker 16
[INFO] chuc-2.lille.grid5000.fr - Coordinator: Sent partition info to worker 18
[INFO] chuc-2.lille.grid5000.fr - Coordinator: Sent partition info to worker 1
[INFO] chuc-2.lille.grid5000.fr - Worker 1: Received partition info: local 968x104x488, global 968x968x968
[INFO] chuc-2.lille.grid5000.fr - Coordinator: Sent partition info to worker 3
[INFO] chuc-2.lille.grid5000.fr - Worker 3: Received partition info: local 968x104x488, global 968x968x968
[INFO] chuc-6.lille.grid5000.fr - Worker 14: Received partition info: local 968x104x488, global 968x968x968
[INFO] chuc-8.lille.grid5000.fr - Worker 16: Received partition info: local 968x104x488, global 968x968x968
[INFO] chuc-8.lille.grid5000.fr - Worker 18: Received partition info: local 968x104x488, global 968x968x968
[INFO] chuc-2.lille.grid5000.fr - Coordinator: Sent partition info to worker 5
[INFO] chuc-3.lille.grid5000.fr - Worker 5: Received partition info: local 968x104x488, global 968x968x968
[INFO] chuc-2.lille.grid5000.fr - Coordinator: Sent partition info to worker 7
[INFO] chuc-2.lille.grid5000.fr - Coordinator: Worker 9 will handle source at local index 499972
[INFO] chuc-3.lille.grid5000.fr - Worker 7: Received partition info: local 968x104x488, global 968x968x968
[INFO] chuc-2.lille.grid5000.fr - Coordinator: Sent partition info to worker 9
[INFO] chuc-2.lille.grid5000.fr - Coordinator: Worker 11 will handle source at local index 407044
[INFO] chuc-4.lille.grid5000.fr - Worker 9: Received partition info: local 968x104x488, global 968x968x968
[INFO] chuc-2.lille.grid5000.fr - Coordinator: Sent partition info to worker 11
[INFO] chuc-4.lille.grid5000.fr - Worker 11: Received partition info: local 968x104x488, global 968x968x968
[INFO] chuc-2.lille.grid5000.fr - Coordinator: Sent partition info to worker 13
[INFO] chuc-6.lille.grid5000.fr - Worker 13: Received partition info: local 968x104x488, global 968x968x968
[INFO] chuc-2.lille.grid5000.fr - Coordinator: Sent partition info to worker 15
[INFO] chuc-6.lille.grid5000.fr - Worker 15: Received partition info: local 968x104x488, global 968x968x968
[INFO] chuc-2.lille.grid5000.fr - Coordinator: Sent partition info to worker 17
[INFO] chuc-2.lille.grid5000.fr - Coordinator: Sent partition info to worker 19
[INFO] chuc-8.lille.grid5000.fr - Worker 17: Received partition info: local 968x104x488, global 968x968x968
[INFO] chuc-8.lille.grid5000.fr - Worker 19: Received partition info: local 968x104x488, global 968x968x968
[INFO] chuc-2.lille.grid5000.fr - Coordinator: Coordinator initialized locally with sizes 968 x 104 x 488
[INFO] chuc-2.lille.grid5000.fr - Coordinator: Starting worker process...
[INFO] chuc-2.lille.grid5000.fr - Coordinator: Starting 100 iterations with sizes 968 104 488
[INFO] chuc-2.lille.grid5000.fr - Worker 3: Local initialization complete
[INFO] chuc-2.lille.grid5000.fr - Worker 3: Local initialization complete.
[INFO] chuc-2.lille.grid5000.fr - Worker 3: Starting worker process...
[INFO] chuc-2.lille.grid5000.fr - Worker 3: Starting 100 iterations with sizes 968 104 488
[INFO] chuc-6.lille.grid5000.fr - Worker 12: Local initialization complete
[INFO] chuc-6.lille.grid5000.fr - Worker 12: Local initialization complete.
[INFO] chuc-6.lille.grid5000.fr - Worker 12: Starting worker process...
[INFO] chuc-6.lille.grid5000.fr - Worker 12: Starting 100 iterations with sizes 968 104 488
[INFO] chuc-6.lille.grid5000.fr - Worker 15: Local initialization complete
[INFO] chuc-6.lille.grid5000.fr - Worker 15: Local initialization complete.
[INFO] chuc-6.lille.grid5000.fr - Worker 15: Starting worker process...
[INFO] chuc-6.lille.grid5000.fr - Worker 15: Starting 100 iterations with sizes 968 104 488
[INFO] chuc-6.lille.grid5000.fr - Worker 13: Local initialization complete
[INFO] chuc-6.lille.grid5000.fr - Worker 13: Local initialization complete.
[INFO] chuc-6.lille.grid5000.fr - Worker 13: Starting worker process...
[INFO] chuc-6.lille.grid5000.fr - Worker 13: Starting 100 iterations with sizes 968 104 488
[INFO] chuc-4.lille.grid5000.fr - Worker 8: Local initialization complete
[INFO] chuc-4.lille.grid5000.fr - Worker 8: Local initialization complete.
[INFO] chuc-4.lille.grid5000.fr - Worker 8: Starting worker process...
[INFO] chuc-4.lille.grid5000.fr - Worker 8: Starting 100 iterations with sizes 968 104 488
[INFO] chuc-3.lille.grid5000.fr - Worker 6: Local initialization complete
[INFO] chuc-3.lille.grid5000.fr - Worker 6: Local initialization complete.
[INFO] chuc-3.lille.grid5000.fr - Worker 6: Starting worker process...
[INFO] chuc-3.lille.grid5000.fr - Worker 6: Starting 100 iterations with sizes 968 104 488
[INFO] chuc-3.lille.grid5000.fr - Worker 5: Local initialization complete
[INFO] chuc-3.lille.grid5000.fr - Worker 5: Local initialization complete.
[INFO] chuc-3.lille.grid5000.fr - Worker 5: Starting worker process...
[INFO] chuc-3.lille.grid5000.fr - Worker 5: Starting 100 iterations with sizes 968 104 488
[INFO] chuc-3.lille.grid5000.fr - Worker 7: Local initialization complete
[INFO] chuc-3.lille.grid5000.fr - Worker 7: Local initialization complete.
[INFO] chuc-3.lille.grid5000.fr - Worker 7: Starting worker process...
[INFO] chuc-3.lille.grid5000.fr - Worker 7: Starting 100 iterations with sizes 968 104 488
[INFO] chuc-2.lille.grid5000.fr - Worker 2: Local initialization complete
[INFO] chuc-2.lille.grid5000.fr - Worker 2: Local initialization complete.
[INFO] chuc-2.lille.grid5000.fr - Worker 2: Starting worker process...
[INFO] chuc-2.lille.grid5000.fr - Worker 2: Starting 100 iterations with sizes 968 104 488
[INFO] chuc-4.lille.grid5000.fr - Worker 10: Local initialization complete
[INFO] chuc-4.lille.grid5000.fr - Worker 10: Local initialization complete.
[INFO] chuc-4.lille.grid5000.fr - Worker 10: Starting worker process...
[INFO] chuc-4.lille.grid5000.fr - Worker 10: Starting 100 iterations with sizes 968 104 488
[INFO] chuc-4.lille.grid5000.fr - Worker 9: Local initialization complete
[INFO] chuc-4.lille.grid5000.fr - Worker 9: Local initialization complete.
[INFO] chuc-4.lille.grid5000.fr - Worker 9: Starting worker process...
[INFO] chuc-4.lille.grid5000.fr - Worker 9: Starting 100 iterations with sizes 968 104 488
[INFO] chuc-2.lille.grid5000.fr - Worker 1: Local initialization complete
[INFO] chuc-2.lille.grid5000.fr - Worker 1: Local initialization complete.
[INFO] chuc-2.lille.grid5000.fr - Worker 1: Starting worker process...
[INFO] chuc-2.lille.grid5000.fr - Worker 1: Starting 100 iterations with sizes 968 104 488
[INFO] chuc-4.lille.grid5000.fr - Worker 11: Local initialization complete
[INFO] chuc-4.lille.grid5000.fr - Worker 11: Local initialization complete.
[INFO] chuc-4.lille.grid5000.fr - Worker 11: Starting worker process...
[INFO] chuc-4.lille.grid5000.fr - Worker 11: Starting 100 iterations with sizes 968 104 488
[INFO] chuc-3.lille.grid5000.fr - Worker 4: Local initialization complete
[INFO] chuc-3.lille.grid5000.fr - Worker 4: Local initialization complete.
[INFO] chuc-3.lille.grid5000.fr - Worker 4: Starting worker process...
[INFO] chuc-3.lille.grid5000.fr - Worker 4: Starting 100 iterations with sizes 968 104 488
[INFO] chuc-6.lille.grid5000.fr - Worker 14: Local initialization complete
[INFO] chuc-6.lille.grid5000.fr - Worker 14: Local initialization complete.
[INFO] chuc-6.lille.grid5000.fr - Worker 14: Starting worker process...
[INFO] chuc-6.lille.grid5000.fr - Worker 14: Starting 100 iterations with sizes 968 104 488
[INFO] chuc-8.lille.grid5000.fr - Worker 16: Local initialization complete
[INFO] chuc-8.lille.grid5000.fr - Worker 16: Local initialization complete.
[INFO] chuc-8.lille.grid5000.fr - Worker 16: Starting worker process...
[INFO] chuc-8.lille.grid5000.fr - Worker 16: Starting 100 iterations with sizes 968 104 488
[INFO] chuc-8.lille.grid5000.fr - Worker 19: Local initialization complete
[INFO] chuc-8.lille.grid5000.fr - Worker 19: Local initialization complete.
[INFO] chuc-8.lille.grid5000.fr - Worker 19: Starting worker process...
[INFO] chuc-8.lille.grid5000.fr - Worker 19: Starting 100 iterations with sizes 968 104 488
[INFO] chuc-8.lille.grid5000.fr - Worker 17: Local initialization complete
[INFO] chuc-8.lille.grid5000.fr - Worker 17: Local initialization complete.
[INFO] chuc-8.lille.grid5000.fr - Worker 17: Starting worker process...
[INFO] chuc-8.lille.grid5000.fr - Worker 17: Starting 100 iterations with sizes 968 104 488
[INFO] chuc-8.lille.grid5000.fr - Worker 18: Local initialization complete
[INFO] chuc-8.lille.grid5000.fr - Worker 18: Local initialization complete.
[INFO] chuc-8.lille.grid5000.fr - Worker 18: Starting worker process...
[INFO] chuc-8.lille.grid5000.fr - Worker 18: Starting 100 iterations with sizes 968 104 488
CUDA source using device (0) NVIDIA A100-SXM4-40GB with compute capability 8.0
CUDA source using device (3) NVIDIA A100-SXM4-40GB with compute capability 8.0
CUDA source using device (2) NVIDIA A100-SXM4-40GB with compute capability 8.0
CUDA source using device (1) NVIDIA A100-SXM4-40GB with compute capability 8.0
CUDA source using device (0) NVIDIA A100-SXM4-40GB with compute capability 8.0
CUDA source using device (2) NVIDIA A100-SXM4-40GB with compute capability 8.0
CUDA source using device (1) NVIDIA A100-SXM4-40GB with compute capability 8.0
CUDA source using device (0) NVIDIA A100-SXM4-40GB with compute capability 8.0
CUDA source using device (1) NVIDIA A100-SXM4-40GB with compute capability 8.0
CUDA source using device (3) NVIDIA A100-SXM4-40GB with compute capability 8.0
CUDA source using device (3) NVIDIA A100-SXM4-40GB with compute capability 8.0
CUDA source using device (3) NVIDIA A100-SXM4-40GB with compute capability 8.0
CUDA source using device (0) NVIDIA A100-SXM4-40GB with compute capability 8.0
CUDA source using device (2) NVIDIA A100-SXM4-40GB with compute capability 8.0
CUDA source using device (1) NVIDIA A100-SXM4-40GB with compute capability 8.0
CUDA source using device (2) NVIDIA A100-SXM4-40GB with compute capability 8.0
CUDA source using device (0) NVIDIA A100-SXM4-40GB with compute capability 8.0
CUDA source using device (3) NVIDIA A100-SXM4-40GB with compute capability 8.0
CUDA source using device (1) NVIDIA A100-SXM4-40GB with compute capability 8.0
CUDA source using device (2) NVIDIA A100-SXM4-40GB with compute capability 8.0
rank,total_time,msamples_per_s
0,9.717037,577.761378
*,9.717037,9104.997599
2,8.720511,609.286182
3,8.848496,598.626743
1,8.536704,613.583952
5,8.788884,675.751078
10,8.775948,686.254014
16,8.335202,752.895356
6,8.812264,673.322002
11,8.584185,679.811030
19,8.277079,757.545661
4,8.497725,677.053238
8,8.836593,682.961815
18,8.215473,763.240130
7,8.780148,678.072073
9,8.677535,688.112408
17,8.254307,760.979469
14,8.314625,674.883939
12,8.908837,657.508158
15,8.888947,669.183262
13,8.883869,666.521891
