[INFO] chuc-2.lille.grid5000.fr - Worker 1: Awaiting partition info from coordinator...
[INFO] chuc-2.lille.grid5000.fr - Worker 3: Awaiting partition info from coordinator...
[INFO] chuc-2.lille.grid5000.fr - Worker 2: Awaiting partition info from coordinator...
[INFO] chuc-2.lille.grid5000.fr - Coordinator: Distributing partition info to workers...
[INFO] chuc-2.lille.grid5000.fr - Coordinator: Distributing partition info to 12 workers...
[INFO] chuc-2.lille.grid5000.fr - Coordinator: Global sizes: 968 x 968 x 968
[INFO] chuc-2.lille.grid5000.fr - Coordinator: Partition sizes: 320 x 240 x 960
[INFO] chuc-2.lille.grid5000.fr - Coordinator: Sent partition info to worker 4
[INFO] chuc-2.lille.grid5000.fr - Coordinator: Sent partition info to worker 8
[INFO] chuc-2.lille.grid5000.fr - Coordinator: Sent partition info to worker 1
[INFO] chuc-2.lille.grid5000.fr - Coordinator: Worker 5 will handle source at local index 39450692
[INFO] chuc-2.lille.grid5000.fr - Worker 1: Received partition info: local 328x248x968, global 968x968x968
[INFO] chuc-3.lille.grid5000.fr - Worker 4: Awaiting partition info from coordinator...
[INFO] chuc-7.lille.grid5000.fr - Worker 10: Awaiting partition info from coordinator...
[INFO] chuc-7.lille.grid5000.fr - Worker 9: Awaiting partition info from coordinator...
[INFO] chuc-7.lille.grid5000.fr - Worker 8: Awaiting partition info from coordinator...
[INFO] chuc-7.lille.grid5000.fr - Worker 8: Received partition info: local 328x248x968, global 968x968x968
[INFO] chuc-7.lille.grid5000.fr - Worker 11: Awaiting partition info from coordinator...
[INFO] chuc-3.lille.grid5000.fr - Worker 5: Awaiting partition info from coordinator...
[INFO] chuc-3.lille.grid5000.fr - Worker 6: Awaiting partition info from coordinator...
[INFO] chuc-3.lille.grid5000.fr - Worker 7: Awaiting partition info from coordinator...
[INFO] chuc-3.lille.grid5000.fr - Worker 4: Received partition info: local 328x248x968, global 968x968x968
[INFO] chuc-2.lille.grid5000.fr - Coordinator: Sent partition info to worker 5
[INFO] chuc-3.lille.grid5000.fr - Worker 5: Received partition info: local 328x248x968, global 968x968x968
[INFO] chuc-2.lille.grid5000.fr - Coordinator: Sent partition info to worker 9
[INFO] chuc-2.lille.grid5000.fr - Coordinator: Sent partition info to worker 2
[INFO] chuc-2.lille.grid5000.fr - Coordinator: Worker 6 will handle source at local index 39371972
[INFO] chuc-2.lille.grid5000.fr - Worker 2: Received partition info: local 328x248x968, global 968x968x968
[INFO] chuc-7.lille.grid5000.fr - Worker 9: Received partition info: local 328x248x968, global 968x968x968
[INFO] chuc-2.lille.grid5000.fr - Coordinator: Sent partition info to worker 6
[INFO] chuc-2.lille.grid5000.fr - Coordinator: Sent partition info to worker 10
[INFO] chuc-2.lille.grid5000.fr - Coordinator: Sent partition info to worker 3
[INFO] chuc-2.lille.grid5000.fr - Worker 3: Received partition info: local 328x248x968, global 968x968x968
[INFO] chuc-3.lille.grid5000.fr - Worker 6: Received partition info: local 328x248x968, global 968x968x968
[INFO] chuc-7.lille.grid5000.fr - Worker 10: Received partition info: local 328x248x968, global 968x968x968
[INFO] chuc-2.lille.grid5000.fr - Coordinator: Sent partition info to worker 7
[INFO] chuc-2.lille.grid5000.fr - Coordinator: Sent partition info to worker 11
[INFO] chuc-3.lille.grid5000.fr - Worker 7: Received partition info: local 328x248x968, global 968x968x968
[INFO] chuc-7.lille.grid5000.fr - Worker 11: Received partition info: local 328x248x968, global 968x968x968
[INFO] chuc-2.lille.grid5000.fr - Coordinator: Coordinator initialized locally with sizes 328 x 248 x 968
[INFO] chuc-2.lille.grid5000.fr - Coordinator: Starting worker process...
[INFO] chuc-2.lille.grid5000.fr - Coordinator: Starting 100 iterations with sizes 328 248 968
CUDA source using device (0) NVIDIA A100-SXM4-40GB with compute capability 8.0
[INFO] chuc-2.lille.grid5000.fr - Worker 1: Local initialization complete
[INFO] chuc-2.lille.grid5000.fr - Worker 1: Local initialization complete.
[INFO] chuc-2.lille.grid5000.fr - Worker 1: Starting worker process...
[INFO] chuc-2.lille.grid5000.fr - Worker 1: Starting 100 iterations with sizes 328 248 968
[INFO] chuc-3.lille.grid5000.fr - Worker 6: Local initialization complete
[INFO] chuc-3.lille.grid5000.fr - Worker 6: Local initialization complete.
[INFO] chuc-3.lille.grid5000.fr - Worker 6: Starting worker process...
[INFO] chuc-3.lille.grid5000.fr - Worker 6: Starting 100 iterations with sizes 328 248 968
[INFO] chuc-2.lille.grid5000.fr - Worker 3: Local initialization complete
[INFO] chuc-2.lille.grid5000.fr - Worker 3: Local initialization complete.
[INFO] chuc-2.lille.grid5000.fr - Worker 3: Starting worker process...
[INFO] chuc-2.lille.grid5000.fr - Worker 3: Starting 100 iterations with sizes 328 248 968
[INFO] chuc-2.lille.grid5000.fr - Worker 2: Local initialization complete
[INFO] chuc-2.lille.grid5000.fr - Worker 2: Local initialization complete.
[INFO] chuc-2.lille.grid5000.fr - Worker 2: Starting worker process...
[INFO] chuc-2.lille.grid5000.fr - Worker 2: Starting 100 iterations with sizes 328 248 968
[INFO] chuc-7.lille.grid5000.fr - Worker 8: Local initialization complete
[INFO] chuc-7.lille.grid5000.fr - Worker 8: Local initialization complete.
[INFO] chuc-7.lille.grid5000.fr - Worker 8: Starting worker process...
[INFO] chuc-7.lille.grid5000.fr - Worker 8: Starting 100 iterations with sizes 328 248 968
[INFO] chuc-7.lille.grid5000.fr - Worker 9: Local initialization complete
[INFO] chuc-7.lille.grid5000.fr - Worker 9: Local initialization complete.
[INFO] chuc-7.lille.grid5000.fr - Worker 9: Starting worker process...
[INFO] chuc-7.lille.grid5000.fr - Worker 9: Starting 100 iterations with sizes 328 248 968
[INFO] chuc-3.lille.grid5000.fr - Worker 7: Local initialization complete
[INFO] chuc-3.lille.grid5000.fr - Worker 7: Local initialization complete.
[INFO] chuc-3.lille.grid5000.fr - Worker 7: Starting worker process...
[INFO] chuc-3.lille.grid5000.fr - Worker 7: Starting 100 iterations with sizes 328 248 968
[INFO] chuc-3.lille.grid5000.fr - Worker 4: Local initialization complete
[INFO] chuc-3.lille.grid5000.fr - Worker 4: Local initialization complete.
[INFO] chuc-3.lille.grid5000.fr - Worker 4: Starting worker process...
[INFO] chuc-3.lille.grid5000.fr - Worker 4: Starting 100 iterations with sizes 328 248 968
[INFO] chuc-7.lille.grid5000.fr - Worker 10: Local initialization complete
[INFO] chuc-7.lille.grid5000.fr - Worker 10: Local initialization complete.
[INFO] chuc-7.lille.grid5000.fr - Worker 10: Starting worker process...
[INFO] chuc-7.lille.grid5000.fr - Worker 10: Starting 100 iterations with sizes 328 248 968
[INFO] chuc-3.lille.grid5000.fr - Worker 5: Local initialization complete
[INFO] chuc-3.lille.grid5000.fr - Worker 5: Local initialization complete.
[INFO] chuc-3.lille.grid5000.fr - Worker 5: Starting worker process...
[INFO] chuc-3.lille.grid5000.fr - Worker 5: Starting 100 iterations with sizes 328 248 968
CUDA source using device (3) NVIDIA A100-SXM4-40GB with compute capability 8.0
CUDA source using device (1) NVIDIA A100-SXM4-40GB with compute capability 8.0
CUDA source using device (2) NVIDIA A100-SXM4-40GB with compute capability 8.0
[INFO] chuc-7.lille.grid5000.fr - Worker 11: Local initialization complete
[INFO] chuc-7.lille.grid5000.fr - Worker 11: Local initialization complete.
[INFO] chuc-7.lille.grid5000.fr - Worker 11: Starting worker process...
[INFO] chuc-7.lille.grid5000.fr - Worker 11: Starting 100 iterations with sizes 328 248 968
CUDA source using device (3) NVIDIA A100-SXM4-40GB with compute capability 8.0
CUDA source using device (2) NVIDIA A100-SXM4-40GB with compute capability 8.0
CUDA source using device (0) NVIDIA A100-SXM4-40GB with compute capability 8.0
CUDA source using device (1) NVIDIA A100-SXM4-40GB with compute capability 8.0
CUDA source using device (1) NVIDIA A100-SXM4-40GB with compute capability 8.0
CUDA source using device (0) NVIDIA A100-SXM4-40GB with compute capability 8.0
CUDA source using device (3) NVIDIA A100-SXM4-40GB with compute capability 8.0
CUDA source using device (2) NVIDIA A100-SXM4-40GB with compute capability 8.0
rank,total_time,msamples_per_s
5,17.494793,474.573967
6,18.106486,472.138281
7,17.862946,471.096651
4,17.790657,474.234044
0,23.844910,327.589787
*,23.844910,3710.376768
1,18.094437,433.489573
2,17.942301,434.991207
3,18.062478,433.432999
9,17.912559,473.042630
11,17.226717,476.928095
8,17.896977,475.962606
10,17.588194,476.787667
