[INFO] chuc-5.lille.grid5000.fr - Worker 1: Awaiting partition info from coordinator...
[INFO] chuc-5.lille.grid5000.fr - Worker 1: Received partition info: local 132x132x256, global 256x256x256
[INFO] chuc-5.lille.grid5000.fr - Coordinator: Distributing partition info to workers...
[INFO] chuc-5.lille.grid5000.fr - Coordinator: Distributing partition info to 4 workers...
[INFO] chuc-5.lille.grid5000.fr - Coordinator: Global sizes: 256 x 256 x 256
[INFO] chuc-5.lille.grid5000.fr - Coordinator: Partition sizes: 124 x 124 x 248
[INFO] chuc-5.lille.grid5000.fr - Coordinator: Worker 2 will handle source at local index 2247172
[INFO] chuc-5.lille.grid5000.fr - Coordinator: Sent partition info to worker 2
[INFO] chuc-5.lille.grid5000.fr - Coordinator: Worker 1 will handle source at local index 2230928
[INFO] chuc-5.lille.grid5000.fr - Coordinator: Sent partition info to worker 1
[INFO] chuc-5.lille.grid5000.fr - Coordinator: Worker 3 will handle source at local index 2230804
[INFO] chuc-5.lille.grid5000.fr - Coordinator: Sent partition info to worker 3
[INFO] chuc-5.lille.grid5000.fr - Worker 2: Awaiting partition info from coordinator...
[INFO] chuc-5.lille.grid5000.fr - Worker 2: Received partition info: local 132x132x256, global 256x256x256
[INFO] chuc-5.lille.grid5000.fr - Worker 3: Awaiting partition info from coordinator...
[INFO] chuc-5.lille.grid5000.fr - Worker 3: Received partition info: local 132x132x256, global 256x256x256
[INFO] chuc-5.lille.grid5000.fr - Coordinator: Coordinator initialized locally with sizes 132 x 132 x 256
[INFO] chuc-5.lille.grid5000.fr - Coordinator: Starting worker process...
[INFO] chuc-5.lille.grid5000.fr - Coordinator: Starting 100 iterations with sizes 132 132 256
[INFO] chuc-5.lille.grid5000.fr - Worker 2: Local initialization complete
[INFO] chuc-5.lille.grid5000.fr - Worker 2: Local initialization complete.
[INFO] chuc-5.lille.grid5000.fr - Worker 2: Starting worker process...
[INFO] chuc-5.lille.grid5000.fr - Worker 2: Starting 100 iterations with sizes 132 132 256
[INFO] chuc-5.lille.grid5000.fr - Worker 1: Local initialization complete
[INFO] chuc-5.lille.grid5000.fr - Worker 1: Local initialization complete.
[INFO] chuc-5.lille.grid5000.fr - Worker 1: Starting worker process...
[INFO] chuc-5.lille.grid5000.fr - Worker 1: Starting 100 iterations with sizes 132 132 256
[INFO] chuc-5.lille.grid5000.fr - Worker 3: Local initialization complete
[INFO] chuc-5.lille.grid5000.fr - Worker 3: Local initialization complete.
[INFO] chuc-5.lille.grid5000.fr - Worker 3: Starting worker process...
[INFO] chuc-5.lille.grid5000.fr - Worker 3: Starting 100 iterations with sizes 132 132 256
CUDA source using device (2) NVIDIA A100-SXM4-40GB with compute capability 8.0
CUDA source using device (1) NVIDIA A100-SXM4-40GB with compute capability 8.0
CUDA source using device (0) NVIDIA A100-SXM4-40GB with compute capability 8.0
CUDA source using device (3) NVIDIA A100-SXM4-40GB with compute capability 8.0
rank,total_time,msamples_per_s
0,3.472419,256.102044
*,3.472419,439.261316
1,3.425107,251.301036
3,3.341534,259.594767
2,3.428174,248.939953
