[INFO] chuc-2.lille.grid5000.fr - Coordinator: Distributing partition info to workers...
[INFO] chuc-2.lille.grid5000.fr - Coordinator: Distributing partition info to 20 workers...
[INFO] chuc-2.lille.grid5000.fr - Coordinator: Global sizes: 968 x 968 x 968
[INFO] chuc-2.lille.grid5000.fr - Coordinator: Partition sizes: 960 x 960 x 48
[INFO] chuc-2.lille.grid5000.fr - Coordinator: Sent partition info to worker 1
[INFO] chuc-2.lille.grid5000.fr - Coordinator: Sent partition info to worker 2
[INFO] chuc-2.lille.grid5000.fr - Worker 1: Awaiting partition info from coordinator...
[INFO] chuc-2.lille.grid5000.fr - Worker 1: Received partition info: local 968x968x56, global 968x968x968
[INFO] chuc-2.lille.grid5000.fr - Worker 2: Awaiting partition info from coordinator...
[INFO] chuc-2.lille.grid5000.fr - Worker 2: Received partition info: local 968x968x56, global 968x968x968
[INFO] chuc-2.lille.grid5000.fr - Worker 3: Awaiting partition info from coordinator...
[INFO] chuc-2.lille.grid5000.fr - Worker 3: Received partition info: local 968x968x56, global 968x968x968
[INFO] chuc-2.lille.grid5000.fr - Coordinator: Sent partition info to worker 3
[INFO] chuc-2.lille.grid5000.fr - Coordinator: Sent partition info to worker 4
[INFO] chuc-3.lille.grid5000.fr - Worker 4: Awaiting partition info from coordinator...
[INFO] chuc-6.lille.grid5000.fr - Worker 13: Awaiting partition info from coordinator...
[INFO] chuc-4.lille.grid5000.fr - Worker 8: Awaiting partition info from coordinator...
[INFO] chuc-3.lille.grid5000.fr - Worker 5: Awaiting partition info from coordinator...
[INFO] chuc-6.lille.grid5000.fr - Worker 14: Awaiting partition info from coordinator...
[INFO] chuc-4.lille.grid5000.fr - Worker 9: Awaiting partition info from coordinator...
[INFO] chuc-8.lille.grid5000.fr - Worker 16: Awaiting partition info from coordinator...
[INFO] chuc-3.lille.grid5000.fr - Worker 6: Awaiting partition info from coordinator...
[INFO] chuc-6.lille.grid5000.fr - Worker 12: Awaiting partition info from coordinator...
[INFO] chuc-4.lille.grid5000.fr - Worker 10: Awaiting partition info from coordinator...
[INFO] chuc-8.lille.grid5000.fr - Worker 17: Awaiting partition info from coordinator...
[INFO] chuc-3.lille.grid5000.fr - Worker 7: Awaiting partition info from coordinator...
[INFO] chuc-6.lille.grid5000.fr - Worker 15: Awaiting partition info from coordinator...
[INFO] chuc-4.lille.grid5000.fr - Worker 11: Awaiting partition info from coordinator...
[INFO] chuc-8.lille.grid5000.fr - Worker 18: Awaiting partition info from coordinator...
[INFO] chuc-3.lille.grid5000.fr - Worker 4: Received partition info: local 968x968x56, global 968x968x968
[INFO] chuc-8.lille.grid5000.fr - Worker 19: Awaiting partition info from coordinator...
[INFO] chuc-2.lille.grid5000.fr - Coordinator: Sent partition info to worker 5
[INFO] chuc-3.lille.grid5000.fr - Worker 5: Received partition info: local 968x968x56, global 968x968x968
[INFO] chuc-2.lille.grid5000.fr - Coordinator: Sent partition info to worker 6
[INFO] chuc-3.lille.grid5000.fr - Worker 6: Received partition info: local 968x968x56, global 968x968x968
[INFO] chuc-2.lille.grid5000.fr - Coordinator: Sent partition info to worker 7
[INFO] chuc-2.lille.grid5000.fr - Coordinator: Sent partition info to worker 8
[INFO] chuc-2.lille.grid5000.fr - Coordinator: Worker 9 will handle source at local index 49194244
[INFO] chuc-3.lille.grid5000.fr - Worker 7: Received partition info: local 968x968x56, global 968x968x968
[INFO] chuc-4.lille.grid5000.fr - Worker 8: Received partition info: local 968x968x56, global 968x968x968
[INFO] chuc-2.lille.grid5000.fr - Coordinator: Sent partition info to worker 9
[INFO] chuc-2.lille.grid5000.fr - Coordinator: Worker 10 will handle source at local index 4217092
[INFO] chuc-4.lille.grid5000.fr - Worker 9: Received partition info: local 968x968x56, global 968x968x968
[INFO] chuc-2.lille.grid5000.fr - Coordinator: Sent partition info to worker 10
[INFO] chuc-4.lille.grid5000.fr - Worker 10: Received partition info: local 968x968x56, global 968x968x968
[INFO] chuc-2.lille.grid5000.fr - Coordinator: Sent partition info to worker 11
[INFO] chuc-2.lille.grid5000.fr - Coordinator: Sent partition info to worker 12
[INFO] chuc-4.lille.grid5000.fr - Worker 11: Received partition info: local 968x968x56, global 968x968x968
[INFO] chuc-6.lille.grid5000.fr - Worker 12: Received partition info: local 968x968x56, global 968x968x968
[INFO] chuc-2.lille.grid5000.fr - Coordinator: Sent partition info to worker 13
[INFO] chuc-6.lille.grid5000.fr - Worker 13: Received partition info: local 968x968x56, global 968x968x968
[INFO] chuc-2.lille.grid5000.fr - Coordinator: Sent partition info to worker 14
[INFO] chuc-6.lille.grid5000.fr - Worker 14: Received partition info: local 968x968x56, global 968x968x968
[INFO] chuc-2.lille.grid5000.fr - Coordinator: Sent partition info to worker 15
[INFO] chuc-2.lille.grid5000.fr - Coordinator: Sent partition info to worker 16
[INFO] chuc-6.lille.grid5000.fr - Worker 15: Received partition info: local 968x968x56, global 968x968x968
[INFO] chuc-8.lille.grid5000.fr - Worker 16: Received partition info: local 968x968x56, global 968x968x968
[INFO] chuc-2.lille.grid5000.fr - Coordinator: Sent partition info to worker 17
[INFO] chuc-2.lille.grid5000.fr - Coordinator: Sent partition info to worker 18
[INFO] chuc-2.lille.grid5000.fr - Coordinator: Sent partition info to worker 19
[INFO] chuc-8.lille.grid5000.fr - Worker 17: Received partition info: local 968x968x56, global 968x968x968
[INFO] chuc-8.lille.grid5000.fr - Worker 19: Received partition info: local 968x968x56, global 968x968x968
[INFO] chuc-8.lille.grid5000.fr - Worker 18: Received partition info: local 968x968x56, global 968x968x968
[INFO] chuc-2.lille.grid5000.fr - Coordinator: Coordinator initialized locally with sizes 968 x 968 x 56
[INFO] chuc-2.lille.grid5000.fr - Coordinator: Starting worker process...
[INFO] chuc-2.lille.grid5000.fr - Coordinator: Starting 100 iterations with sizes 968 968 56
CUDA source using device (0) NVIDIA A100-SXM4-40GB with compute capability 8.0
[INFO] chuc-2.lille.grid5000.fr - Worker 3: Local initialization complete
[INFO] chuc-2.lille.grid5000.fr - Worker 3: Local initialization complete.
[INFO] chuc-2.lille.grid5000.fr - Worker 3: Starting worker process...
[INFO] chuc-2.lille.grid5000.fr - Worker 3: Starting 100 iterations with sizes 968 968 56
[INFO] chuc-3.lille.grid5000.fr - Worker 5: Local initialization complete
[INFO] chuc-3.lille.grid5000.fr - Worker 5: Local initialization complete.
[INFO] chuc-3.lille.grid5000.fr - Worker 5: Starting worker process...
[INFO] chuc-3.lille.grid5000.fr - Worker 5: Starting 100 iterations with sizes 968 968 56
[INFO] chuc-2.lille.grid5000.fr - Worker 1: Local initialization complete
[INFO] chuc-2.lille.grid5000.fr - Worker 1: Local initialization complete.
[INFO] chuc-2.lille.grid5000.fr - Worker 1: Starting worker process...
[INFO] chuc-2.lille.grid5000.fr - Worker 1: Starting 100 iterations with sizes 968 968 56
[INFO] chuc-6.lille.grid5000.fr - Worker 15: Local initialization complete
[INFO] chuc-6.lille.grid5000.fr - Worker 15: Local initialization complete.
[INFO] chuc-6.lille.grid5000.fr - Worker 15: Starting worker process...
[INFO] chuc-6.lille.grid5000.fr - Worker 15: Starting 100 iterations with sizes 968 968 56
[INFO] chuc-4.lille.grid5000.fr - Worker 9: Local initialization complete
[INFO] chuc-4.lille.grid5000.fr - Worker 9: Local initialization complete.
[INFO] chuc-4.lille.grid5000.fr - Worker 9: Starting worker process...
[INFO] chuc-4.lille.grid5000.fr - Worker 9: Starting 100 iterations with sizes 968 968 56
[INFO] chuc-3.lille.grid5000.fr - Worker 4: Local initialization complete
[INFO] chuc-3.lille.grid5000.fr - Worker 4: Local initialization complete.
[INFO] chuc-3.lille.grid5000.fr - Worker 4: Starting worker process...
[INFO] chuc-3.lille.grid5000.fr - Worker 4: Starting 100 iterations with sizes 968 968 56
[INFO] chuc-4.lille.grid5000.fr - Worker 11: Local initialization complete
[INFO] chuc-4.lille.grid5000.fr - Worker 11: Local initialization complete.
[INFO] chuc-4.lille.grid5000.fr - Worker 11: Starting worker process...
[INFO] chuc-4.lille.grid5000.fr - Worker 11: Starting 100 iterations with sizes 968 968 56
[INFO] chuc-6.lille.grid5000.fr - Worker 13: Local initialization complete
[INFO] chuc-6.lille.grid5000.fr - Worker 13: Local initialization complete.
[INFO] chuc-6.lille.grid5000.fr - Worker 13: Starting worker process...
[INFO] chuc-6.lille.grid5000.fr - Worker 13: Starting 100 iterations with sizes 968 968 56
[INFO] chuc-3.lille.grid5000.fr - Worker 6: Local initialization complete
[INFO] chuc-3.lille.grid5000.fr - Worker 6: Local initialization complete.
[INFO] chuc-3.lille.grid5000.fr - Worker 6: Starting worker process...
[INFO] chuc-3.lille.grid5000.fr - Worker 6: Starting 100 iterations with sizes 968 968 56
[INFO] chuc-4.lille.grid5000.fr - Worker 10: Local initialization complete
[INFO] chuc-4.lille.grid5000.fr - Worker 10: Local initialization complete.
[INFO] chuc-4.lille.grid5000.fr - Worker 10: Starting worker process...
[INFO] chuc-4.lille.grid5000.fr - Worker 10: Starting 100 iterations with sizes 968 968 56
[INFO] chuc-6.lille.grid5000.fr - Worker 12: Local initialization complete
[INFO] chuc-6.lille.grid5000.fr - Worker 12: Local initialization complete.
[INFO] chuc-6.lille.grid5000.fr - Worker 12: Starting worker process...
[INFO] chuc-6.lille.grid5000.fr - Worker 12: Starting 100 iterations with sizes 968 968 56
[INFO] chuc-3.lille.grid5000.fr - Worker 7: Local initialization complete
[INFO] chuc-3.lille.grid5000.fr - Worker 7: Local initialization complete.
[INFO] chuc-3.lille.grid5000.fr - Worker 7: Starting worker process...
[INFO] chuc-3.lille.grid5000.fr - Worker 7: Starting 100 iterations with sizes 968 968 56
[INFO] chuc-6.lille.grid5000.fr - Worker 14: Local initialization complete
[INFO] chuc-6.lille.grid5000.fr - Worker 14: Local initialization complete.
[INFO] chuc-6.lille.grid5000.fr - Worker 14: Starting worker process...
[INFO] chuc-6.lille.grid5000.fr - Worker 14: Starting 100 iterations with sizes 968 968 56
[INFO] chuc-8.lille.grid5000.fr - Worker 19: Local initialization complete
[INFO] chuc-8.lille.grid5000.fr - Worker 19: Local initialization complete.
[INFO] chuc-8.lille.grid5000.fr - Worker 19: Starting worker process...
[INFO] chuc-8.lille.grid5000.fr - Worker 19: Starting 100 iterations with sizes 968 968 56
[INFO] chuc-8.lille.grid5000.fr - Worker 17: Local initialization complete
[INFO] chuc-8.lille.grid5000.fr - Worker 17: Local initialization complete.
[INFO] chuc-8.lille.grid5000.fr - Worker 17: Starting worker process...
[INFO] chuc-8.lille.grid5000.fr - Worker 17: Starting 100 iterations with sizes 968 968 56
[INFO] chuc-8.lille.grid5000.fr - Worker 18: Local initialization complete
[INFO] chuc-8.lille.grid5000.fr - Worker 18: Local initialization complete.
[INFO] chuc-8.lille.grid5000.fr - Worker 18: Starting worker process...
[INFO] chuc-8.lille.grid5000.fr - Worker 18: Starting 100 iterations with sizes 968 968 56
CUDA source using device (3) NVIDIA A100-SXM4-40GB with compute capability 8.0
CUDA source using device (1) NVIDIA A100-SXM4-40GB with compute capability 8.0
[INFO] chuc-8.lille.grid5000.fr - Worker 16: Local initialization complete
[INFO] chuc-8.lille.grid5000.fr - Worker 16: Local initialization complete.
[INFO] chuc-8.lille.grid5000.fr - Worker 16: Starting worker process...
[INFO] chuc-8.lille.grid5000.fr - Worker 16: Starting 100 iterations with sizes 968 968 56
[INFO] chuc-2.lille.grid5000.fr - Worker 2: Local initialization complete
[INFO] chuc-2.lille.grid5000.fr - Worker 2: Local initialization complete.
[INFO] chuc-2.lille.grid5000.fr - Worker 2: Starting worker process...
[INFO] chuc-2.lille.grid5000.fr - Worker 2: Starting 100 iterations with sizes 968 968 56
[INFO] chuc-4.lille.grid5000.fr - Worker 8: Local initialization complete
[INFO] chuc-4.lille.grid5000.fr - Worker 8: Local initialization complete.
[INFO] chuc-4.lille.grid5000.fr - Worker 8: Starting worker process...
[INFO] chuc-4.lille.grid5000.fr - Worker 8: Starting 100 iterations with sizes 968 968 56
CUDA source using device (2) NVIDIA A100-SXM4-40GB with compute capability 8.0
CUDA source using device (1) NVIDIA A100-SXM4-40GB with compute capability 8.0
CUDA source using device (2) NVIDIA A100-SXM4-40GB with compute capability 8.0
CUDA source using device (0) NVIDIA A100-SXM4-40GB with compute capability 8.0
CUDA source using device (3) NVIDIA A100-SXM4-40GB with compute capability 8.0
CUDA source using device (1) NVIDIA A100-SXM4-40GB with compute capability 8.0
CUDA source using device (3) NVIDIA A100-SXM4-40GB with compute capability 8.0
CUDA source using device (3) NVIDIA A100-SXM4-40GB with compute capability 8.0
CUDA source using device (2) NVIDIA A100-SXM4-40GB with compute capability 8.0
CUDA source using device (2) NVIDIA A100-SXM4-40GB with compute capability 8.0
CUDA source using device (0) NVIDIA A100-SXM4-40GB with compute capability 8.0
CUDA source using device (1) NVIDIA A100-SXM4-40GB with compute capability 8.0
CUDA source using device (0) NVIDIA A100-SXM4-40GB with compute capability 8.0
CUDA source using device (3) NVIDIA A100-SXM4-40GB with compute capability 8.0
CUDA source using device (1) NVIDIA A100-SXM4-40GB with compute capability 8.0
CUDA source using device (0) NVIDIA A100-SXM4-40GB with compute capability 8.0
CUDA source using device (2) NVIDIA A100-SXM4-40GB with compute capability 8.0
rank,total_time,msamples_per_s
0,11.728384,425.747795
*,11.728384,7543.545498
1,9.512026,508.011448
2,8.764632,529.726716
3,9.622810,503.267241
15,9.931183,578.999008
12,9.713084,589.476313
13,9.837813,586.604048
14,9.454124,584.061879
10,9.733284,592.288225
17,9.505131,621.437322
6,9.709616,585.581718
11,9.774123,589.512873
16,9.377372,625.012807
5,9.710553,593.017532
8,8.888422,597.478016
18,9.472464,626.510891
7,9.289417,594.335524
9,9.762063,591.876096
19,9.535248,620.591095
4,9.591033,599.608803
