[INFO] chuc-2.lille.grid5000.fr - Coordinator: Distributing partition info to workers...
[INFO] chuc-2.lille.grid5000.fr - Coordinator: Distributing partition info to 24 workers...
[INFO] chuc-2.lille.grid5000.fr - Coordinator: Global sizes: 968 x 968 x 968
[INFO] chuc-2.lille.grid5000.fr - Coordinator: Partition sizes: 80 x 480 x 960
[INFO] chuc-2.lille.grid5000.fr - Coordinator: Sent partition info to worker 2
[INFO] chuc-2.lille.grid5000.fr - Coordinator: Sent partition info to worker 4
[INFO] chuc-2.lille.grid5000.fr - Worker 2: Awaiting partition info from coordinator...
[INFO] chuc-2.lille.grid5000.fr - Worker 2: Received partition info: local 88x488x968, global 968x968x968
[INFO] chuc-2.lille.grid5000.fr - Worker 3: Awaiting partition info from coordinator...
[INFO] chuc-2.lille.grid5000.fr - Worker 1: Awaiting partition info from coordinator...
[INFO] chuc-7.lille.grid5000.fr - Worker 18: Awaiting partition info from coordinator...
[INFO] chuc-7.lille.grid5000.fr - Worker 16: Awaiting partition info from coordinator...
[INFO] chuc-6.lille.grid5000.fr - Worker 14: Awaiting partition info from coordinator...
[INFO] chuc-3.lille.grid5000.fr - Worker 6: Awaiting partition info from coordinator...
[INFO] chuc-4.lille.grid5000.fr - Worker 8: Awaiting partition info from coordinator...
[INFO] chuc-7.lille.grid5000.fr - Worker 17: Awaiting partition info from coordinator...
[INFO] chuc-6.lille.grid5000.fr - Worker 12: Awaiting partition info from coordinator...
[INFO] chuc-3.lille.grid5000.fr - Worker 4: Awaiting partition info from coordinator...
[INFO] chuc-3.lille.grid5000.fr - Worker 4: Received partition info: local 88x488x968, global 968x968x968
[INFO] chuc-7.lille.grid5000.fr - Worker 19: Awaiting partition info from coordinator...
[INFO] chuc-6.lille.grid5000.fr - Worker 13: Awaiting partition info from coordinator...
[INFO] chuc-3.lille.grid5000.fr - Worker 5: Awaiting partition info from coordinator...
[INFO] chuc-6.lille.grid5000.fr - Worker 15: Awaiting partition info from coordinator...
[INFO] chuc-3.lille.grid5000.fr - Worker 7: Awaiting partition info from coordinator...
[INFO] chuc-8.lille.grid5000.fr - Worker 20: Awaiting partition info from coordinator...
[INFO] chuc-8.lille.grid5000.fr - Worker 22: Awaiting partition info from coordinator...
[INFO] chuc-4.lille.grid5000.fr - Worker 10: Awaiting partition info from coordinator...
[INFO] chuc-8.lille.grid5000.fr - Worker 23: Awaiting partition info from coordinator...
[INFO] chuc-4.lille.grid5000.fr - Worker 9: Awaiting partition info from coordinator...
[INFO] chuc-8.lille.grid5000.fr - Worker 21: Awaiting partition info from coordinator...
[INFO] chuc-4.lille.grid5000.fr - Worker 11: Awaiting partition info from coordinator...
[INFO] chuc-2.lille.grid5000.fr - Coordinator: Sent partition info to worker 6
[INFO] chuc-2.lille.grid5000.fr - Coordinator: Sent partition info to worker 8
[INFO] chuc-2.lille.grid5000.fr - Coordinator: Worker 10 will handle source at local index 20827572
[INFO] chuc-4.lille.grid5000.fr - Worker 8: Received partition info: local 88x488x968, global 968x968x968
[INFO] chuc-3.lille.grid5000.fr - Worker 6: Received partition info: local 88x488x968, global 968x968x968
[INFO] chuc-2.lille.grid5000.fr - Coordinator: Sent partition info to worker 10
[INFO] chuc-2.lille.grid5000.fr - Coordinator: Worker 12 will handle source at local index 20827492
[INFO] chuc-4.lille.grid5000.fr - Worker 10: Received partition info: local 88x488x968, global 968x968x968
[INFO] chuc-2.lille.grid5000.fr - Coordinator: Sent partition info to worker 12
[INFO] chuc-6.lille.grid5000.fr - Worker 12: Received partition info: local 88x488x968, global 968x968x968
[INFO] chuc-2.lille.grid5000.fr - Coordinator: Sent partition info to worker 14
[INFO] chuc-2.lille.grid5000.fr - Coordinator: Sent partition info to worker 16
[INFO] chuc-7.lille.grid5000.fr - Worker 16: Received partition info: local 88x488x968, global 968x968x968
[INFO] chuc-6.lille.grid5000.fr - Worker 14: Received partition info: local 88x488x968, global 968x968x968
[INFO] chuc-2.lille.grid5000.fr - Coordinator: Sent partition info to worker 18
[INFO] chuc-2.lille.grid5000.fr - Coordinator: Sent partition info to worker 20
[INFO] chuc-2.lille.grid5000.fr - Coordinator: Sent partition info to worker 22
[INFO] chuc-2.lille.grid5000.fr - Coordinator: Sent partition info to worker 1
[INFO] chuc-2.lille.grid5000.fr - Worker 1: Received partition info: local 88x488x968, global 968x968x968
[INFO] chuc-2.lille.grid5000.fr - Coordinator: Sent partition info to worker 3
[INFO] chuc-2.lille.grid5000.fr - Worker 3: Received partition info: local 88x488x968, global 968x968x968
[INFO] chuc-7.lille.grid5000.fr - Worker 18: Received partition info: local 88x488x968, global 968x968x968
[INFO] chuc-8.lille.grid5000.fr - Worker 20: Received partition info: local 88x488x968, global 968x968x968
[INFO] chuc-8.lille.grid5000.fr - Worker 22: Received partition info: local 88x488x968, global 968x968x968
[INFO] chuc-2.lille.grid5000.fr - Coordinator: Sent partition info to worker 5
[INFO] chuc-3.lille.grid5000.fr - Worker 5: Received partition info: local 88x488x968, global 968x968x968
[INFO] chuc-2.lille.grid5000.fr - Coordinator: Sent partition info to worker 7
[INFO] chuc-3.lille.grid5000.fr - Worker 7: Received partition info: local 88x488x968, global 968x968x968
[INFO] chuc-2.lille.grid5000.fr - Coordinator: Sent partition info to worker 9
[INFO] chuc-2.lille.grid5000.fr - Coordinator: Worker 11 will handle source at local index 20785332
[INFO] chuc-4.lille.grid5000.fr - Worker 9: Received partition info: local 88x488x968, global 968x968x968
[INFO] chuc-2.lille.grid5000.fr - Coordinator: Sent partition info to worker 11
[INFO] chuc-2.lille.grid5000.fr - Coordinator: Worker 13 will handle source at local index 20785252
[INFO] chuc-4.lille.grid5000.fr - Worker 11: Received partition info: local 88x488x968, global 968x968x968
[INFO] chuc-2.lille.grid5000.fr - Coordinator: Sent partition info to worker 13
[INFO] chuc-6.lille.grid5000.fr - Worker 13: Received partition info: local 88x488x968, global 968x968x968
[INFO] chuc-2.lille.grid5000.fr - Coordinator: Sent partition info to worker 15
[INFO] chuc-6.lille.grid5000.fr - Worker 15: Received partition info: local 88x488x968, global 968x968x968
[INFO] chuc-2.lille.grid5000.fr - Coordinator: Sent partition info to worker 17
[INFO] chuc-7.lille.grid5000.fr - Worker 17: Received partition info: local 88x488x968, global 968x968x968
[INFO] chuc-2.lille.grid5000.fr - Coordinator: Sent partition info to worker 19
[INFO] chuc-7.lille.grid5000.fr - Worker 19: Received partition info: local 88x488x968, global 968x968x968
[INFO] chuc-2.lille.grid5000.fr - Coordinator: Sent partition info to worker 21
[INFO] chuc-2.lille.grid5000.fr - Coordinator: Sent partition info to worker 23
[INFO] chuc-8.lille.grid5000.fr - Worker 21: Received partition info: local 88x488x968, global 968x968x968
[INFO] chuc-8.lille.grid5000.fr - Worker 23: Received partition info: local 88x488x968, global 968x968x968
[INFO] chuc-2.lille.grid5000.fr - Coordinator: Coordinator initialized locally with sizes 88 x 488 x 968
[INFO] chuc-2.lille.grid5000.fr - Coordinator: Starting worker process...
[INFO] chuc-2.lille.grid5000.fr - Coordinator: Starting 100 iterations with sizes 88 488 968
CUDA source using device (0) NVIDIA A100-SXM4-40GB with compute capability 8.0
[INFO] chuc-7.lille.grid5000.fr - Worker 16: Local initialization complete
[INFO] chuc-7.lille.grid5000.fr - Worker 16: Local initialization complete.
[INFO] chuc-7.lille.grid5000.fr - Worker 16: Starting worker process...
[INFO] chuc-7.lille.grid5000.fr - Worker 16: Starting 100 iterations with sizes 88 488 968
[INFO] chuc-4.lille.grid5000.fr - Worker 10: Local initialization complete
[INFO] chuc-4.lille.grid5000.fr - Worker 10: Local initialization complete.
[INFO] chuc-4.lille.grid5000.fr - Worker 10: Starting worker process...
[INFO] chuc-4.lille.grid5000.fr - Worker 10: Starting 100 iterations with sizes 88 488 968
[INFO] chuc-2.lille.grid5000.fr - Worker 2: Local initialization complete
[INFO] chuc-2.lille.grid5000.fr - Worker 2: Local initialization complete.
[INFO] chuc-2.lille.grid5000.fr - Worker 2: Starting worker process...
[INFO] chuc-2.lille.grid5000.fr - Worker 2: Starting 100 iterations with sizes 88 488 968
[INFO] chuc-6.lille.grid5000.fr - Worker 12: Local initialization complete
[INFO] chuc-6.lille.grid5000.fr - Worker 12: Local initialization complete.
[INFO] chuc-6.lille.grid5000.fr - Worker 12: Starting worker process...
[INFO] chuc-6.lille.grid5000.fr - Worker 12: Starting 100 iterations with sizes 88 488 968
[INFO] chuc-7.lille.grid5000.fr - Worker 18: Local initialization complete
[INFO] chuc-7.lille.grid5000.fr - Worker 18: Local initialization complete.
[INFO] chuc-7.lille.grid5000.fr - Worker 18: Starting worker process...
[INFO] chuc-7.lille.grid5000.fr - Worker 18: Starting 100 iterations with sizes 88 488 968
[INFO] chuc-3.lille.grid5000.fr - Worker 6: Local initialization complete
[INFO] chuc-3.lille.grid5000.fr - Worker 6: Local initialization complete.
[INFO] chuc-3.lille.grid5000.fr - Worker 6: Starting worker process...
[INFO] chuc-3.lille.grid5000.fr - Worker 6: Starting 100 iterations with sizes 88 488 968
[INFO] chuc-6.lille.grid5000.fr - Worker 14: Local initialization complete
[INFO] chuc-6.lille.grid5000.fr - Worker 14: Local initialization complete.
[INFO] chuc-6.lille.grid5000.fr - Worker 14: Starting worker process...
[INFO] chuc-6.lille.grid5000.fr - Worker 14: Starting 100 iterations with sizes 88 488 968
[INFO] chuc-2.lille.grid5000.fr - Worker 1: Local initialization complete
[INFO] chuc-2.lille.grid5000.fr - Worker 1: Local initialization complete.
[INFO] chuc-2.lille.grid5000.fr - Worker 1: Starting worker process...
[INFO] chuc-2.lille.grid5000.fr - Worker 1: Starting 100 iterations with sizes 88 488 968
[INFO] chuc-4.lille.grid5000.fr - Worker 9: Local initialization complete
[INFO] chuc-4.lille.grid5000.fr - Worker 9: Local initialization complete.
[INFO] chuc-4.lille.grid5000.fr - Worker 9: Starting worker process...
[INFO] chuc-4.lille.grid5000.fr - Worker 9: Starting 100 iterations with sizes 88 488 968
[INFO] chuc-2.lille.grid5000.fr - Worker 3: Local initialization complete
[INFO] chuc-2.lille.grid5000.fr - Worker 3: Local initialization complete.
[INFO] chuc-2.lille.grid5000.fr - Worker 3: Starting worker process...
[INFO] chuc-2.lille.grid5000.fr - Worker 3: Starting 100 iterations with sizes 88 488 968
[INFO] chuc-6.lille.grid5000.fr - Worker 15: Local initialization complete
[INFO] chuc-6.lille.grid5000.fr - Worker 15: Local initialization complete.
[INFO] chuc-6.lille.grid5000.fr - Worker 15: Starting worker process...
[INFO] chuc-6.lille.grid5000.fr - Worker 15: Starting 100 iterations with sizes 88 488 968
[INFO] chuc-7.lille.grid5000.fr - Worker 19: Local initialization complete
[INFO] chuc-7.lille.grid5000.fr - Worker 19: Local initialization complete.
[INFO] chuc-7.lille.grid5000.fr - Worker 19: Starting worker process...
[INFO] chuc-7.lille.grid5000.fr - Worker 19: Starting 100 iterations with sizes 88 488 968
[INFO] chuc-7.lille.grid5000.fr - Worker 17: Local initialization complete
[INFO] chuc-7.lille.grid5000.fr - Worker 17: Local initialization complete.
[INFO] chuc-7.lille.grid5000.fr - Worker 17: Starting worker process...
[INFO] chuc-7.lille.grid5000.fr - Worker 17: Starting 100 iterations with sizes 88 488 968
[INFO] chuc-3.lille.grid5000.fr - Worker 7: Local initialization complete
[INFO] chuc-3.lille.grid5000.fr - Worker 7: Local initialization complete.
[INFO] chuc-3.lille.grid5000.fr - Worker 7: Starting worker process...
[INFO] chuc-3.lille.grid5000.fr - Worker 7: Starting 100 iterations with sizes 88 488 968
[INFO] chuc-6.lille.grid5000.fr - Worker 13: Local initialization complete
[INFO] chuc-6.lille.grid5000.fr - Worker 13: Local initialization complete.
[INFO] chuc-6.lille.grid5000.fr - Worker 13: Starting worker process...
[INFO] chuc-6.lille.grid5000.fr - Worker 13: Starting 100 iterations with sizes 88 488 968
[INFO] chuc-3.lille.grid5000.fr - Worker 4: Local initialization complete
[INFO] chuc-3.lille.grid5000.fr - Worker 4: Local initialization complete.
[INFO] chuc-3.lille.grid5000.fr - Worker 4: Starting worker process...
[INFO] chuc-3.lille.grid5000.fr - Worker 4: Starting 100 iterations with sizes 88 488 968
[INFO] chuc-3.lille.grid5000.fr - Worker 5: Local initialization complete
[INFO] chuc-3.lille.grid5000.fr - Worker 5: Local initialization complete.
[INFO] chuc-3.lille.grid5000.fr - Worker 5: Starting worker process...
[INFO] chuc-3.lille.grid5000.fr - Worker 5: Starting 100 iterations with sizes 88 488 968
[INFO] chuc-8.lille.grid5000.fr - Worker 22: Local initialization complete
[INFO] chuc-8.lille.grid5000.fr - Worker 22: Local initialization complete.
[INFO] chuc-8.lille.grid5000.fr - Worker 22: Starting worker process...
[INFO] chuc-8.lille.grid5000.fr - Worker 22: Starting 100 iterations with sizes 88 488 968
[INFO] chuc-4.lille.grid5000.fr - Worker 11: Local initialization complete
[INFO] chuc-4.lille.grid5000.fr - Worker 11: Local initialization complete.
[INFO] chuc-4.lille.grid5000.fr - Worker 11: Starting worker process...
[INFO] chuc-4.lille.grid5000.fr - Worker 11: Starting 100 iterations with sizes 88 488 968
[INFO] chuc-4.lille.grid5000.fr - Worker 8: Local initialization complete
[INFO] chuc-4.lille.grid5000.fr - Worker 8: Local initialization complete.
[INFO] chuc-4.lille.grid5000.fr - Worker 8: Starting worker process...
[INFO] chuc-4.lille.grid5000.fr - Worker 8: Starting 100 iterations with sizes 88 488 968
[INFO] chuc-8.lille.grid5000.fr - Worker 20: Local initialization complete
[INFO] chuc-8.lille.grid5000.fr - Worker 20: Local initialization complete.
[INFO] chuc-8.lille.grid5000.fr - Worker 20: Starting worker process...
[INFO] chuc-8.lille.grid5000.fr - Worker 20: Starting 100 iterations with sizes 88 488 968
[INFO] chuc-8.lille.grid5000.fr - Worker 21: Local initialization complete
[INFO] chuc-8.lille.grid5000.fr - Worker 21: Local initialization complete.
[INFO] chuc-8.lille.grid5000.fr - Worker 21: Starting worker process...
[INFO] chuc-8.lille.grid5000.fr - Worker 21: Starting 100 iterations with sizes 88 488 968
[INFO] chuc-8.lille.grid5000.fr - Worker 23: Local initialization complete
[INFO] chuc-8.lille.grid5000.fr - Worker 23: Local initialization complete.
[INFO] chuc-8.lille.grid5000.fr - Worker 23: Starting worker process...
[INFO] chuc-8.lille.grid5000.fr - Worker 23: Starting 100 iterations with sizes 88 488 968
CUDA source using device (2) NVIDIA A100-SXM4-40GB with compute capability 8.0
CUDA source using device (3) NVIDIA A100-SXM4-40GB with compute capability 8.0
CUDA source using device (1) NVIDIA A100-SXM4-40GB with compute capability 8.0
CUDA source using device (3) NVIDIA A100-SXM4-40GB with compute capability 8.0
CUDA source using device (0) NVIDIA A100-SXM4-40GB with compute capability 8.0
CUDA source using device (2) NVIDIA A100-SXM4-40GB with compute capability 8.0
CUDA source using device (1) NVIDIA A100-SXM4-40GB with compute capability 8.0
CUDA source using device (2) NVIDIA A100-SXM4-40GB with compute capability 8.0
CUDA source using device (2) NVIDIA A100-SXM4-40GB with compute capability 8.0
CUDA source using device (1) NVIDIA A100-SXM4-40GB with compute capability 8.0
CUDA source using device (0) NVIDIA A100-SXM4-40GB with compute capability 8.0
CUDA source using device (3) NVIDIA A100-SXM4-40GB with compute capability 8.0
CUDA source using device (3) NVIDIA A100-SXM4-40GB with compute capability 8.0
CUDA source using device (0) NVIDIA A100-SXM4-40GB with compute capability 8.0
CUDA source using device (1) NVIDIA A100-SXM4-40GB with compute capability 8.0
CUDA source using device (0) NVIDIA A100-SXM4-40GB with compute capability 8.0
CUDA source using device (3) NVIDIA A100-SXM4-40GB with compute capability 8.0
CUDA source using device (1) NVIDIA A100-SXM4-40GB with compute capability 8.0
CUDA source using device (2) NVIDIA A100-SXM4-40GB with compute capability 8.0
CUDA source using device (0) NVIDIA A100-SXM4-40GB with compute capability 8.0
CUDA source using device (3) NVIDIA A100-SXM4-40GB with compute capability 8.0
CUDA source using device (1) NVIDIA A100-SXM4-40GB with compute capability 8.0
CUDA source using device (2) NVIDIA A100-SXM4-40GB with compute capability 8.0
rank,total_time,msamples_per_s
0,31.071836,124.281145
*,31.071836,2847.388904
1,29.192308,130.824962
3,29.260380,130.434737
2,29.394798,129.281909
10,29.662236,134.622038
11,29.093422,134.731119
8,28.986023,135.106506
22,29.451020,136.967505
23,29.265441,136.885573
9,29.460770,135.037733
20,29.395018,136.393899
21,29.356678,136.946760
17,29.704856,133.719344
4,29.076623,136.449972
14,29.721075,134.008239
19,29.763226,133.149310
6,29.479875,136.371604
12,29.689787,134.367514
18,29.871276,133.504649
7,29.362323,136.051172
13,29.526327,134.848091
16,29.852820,133.538116
5,29.047483,136.904314
15,29.691899,133.910974
