[INFO] chuc-5.lille.grid5000.fr - Worker 1: Awaiting partition info from coordinator...
[INFO] chuc-5.lille.grid5000.fr - Worker 1: Received partition info: local 68x68x128, global 128x128x128
[INFO] chuc-5.lille.grid5000.fr - Worker 2: Awaiting partition info from coordinator...
[INFO] chuc-5.lille.grid5000.fr - Worker 2: Received partition info: local 68x68x128, global 128x128x128
[INFO] chuc-5.lille.grid5000.fr - Worker 3: Awaiting partition info from coordinator...
[INFO] chuc-5.lille.grid5000.fr - Worker 3: Received partition info: local 68x68x128, global 128x128x128
[INFO] chuc-5.lille.grid5000.fr - Coordinator: Distributing partition info to workers...
[INFO] chuc-5.lille.grid5000.fr - Coordinator: Distributing partition info to 4 workers...
[INFO] chuc-5.lille.grid5000.fr - Coordinator: Global sizes: 128 x 128 x 128
[INFO] chuc-5.lille.grid5000.fr - Coordinator: Partition sizes: 60 x 60 x 120
[INFO] chuc-5.lille.grid5000.fr - Coordinator: Worker 2 will handle source at local index 300292
[INFO] chuc-5.lille.grid5000.fr - Coordinator: Sent partition info to worker 2
[INFO] chuc-5.lille.grid5000.fr - Coordinator: Worker 1 will handle source at local index 296272
[INFO] chuc-5.lille.grid5000.fr - Coordinator: Sent partition info to worker 1
[INFO] chuc-5.lille.grid5000.fr - Coordinator: Worker 3 will handle source at local index 296212
[INFO] chuc-5.lille.grid5000.fr - Coordinator: Sent partition info to worker 3
[INFO] chuc-5.lille.grid5000.fr - Coordinator: Coordinator initialized locally with sizes 68 x 68 x 128
[INFO] chuc-5.lille.grid5000.fr - Coordinator: Starting worker process...
[INFO] chuc-5.lille.grid5000.fr - Coordinator: Starting 100 iterations with sizes 68 68 128
[INFO] chuc-5.lille.grid5000.fr - Worker 1: Local initialization complete
[INFO] chuc-5.lille.grid5000.fr - Worker 1: Local initialization complete.
[INFO] chuc-5.lille.grid5000.fr - Worker 1: Starting worker process...
[INFO] chuc-5.lille.grid5000.fr - Worker 1: Starting 100 iterations with sizes 68 68 128
[INFO] chuc-5.lille.grid5000.fr - Worker 2: Local initialization complete
[INFO] chuc-5.lille.grid5000.fr - Worker 2: Local initialization complete.
[INFO] chuc-5.lille.grid5000.fr - Worker 2: Starting worker process...
[INFO] chuc-5.lille.grid5000.fr - Worker 2: Starting 100 iterations with sizes 68 68 128
[INFO] chuc-5.lille.grid5000.fr - Worker 3: Local initialization complete
[INFO] chuc-5.lille.grid5000.fr - Worker 3: Local initialization complete.
[INFO] chuc-5.lille.grid5000.fr - Worker 3: Starting worker process...
[INFO] chuc-5.lille.grid5000.fr - Worker 3: Starting 100 iterations with sizes 68 68 128
CUDA source using device (0) NVIDIA A100-SXM4-40GB with compute capability 8.0
CUDA source using device (2) NVIDIA A100-SXM4-40GB with compute capability 8.0
CUDA source using device (1) NVIDIA A100-SXM4-40GB with compute capability 8.0
CUDA source using device (3) NVIDIA A100-SXM4-40GB with compute capability 8.0
rank,total_time,msamples_per_s
0,2.544485,71.189220
*,2.544485,67.911569
1,2.529218,90.279988
3,2.528834,90.627153
2,2.529119,83.550612
