[INFO] chuc-2.lille.grid5000.fr - Worker 3: Awaiting partition info from coordinator...
[INFO] chuc-2.lille.grid5000.fr - Coordinator: Distributing partition info to workers...
[INFO] chuc-2.lille.grid5000.fr - Coordinator: Distributing partition info to 8 workers...
[INFO] chuc-2.lille.grid5000.fr - Coordinator: Global sizes: 968 x 968 x 968
[INFO] chuc-2.lille.grid5000.fr - Coordinator: Partition sizes: 480 x 240 x 960
[INFO] chuc-2.lille.grid5000.fr - Coordinator: Sent partition info to worker 4
[INFO] chuc-2.lille.grid5000.fr - Coordinator: Worker 1 will handle source at local index 58695172
[INFO] chuc-2.lille.grid5000.fr - Coordinator: Sent partition info to worker 1
[INFO] chuc-2.lille.grid5000.fr - Coordinator: Worker 5 will handle source at local index 58694692
[INFO] chuc-2.lille.grid5000.fr - Worker 1: Awaiting partition info from coordinator...
[INFO] chuc-2.lille.grid5000.fr - Worker 1: Received partition info: local 488x248x968, global 968x968x968
[INFO] chuc-2.lille.grid5000.fr - Worker 2: Awaiting partition info from coordinator...
[INFO] chuc-3.lille.grid5000.fr - Worker 5: Awaiting partition info from coordinator...
[INFO] chuc-3.lille.grid5000.fr - Worker 7: Awaiting partition info from coordinator...
[INFO] chuc-3.lille.grid5000.fr - Worker 6: Awaiting partition info from coordinator...
[INFO] chuc-3.lille.grid5000.fr - Worker 4: Awaiting partition info from coordinator...
[INFO] chuc-3.lille.grid5000.fr - Worker 4: Received partition info: local 488x248x968, global 968x968x968
[INFO] chuc-3.lille.grid5000.fr - Worker 5: Received partition info: local 488x248x968, global 968x968x968
[INFO] chuc-2.lille.grid5000.fr - Coordinator: Sent partition info to worker 5
[INFO] chuc-2.lille.grid5000.fr - Coordinator: Worker 2 will handle source at local index 58578052
[INFO] chuc-2.lille.grid5000.fr - Coordinator: Sent partition info to worker 2
[INFO] chuc-2.lille.grid5000.fr - Coordinator: Worker 6 will handle source at local index 58577572
[INFO] chuc-2.lille.grid5000.fr - Worker 2: Received partition info: local 488x248x968, global 968x968x968
[INFO] chuc-2.lille.grid5000.fr - Coordinator: Sent partition info to worker 6
[INFO] chuc-2.lille.grid5000.fr - Coordinator: Sent partition info to worker 3
[INFO] chuc-2.lille.grid5000.fr - Worker 3: Received partition info: local 488x248x968, global 968x968x968
[INFO] chuc-3.lille.grid5000.fr - Worker 6: Received partition info: local 488x248x968, global 968x968x968
[INFO] chuc-2.lille.grid5000.fr - Coordinator: Sent partition info to worker 7
[INFO] chuc-3.lille.grid5000.fr - Worker 7: Received partition info: local 488x248x968, global 968x968x968
[INFO] chuc-2.lille.grid5000.fr - Coordinator: Coordinator initialized locally with sizes 488 x 248 x 968
[INFO] chuc-2.lille.grid5000.fr - Coordinator: Starting worker process...
[INFO] chuc-2.lille.grid5000.fr - Coordinator: Starting 100 iterations with sizes 488 248 968
CUDA source using device (0) NVIDIA A100-SXM4-40GB with compute capability 8.0
[INFO] chuc-3.lille.grid5000.fr - Worker 6: Local initialization complete
[INFO] chuc-3.lille.grid5000.fr - Worker 6: Local initialization complete.
[INFO] chuc-3.lille.grid5000.fr - Worker 6: Starting worker process...
[INFO] chuc-3.lille.grid5000.fr - Worker 6: Starting 100 iterations with sizes 488 248 968
[INFO] chuc-3.lille.grid5000.fr - Worker 5: Local initialization complete
[INFO] chuc-3.lille.grid5000.fr - Worker 5: Local initialization complete.
[INFO] chuc-3.lille.grid5000.fr - Worker 5: Starting worker process...
[INFO] chuc-3.lille.grid5000.fr - Worker 5: Starting 100 iterations with sizes 488 248 968
[INFO] chuc-2.lille.grid5000.fr - Worker 2: Local initialization complete
[INFO] chuc-2.lille.grid5000.fr - Worker 2: Local initialization complete.
[INFO] chuc-2.lille.grid5000.fr - Worker 2: Starting worker process...
[INFO] chuc-2.lille.grid5000.fr - Worker 2: Starting 100 iterations with sizes 488 248 968
[INFO] chuc-2.lille.grid5000.fr - Worker 3: Local initialization complete
[INFO] chuc-2.lille.grid5000.fr - Worker 3: Local initialization complete.
[INFO] chuc-2.lille.grid5000.fr - Worker 3: Starting worker process...
[INFO] chuc-2.lille.grid5000.fr - Worker 3: Starting 100 iterations with sizes 488 248 968
[INFO] chuc-2.lille.grid5000.fr - Worker 1: Local initialization complete
[INFO] chuc-2.lille.grid5000.fr - Worker 1: Local initialization complete.
[INFO] chuc-2.lille.grid5000.fr - Worker 1: Starting worker process...
[INFO] chuc-2.lille.grid5000.fr - Worker 1: Starting 100 iterations with sizes 488 248 968
[INFO] chuc-3.lille.grid5000.fr - Worker 7: Local initialization complete
[INFO] chuc-3.lille.grid5000.fr - Worker 7: Local initialization complete.
[INFO] chuc-3.lille.grid5000.fr - Worker 7: Starting worker process...
[INFO] chuc-3.lille.grid5000.fr - Worker 7: Starting 100 iterations with sizes 488 248 968
CUDA source using device (2) NVIDIA A100-SXM4-40GB with compute capability 8.0
CUDA source using device (3) NVIDIA A100-SXM4-40GB with compute capability 8.0
CUDA source using device (1) NVIDIA A100-SXM4-40GB with compute capability 8.0
[INFO] chuc-3.lille.grid5000.fr - Worker 4: Local initialization complete
[INFO] chuc-3.lille.grid5000.fr - Worker 4: Local initialization complete.
[INFO] chuc-3.lille.grid5000.fr - Worker 4: Starting worker process...
[INFO] chuc-3.lille.grid5000.fr - Worker 4: Starting 100 iterations with sizes 488 248 968
CUDA source using device (1) NVIDIA A100-SXM4-40GB with compute capability 8.0
CUDA source using device (2) NVIDIA A100-SXM4-40GB with compute capability 8.0
CUDA source using device (3) NVIDIA A100-SXM4-40GB with compute capability 8.0
CUDA source using device (0) NVIDIA A100-SXM4-40GB with compute capability 8.0
rank,total_time,msamples_per_s
0,19.828652,602.879873
*,19.828652,4461.907028
2,15.276366,782.615756
3,15.207944,796.208941
1,15.188093,797.154572
4,13.718076,863.715881
7,14.976637,852.363426
6,15.447293,848.194515
5,15.434015,844.041094
