[INFO] chuc-2.lille.grid5000.fr - Worker 2: Awaiting partition info from coordinator...
[INFO] chuc-2.lille.grid5000.fr - Worker 1: Awaiting partition info from coordinator...
[INFO] chuc-2.lille.grid5000.fr - Coordinator: Distributing partition info to workers...
[INFO] chuc-2.lille.grid5000.fr - Coordinator: Distributing partition info to 16 workers...
[INFO] chuc-2.lille.grid5000.fr - Coordinator: Global sizes: 2176 x 2176 x 2176
[INFO] chuc-2.lille.grid5000.fr - Coordinator: Partition sizes: 542 x 1084 x 1084
[INFO] chuc-2.lille.grid5000.fr - Coordinator: Worker 4 will handle source at local index 654051746
[INFO] chuc-2.lille.grid5000.fr - Coordinator: Sent partition info to worker 4
[INFO] chuc-2.lille.grid5000.fr - Coordinator: Worker 8 will handle source at local index 654051204
[INFO] chuc-2.lille.grid5000.fr - Coordinator: Sent partition info to worker 8
[INFO] chuc-2.lille.grid5000.fr - Worker 3: Awaiting partition info from coordinator...
[INFO] chuc-7.lille.grid5000.fr - Worker 9: Awaiting partition info from coordinator...
[INFO] chuc-7.lille.grid5000.fr - Worker 8: Awaiting partition info from coordinator...
[INFO] chuc-7.lille.grid5000.fr - Worker 10: Awaiting partition info from coordinator...
[INFO] chuc-3.lille.grid5000.fr - Worker 6: Awaiting partition info from coordinator...
[INFO] chuc-8.lille.grid5000.fr - Worker 12: Awaiting partition info from coordinator...
[INFO] chuc-7.lille.grid5000.fr - Worker 11: Awaiting partition info from coordinator...
[INFO] chuc-3.lille.grid5000.fr - Worker 4: Awaiting partition info from coordinator...
[INFO] chuc-3.lille.grid5000.fr - Worker 4: Received partition info: local 550x1092x1092, global 2176x2176x2176
[INFO] chuc-8.lille.grid5000.fr - Worker 14: Awaiting partition info from coordinator...
[INFO] chuc-7.lille.grid5000.fr - Worker 8: Received partition info: local 550x1092x1092, global 2176x2176x2176
[INFO] chuc-3.lille.grid5000.fr - Worker 5: Awaiting partition info from coordinator...
[INFO] chuc-8.lille.grid5000.fr - Worker 13: Awaiting partition info from coordinator...
[INFO] chuc-3.lille.grid5000.fr - Worker 7: Awaiting partition info from coordinator...
[INFO] chuc-8.lille.grid5000.fr - Worker 15: Awaiting partition info from coordinator...
[INFO] chuc-2.lille.grid5000.fr - Coordinator: Sent partition info to worker 12
[INFO] chuc-2.lille.grid5000.fr - Coordinator: Sent partition info to worker 2
[INFO] chuc-2.lille.grid5000.fr - Coordinator: Worker 6 will handle source at local index 653455546
[INFO] chuc-2.lille.grid5000.fr - Worker 2: Received partition info: local 550x1092x1092, global 2176x2176x2176
[INFO] chuc-8.lille.grid5000.fr - Worker 12: Received partition info: local 550x1092x1092, global 2176x2176x2176
[INFO] chuc-2.lille.grid5000.fr - Coordinator: Sent partition info to worker 6
[INFO] chuc-2.lille.grid5000.fr - Coordinator: Worker 10 will handle source at local index 653455004
[INFO] chuc-3.lille.grid5000.fr - Worker 6: Received partition info: local 550x1092x1092, global 2176x2176x2176
[INFO] chuc-2.lille.grid5000.fr - Coordinator: Sent partition info to worker 10
[INFO] chuc-7.lille.grid5000.fr - Worker 10: Received partition info: local 550x1092x1092, global 2176x2176x2176
[INFO] chuc-2.lille.grid5000.fr - Coordinator: Sent partition info to worker 14
[INFO] chuc-2.lille.grid5000.fr - Coordinator: Sent partition info to worker 1
[INFO] chuc-2.lille.grid5000.fr - Coordinator: Worker 5 will handle source at local index 3001346
[INFO] chuc-2.lille.grid5000.fr - Worker 1: Received partition info: local 550x1092x1092, global 2176x2176x2176
[INFO] chuc-8.lille.grid5000.fr - Worker 14: Received partition info: local 550x1092x1092, global 2176x2176x2176
[INFO] chuc-2.lille.grid5000.fr - Coordinator: Sent partition info to worker 5
[INFO] chuc-2.lille.grid5000.fr - Coordinator: Worker 9 will handle source at local index 3000804
[INFO] chuc-3.lille.grid5000.fr - Worker 5: Received partition info: local 550x1092x1092, global 2176x2176x2176
[INFO] chuc-2.lille.grid5000.fr - Coordinator: Sent partition info to worker 9
[INFO] chuc-7.lille.grid5000.fr - Worker 9: Received partition info: local 550x1092x1092, global 2176x2176x2176
[INFO] chuc-2.lille.grid5000.fr - Coordinator: Sent partition info to worker 13
[INFO] chuc-2.lille.grid5000.fr - Coordinator: Sent partition info to worker 3
[INFO] chuc-2.lille.grid5000.fr - Coordinator: Worker 7 will handle source at local index 2405146
[INFO] chuc-2.lille.grid5000.fr - Worker 3: Received partition info: local 550x1092x1092, global 2176x2176x2176
[INFO] chuc-8.lille.grid5000.fr - Worker 13: Received partition info: local 550x1092x1092, global 2176x2176x2176
[INFO] chuc-2.lille.grid5000.fr - Coordinator: Sent partition info to worker 7
[INFO] chuc-2.lille.grid5000.fr - Coordinator: Worker 11 will handle source at local index 2404604
[INFO] chuc-3.lille.grid5000.fr - Worker 7: Received partition info: local 550x1092x1092, global 2176x2176x2176
[INFO] chuc-2.lille.grid5000.fr - Coordinator: Sent partition info to worker 11
[INFO] chuc-7.lille.grid5000.fr - Worker 11: Received partition info: local 550x1092x1092, global 2176x2176x2176
[INFO] chuc-2.lille.grid5000.fr - Coordinator: Sent partition info to worker 15
[INFO] chuc-8.lille.grid5000.fr - Worker 15: Received partition info: local 550x1092x1092, global 2176x2176x2176
[INFO] chuc-2.lille.grid5000.fr - Coordinator: Coordinator initialized locally with sizes 550 x 1092 x 1092
[INFO] chuc-2.lille.grid5000.fr - Coordinator: Starting worker process...
[INFO] chuc-2.lille.grid5000.fr - Coordinator: Starting 100 iterations with sizes 550 1092 1092
CUDA source using device (0) NVIDIA A100-SXM4-40GB with compute capability 8.0
[INFO] chuc-3.lille.grid5000.fr - Worker 4: Local initialization complete
[INFO] chuc-3.lille.grid5000.fr - Worker 4: Local initialization complete.
[INFO] chuc-3.lille.grid5000.fr - Worker 4: Starting worker process...
[INFO] chuc-3.lille.grid5000.fr - Worker 4: Starting 100 iterations with sizes 550 1092 1092
[INFO] chuc-3.lille.grid5000.fr - Worker 5: Local initialization complete
[INFO] chuc-3.lille.grid5000.fr - Worker 5: Local initialization complete.
[INFO] chuc-3.lille.grid5000.fr - Worker 5: Starting worker process...
[INFO] chuc-3.lille.grid5000.fr - Worker 5: Starting 100 iterations with sizes 550 1092 1092
[INFO] chuc-7.lille.grid5000.fr - Worker 9: Local initialization complete
[INFO] chuc-7.lille.grid5000.fr - Worker 9: Local initialization complete.
[INFO] chuc-7.lille.grid5000.fr - Worker 9: Starting worker process...
[INFO] chuc-7.lille.grid5000.fr - Worker 9: Starting 100 iterations with sizes 550 1092 1092
[INFO] chuc-7.lille.grid5000.fr - Worker 8: Local initialization complete
[INFO] chuc-7.lille.grid5000.fr - Worker 8: Local initialization complete.
[INFO] chuc-7.lille.grid5000.fr - Worker 8: Starting worker process...
[INFO] chuc-7.lille.grid5000.fr - Worker 8: Starting 100 iterations with sizes 550 1092 1092
[INFO] chuc-7.lille.grid5000.fr - Worker 10: Local initialization complete
[INFO] chuc-7.lille.grid5000.fr - Worker 10: Local initialization complete.
[INFO] chuc-7.lille.grid5000.fr - Worker 10: Starting worker process...
[INFO] chuc-7.lille.grid5000.fr - Worker 10: Starting 100 iterations with sizes 550 1092 1092
[INFO] chuc-7.lille.grid5000.fr - Worker 11: Local initialization complete
[INFO] chuc-7.lille.grid5000.fr - Worker 11: Local initialization complete.
[INFO] chuc-7.lille.grid5000.fr - Worker 11: Starting worker process...
[INFO] chuc-7.lille.grid5000.fr - Worker 11: Starting 100 iterations with sizes 550 1092 1092
[INFO] chuc-3.lille.grid5000.fr - Worker 7: Local initialization complete
[INFO] chuc-3.lille.grid5000.fr - Worker 7: Local initialization complete.
[INFO] chuc-3.lille.grid5000.fr - Worker 7: Starting worker process...
[INFO] chuc-3.lille.grid5000.fr - Worker 7: Starting 100 iterations with sizes 550 1092 1092
[INFO] chuc-2.lille.grid5000.fr - Worker 1: Local initialization complete
[INFO] chuc-2.lille.grid5000.fr - Worker 1: Local initialization complete.
[INFO] chuc-2.lille.grid5000.fr - Worker 1: Starting worker process...
[INFO] chuc-2.lille.grid5000.fr - Worker 1: Starting 100 iterations with sizes 550 1092 1092
[INFO] chuc-8.lille.grid5000.fr - Worker 12: Local initialization complete
[INFO] chuc-8.lille.grid5000.fr - Worker 12: Local initialization complete.
[INFO] chuc-8.lille.grid5000.fr - Worker 12: Starting worker process...
[INFO] chuc-8.lille.grid5000.fr - Worker 12: Starting 100 iterations with sizes 550 1092 1092
[INFO] chuc-2.lille.grid5000.fr - Worker 2: Local initialization complete
[INFO] chuc-2.lille.grid5000.fr - Worker 2: Local initialization complete.
[INFO] chuc-2.lille.grid5000.fr - Worker 2: Starting worker process...
[INFO] chuc-2.lille.grid5000.fr - Worker 2: Starting 100 iterations with sizes 550 1092 1092
[INFO] chuc-8.lille.grid5000.fr - Worker 13: Local initialization complete
[INFO] chuc-8.lille.grid5000.fr - Worker 13: Local initialization complete.
[INFO] chuc-8.lille.grid5000.fr - Worker 13: Starting worker process...
[INFO] chuc-8.lille.grid5000.fr - Worker 13: Starting 100 iterations with sizes 550 1092 1092
[INFO] chuc-2.lille.grid5000.fr - Worker 3: Local initialization complete
[INFO] chuc-2.lille.grid5000.fr - Worker 3: Local initialization complete.
[INFO] chuc-2.lille.grid5000.fr - Worker 3: Starting worker process...
[INFO] chuc-2.lille.grid5000.fr - Worker 3: Starting 100 iterations with sizes 550 1092 1092
[INFO] chuc-8.lille.grid5000.fr - Worker 15: Local initialization complete
[INFO] chuc-8.lille.grid5000.fr - Worker 15: Local initialization complete.
[INFO] chuc-8.lille.grid5000.fr - Worker 15: Starting worker process...
[INFO] chuc-8.lille.grid5000.fr - Worker 15: Starting 100 iterations with sizes 550 1092 1092
[INFO] chuc-8.lille.grid5000.fr - Worker 14: Local initialization complete
[INFO] chuc-8.lille.grid5000.fr - Worker 14: Local initialization complete.
[INFO] chuc-8.lille.grid5000.fr - Worker 14: Starting worker process...
[INFO] chuc-8.lille.grid5000.fr - Worker 14: Starting 100 iterations with sizes 550 1092 1092
CUDA source using device (0) NVIDIA A100-SXM4-40GB with compute capability 8.0
CUDA source using device (1) NVIDIA A100-SXM4-40GB with compute capability 8.0
CUDA source using device (3) NVIDIA A100-SXM4-40GB with compute capability 8.0
CUDA source using device (1) NVIDIA A100-SXM4-40GB with compute capability 8.0
CUDA source using device (2) NVIDIA A100-SXM4-40GB with compute capability 8.0
CUDA source using device (3) NVIDIA A100-SXM4-40GB with compute capability 8.0
CUDA source using device (1) NVIDIA A100-SXM4-40GB with compute capability 8.0
CUDA source using device (0) NVIDIA A100-SXM4-40GB with compute capability 8.0
CUDA source using device (2) NVIDIA A100-SXM4-40GB with compute capability 8.0
CUDA source using device (3) NVIDIA A100-SXM4-40GB with compute capability 8.0
CUDA source using device (0) NVIDIA A100-SXM4-40GB with compute capability 8.0
CUDA source using device (3) NVIDIA A100-SXM4-40GB with compute capability 8.0
CUDA source using device (1) NVIDIA A100-SXM4-40GB with compute capability 8.0
CUDA source using device (2) NVIDIA A100-SXM4-40GB with compute capability 8.0
[INFO] chuc-3.lille.grid5000.fr - Worker 6: Local initialization complete
[INFO] chuc-3.lille.grid5000.fr - Worker 6: Local initialization complete.
[INFO] chuc-3.lille.grid5000.fr - Worker 6: Starting worker process...
[INFO] chuc-3.lille.grid5000.fr - Worker 6: Starting 100 iterations with sizes 550 1092 1092
CUDA source using device (2) NVIDIA A100-SXM4-40GB with compute capability 8.0
rank,total_time,msamples_per_s
0,122.224910,530.303799
*,122.224910,8337.159438
1,98.975779,664.608853
2,99.113511,663.371256
3,98.825712,665.771917
12,100.156680,676.894203
14,100.118771,679.304715
9,100.070346,670.947997
15,99.990487,679.398882
11,99.610938,670.756588
13,100.036071,678.285629
8,100.060857,670.973303
10,99.804320,672.844000
7,99.431745,662.715283
4,100.165533,664.258570
6,93.300681,690.521461
5,99.966185,663.160047
