[INFO] chuc-2.lille.grid5000.fr - Coordinator: Distributing partition info to workers...
[INFO] chuc-2.lille.grid5000.fr - Coordinator: Distributing partition info to 24 workers...
[INFO] chuc-2.lille.grid5000.fr - Coordinator: Global sizes: 968 x 968 x 968
[INFO] chuc-2.lille.grid5000.fr - Coordinator: Partition sizes: 320 x 960 x 120
[INFO] chuc-2.lille.grid5000.fr - Coordinator: Sent partition info to worker 8
[INFO] chuc-2.lille.grid5000.fr - Coordinator: Sent partition info to worker 16
[INFO] chuc-2.lille.grid5000.fr - Worker 2: Awaiting partition info from coordinator...
[INFO] chuc-2.lille.grid5000.fr - Coordinator: Sent partition info to worker 1
[INFO] chuc-2.lille.grid5000.fr - Worker 1: Awaiting partition info from coordinator...
[INFO] chuc-2.lille.grid5000.fr - Worker 3: Awaiting partition info from coordinator...
[INFO] chuc-2.lille.grid5000.fr - Worker 1: Received partition info: local 328x968x128, global 968x968x968
[INFO] chuc-6.lille.grid5000.fr - Worker 12: Awaiting partition info from coordinator...
[INFO] chuc-6.lille.grid5000.fr - Worker 14: Awaiting partition info from coordinator...
[INFO] chuc-7.lille.grid5000.fr - Worker 16: Awaiting partition info from coordinator...
[INFO] chuc-3.lille.grid5000.fr - Worker 4: Awaiting partition info from coordinator...
[INFO] chuc-4.lille.grid5000.fr - Worker 10: Awaiting partition info from coordinator...
[INFO] chuc-6.lille.grid5000.fr - Worker 15: Awaiting partition info from coordinator...
[INFO] chuc-3.lille.grid5000.fr - Worker 6: Awaiting partition info from coordinator...
[INFO] chuc-3.lille.grid5000.fr - Worker 7: Awaiting partition info from coordinator...
[INFO] chuc-6.lille.grid5000.fr - Worker 13: Awaiting partition info from coordinator...
[INFO] chuc-3.lille.grid5000.fr - Worker 5: Awaiting partition info from coordinator...
[INFO] chuc-8.lille.grid5000.fr - Worker 20: Awaiting partition info from coordinator...
[INFO] chuc-4.lille.grid5000.fr - Worker 8: Awaiting partition info from coordinator...
[INFO] chuc-4.lille.grid5000.fr - Worker 8: Received partition info: local 328x968x128, global 968x968x968
[INFO] chuc-4.lille.grid5000.fr - Worker 11: Awaiting partition info from coordinator...
[INFO] chuc-7.lille.grid5000.fr - Worker 18: Awaiting partition info from coordinator...
[INFO] chuc-4.lille.grid5000.fr - Worker 9: Awaiting partition info from coordinator...
[INFO] chuc-7.lille.grid5000.fr - Worker 16: Received partition info: local 328x968x128, global 968x968x968
[INFO] chuc-8.lille.grid5000.fr - Worker 22: Awaiting partition info from coordinator...
[INFO] chuc-7.lille.grid5000.fr - Worker 19: Awaiting partition info from coordinator...
[INFO] chuc-8.lille.grid5000.fr - Worker 23: Awaiting partition info from coordinator...
[INFO] chuc-7.lille.grid5000.fr - Worker 17: Awaiting partition info from coordinator...
[INFO] chuc-8.lille.grid5000.fr - Worker 21: Awaiting partition info from coordinator...
[INFO] chuc-2.lille.grid5000.fr - Coordinator: Sent partition info to worker 9
[INFO] chuc-4.lille.grid5000.fr - Worker 9: Received partition info: local 328x968x128, global 968x968x968
[INFO] chuc-2.lille.grid5000.fr - Coordinator: Sent partition info to worker 17
[INFO] chuc-2.lille.grid5000.fr - Coordinator: Sent partition info to worker 2
[INFO] chuc-2.lille.grid5000.fr - Worker 2: Received partition info: local 328x968x128, global 968x968x968
[INFO] chuc-7.lille.grid5000.fr - Worker 17: Received partition info: local 328x968x128, global 968x968x968
[INFO] chuc-2.lille.grid5000.fr - Coordinator: Sent partition info to worker 10
[INFO] chuc-4.lille.grid5000.fr - Worker 10: Received partition info: local 328x968x128, global 968x968x968
[INFO] chuc-2.lille.grid5000.fr - Coordinator: Sent partition info to worker 18
[INFO] chuc-2.lille.grid5000.fr - Coordinator: Sent partition info to worker 3
[INFO] chuc-2.lille.grid5000.fr - Coordinator: Worker 11 will handle source at local index 39529412
[INFO] chuc-2.lille.grid5000.fr - Worker 3: Received partition info: local 328x968x128, global 968x968x968
[INFO] chuc-7.lille.grid5000.fr - Worker 18: Received partition info: local 328x968x128, global 968x968x968
[INFO] chuc-2.lille.grid5000.fr - Coordinator: Sent partition info to worker 11
[INFO] chuc-4.lille.grid5000.fr - Worker 11: Received partition info: local 328x968x128, global 968x968x968
[INFO] chuc-2.lille.grid5000.fr - Coordinator: Sent partition info to worker 19
[INFO] chuc-2.lille.grid5000.fr - Coordinator: Sent partition info to worker 4
[INFO] chuc-2.lille.grid5000.fr - Coordinator: Worker 12 will handle source at local index 1428932
[INFO] chuc-3.lille.grid5000.fr - Worker 4: Received partition info: local 328x968x128, global 968x968x968
[INFO] chuc-7.lille.grid5000.fr - Worker 19: Received partition info: local 328x968x128, global 968x968x968
[INFO] chuc-2.lille.grid5000.fr - Coordinator: Sent partition info to worker 12
[INFO] chuc-2.lille.grid5000.fr - Coordinator: Sent partition info to worker 20
[INFO] chuc-6.lille.grid5000.fr - Worker 12: Received partition info: local 328x968x128, global 968x968x968
[INFO] chuc-8.lille.grid5000.fr - Worker 20: Received partition info: local 328x968x128, global 968x968x968
[INFO] chuc-2.lille.grid5000.fr - Coordinator: Sent partition info to worker 5
[INFO] chuc-3.lille.grid5000.fr - Worker 5: Received partition info: local 328x968x128, global 968x968x968
[INFO] chuc-2.lille.grid5000.fr - Coordinator: Sent partition info to worker 13
[INFO] chuc-6.lille.grid5000.fr - Worker 13: Received partition info: local 328x968x128, global 968x968x968
[INFO] chuc-2.lille.grid5000.fr - Coordinator: Sent partition info to worker 21
[INFO] chuc-8.lille.grid5000.fr - Worker 21: Received partition info: local 328x968x128, global 968x968x968
[INFO] chuc-2.lille.grid5000.fr - Coordinator: Sent partition info to worker 6
[INFO] chuc-3.lille.grid5000.fr - Worker 6: Received partition info: local 328x968x128, global 968x968x968
[INFO] chuc-2.lille.grid5000.fr - Coordinator: Sent partition info to worker 14
[INFO] chuc-2.lille.grid5000.fr - Coordinator: Sent partition info to worker 22
[INFO] chuc-6.lille.grid5000.fr - Worker 14: Received partition info: local 328x968x128, global 968x968x968
[INFO] chuc-8.lille.grid5000.fr - Worker 22: Received partition info: local 328x968x128, global 968x968x968
[INFO] chuc-2.lille.grid5000.fr - Coordinator: Sent partition info to worker 7
[INFO] chuc-3.lille.grid5000.fr - Worker 7: Received partition info: local 328x968x128, global 968x968x968
[INFO] chuc-2.lille.grid5000.fr - Coordinator: Sent partition info to worker 15
[INFO] chuc-2.lille.grid5000.fr - Coordinator: Sent partition info to worker 23
[INFO] chuc-6.lille.grid5000.fr - Worker 15: Received partition info: local 328x968x128, global 968x968x968
[INFO] chuc-8.lille.grid5000.fr - Worker 23: Received partition info: local 328x968x128, global 968x968x968
[INFO] chuc-2.lille.grid5000.fr - Coordinator: Coordinator initialized locally with sizes 328 x 968 x 128
[INFO] chuc-2.lille.grid5000.fr - Coordinator: Starting worker process...
[INFO] chuc-2.lille.grid5000.fr - Coordinator: Starting 100 iterations with sizes 328 968 128
[INFO] chuc-3.lille.grid5000.fr - Worker 4: Local initialization complete
[INFO] chuc-3.lille.grid5000.fr - Worker 4: Local initialization complete.
[INFO] chuc-3.lille.grid5000.fr - Worker 4: Starting worker process...
[INFO] chuc-3.lille.grid5000.fr - Worker 4: Starting 100 iterations with sizes 328 968 128
[INFO] chuc-4.lille.grid5000.fr - Worker 8: Local initialization complete
[INFO] chuc-4.lille.grid5000.fr - Worker 8: Local initialization complete.
[INFO] chuc-4.lille.grid5000.fr - Worker 8: Starting worker process...
[INFO] chuc-4.lille.grid5000.fr - Worker 8: Starting 100 iterations with sizes 328 968 128
[INFO] chuc-2.lille.grid5000.fr - Worker 2: Local initialization complete
[INFO] chuc-2.lille.grid5000.fr - Worker 2: Local initialization complete.
[INFO] chuc-2.lille.grid5000.fr - Worker 2: Starting worker process...
[INFO] chuc-2.lille.grid5000.fr - Worker 2: Starting 100 iterations with sizes 328 968 128
[INFO] chuc-4.lille.grid5000.fr - Worker 9: Local initialization complete
[INFO] chuc-4.lille.grid5000.fr - Worker 9: Local initialization complete.
[INFO] chuc-4.lille.grid5000.fr - Worker 9: Starting worker process...
[INFO] chuc-4.lille.grid5000.fr - Worker 9: Starting 100 iterations with sizes 328 968 128
[INFO] chuc-4.lille.grid5000.fr - Worker 11: Local initialization complete
[INFO] chuc-4.lille.grid5000.fr - Worker 11: Local initialization complete.
[INFO] chuc-4.lille.grid5000.fr - Worker 11: Starting worker process...
[INFO] chuc-4.lille.grid5000.fr - Worker 11: Starting 100 iterations with sizes 328 968 128
[INFO] chuc-2.lille.grid5000.fr - Worker 1: Local initialization complete
[INFO] chuc-2.lille.grid5000.fr - Worker 1: Local initialization complete.
[INFO] chuc-2.lille.grid5000.fr - Worker 1: Starting worker process...
[INFO] chuc-2.lille.grid5000.fr - Worker 1: Starting 100 iterations with sizes 328 968 128
[INFO] chuc-7.lille.grid5000.fr - Worker 18: Local initialization complete
[INFO] chuc-7.lille.grid5000.fr - Worker 18: Local initialization complete.
[INFO] chuc-7.lille.grid5000.fr - Worker 18: Starting worker process...
[INFO] chuc-7.lille.grid5000.fr - Worker 18: Starting 100 iterations with sizes 328 968 128
[INFO] chuc-6.lille.grid5000.fr - Worker 12: Local initialization complete
[INFO] chuc-6.lille.grid5000.fr - Worker 12: Local initialization complete.
[INFO] chuc-6.lille.grid5000.fr - Worker 12: Starting worker process...
[INFO] chuc-6.lille.grid5000.fr - Worker 12: Starting 100 iterations with sizes 328 968 128
[INFO] chuc-3.lille.grid5000.fr - Worker 5: Local initialization complete
[INFO] chuc-3.lille.grid5000.fr - Worker 5: Local initialization complete.
[INFO] chuc-3.lille.grid5000.fr - Worker 5: Starting worker process...
[INFO] chuc-3.lille.grid5000.fr - Worker 5: Starting 100 iterations with sizes 328 968 128
[INFO] chuc-3.lille.grid5000.fr - Worker 6: Local initialization complete
[INFO] chuc-3.lille.grid5000.fr - Worker 6: Local initialization complete.
[INFO] chuc-3.lille.grid5000.fr - Worker 6: Starting worker process...
[INFO] chuc-3.lille.grid5000.fr - Worker 6: Starting 100 iterations with sizes 328 968 128
[INFO] chuc-2.lille.grid5000.fr - Worker 3: Local initialization complete
[INFO] chuc-2.lille.grid5000.fr - Worker 3: Local initialization complete.
[INFO] chuc-2.lille.grid5000.fr - Worker 3: Starting worker process...
[INFO] chuc-2.lille.grid5000.fr - Worker 3: Starting 100 iterations with sizes 328 968 128
[INFO] chuc-6.lille.grid5000.fr - Worker 13: Local initialization complete
[INFO] chuc-6.lille.grid5000.fr - Worker 13: Local initialization complete.
[INFO] chuc-6.lille.grid5000.fr - Worker 13: Starting worker process...
[INFO] chuc-6.lille.grid5000.fr - Worker 13: Starting 100 iterations with sizes 328 968 128
[INFO] chuc-7.lille.grid5000.fr - Worker 17: Local initialization complete
[INFO] chuc-7.lille.grid5000.fr - Worker 17: Local initialization complete.
[INFO] chuc-7.lille.grid5000.fr - Worker 17: Starting worker process...
[INFO] chuc-7.lille.grid5000.fr - Worker 17: Starting 100 iterations with sizes 328 968 128
[INFO] chuc-7.lille.grid5000.fr - Worker 19: Local initialization complete
[INFO] chuc-7.lille.grid5000.fr - Worker 19: Local initialization complete.
[INFO] chuc-7.lille.grid5000.fr - Worker 19: Starting worker process...
[INFO] chuc-7.lille.grid5000.fr - Worker 19: Starting 100 iterations with sizes 328 968 128
[INFO] chuc-6.lille.grid5000.fr - Worker 15: Local initialization complete
[INFO] chuc-6.lille.grid5000.fr - Worker 15: Local initialization complete.
[INFO] chuc-6.lille.grid5000.fr - Worker 15: Starting worker process...
[INFO] chuc-6.lille.grid5000.fr - Worker 15: Starting 100 iterations with sizes 328 968 128
[INFO] chuc-7.lille.grid5000.fr - Worker 16: Local initialization complete
[INFO] chuc-7.lille.grid5000.fr - Worker 16: Local initialization complete.
[INFO] chuc-7.lille.grid5000.fr - Worker 16: Starting worker process...
[INFO] chuc-7.lille.grid5000.fr - Worker 16: Starting 100 iterations with sizes 328 968 128
[INFO] chuc-6.lille.grid5000.fr - Worker 14: Local initialization complete
[INFO] chuc-6.lille.grid5000.fr - Worker 14: Local initialization complete.
[INFO] chuc-6.lille.grid5000.fr - Worker 14: Starting worker process...
[INFO] chuc-6.lille.grid5000.fr - Worker 14: Starting 100 iterations with sizes 328 968 128
[INFO] chuc-4.lille.grid5000.fr - Worker 10: Local initialization complete
[INFO] chuc-4.lille.grid5000.fr - Worker 10: Local initialization complete.
[INFO] chuc-4.lille.grid5000.fr - Worker 10: Starting worker process...
[INFO] chuc-4.lille.grid5000.fr - Worker 10: Starting 100 iterations with sizes 328 968 128
[INFO] chuc-3.lille.grid5000.fr - Worker 7: Local initialization complete
[INFO] chuc-3.lille.grid5000.fr - Worker 7: Local initialization complete.
[INFO] chuc-3.lille.grid5000.fr - Worker 7: Starting worker process...
[INFO] chuc-3.lille.grid5000.fr - Worker 7: Starting 100 iterations with sizes 328 968 128
[INFO] chuc-8.lille.grid5000.fr - Worker 22: Local initialization complete
[INFO] chuc-8.lille.grid5000.fr - Worker 22: Local initialization complete.
[INFO] chuc-8.lille.grid5000.fr - Worker 22: Starting worker process...
[INFO] chuc-8.lille.grid5000.fr - Worker 22: Starting 100 iterations with sizes 328 968 128
[INFO] chuc-8.lille.grid5000.fr - Worker 21: Local initialization complete
[INFO] chuc-8.lille.grid5000.fr - Worker 21: Local initialization complete.
[INFO] chuc-8.lille.grid5000.fr - Worker 21: Starting worker process...
[INFO] chuc-8.lille.grid5000.fr - Worker 21: Starting 100 iterations with sizes 328 968 128
[INFO] chuc-8.lille.grid5000.fr - Worker 23: Local initialization complete
[INFO] chuc-8.lille.grid5000.fr - Worker 23: Local initialization complete.
[INFO] chuc-8.lille.grid5000.fr - Worker 23: Starting worker process...
[INFO] chuc-8.lille.grid5000.fr - Worker 23: Starting 100 iterations with sizes 328 968 128
[INFO] chuc-8.lille.grid5000.fr - Worker 20: Local initialization complete
[INFO] chuc-8.lille.grid5000.fr - Worker 20: Local initialization complete.
[INFO] chuc-8.lille.grid5000.fr - Worker 20: Starting worker process...
[INFO] chuc-8.lille.grid5000.fr - Worker 20: Starting 100 iterations with sizes 328 968 128
CUDA source using device (0) NVIDIA A100-SXM4-40GB with compute capability 8.0
CUDA source using device (2) NVIDIA A100-SXM4-40GB with compute capability 8.0
CUDA source using device (3) NVIDIA A100-SXM4-40GB with compute capability 8.0
CUDA source using device (1) NVIDIA A100-SXM4-40GB with compute capability 8.0
CUDA source using device (3) NVIDIA A100-SXM4-40GB with compute capability 8.0
CUDA source using device (0) NVIDIA A100-SXM4-40GB with compute capability 8.0
CUDA source using device (0) NVIDIA A100-SXM4-40GB with compute capability 8.0
CUDA source using device (1) NVIDIA A100-SXM4-40GB with compute capability 8.0
CUDA source using device (2) NVIDIA A100-SXM4-40GB with compute capability 8.0
CUDA source using device (1) NVIDIA A100-SXM4-40GB with compute capability 8.0
CUDA source using device (1) NVIDIA A100-SXM4-40GB with compute capability 8.0
CUDA source using device (2) NVIDIA A100-SXM4-40GB with compute capability 8.0
CUDA source using device (0) NVIDIA A100-SXM4-40GB with compute capability 8.0
CUDA source using device (3) NVIDIA A100-SXM4-40GB with compute capability 8.0
CUDA source using device (2) NVIDIA A100-SXM4-40GB with compute capability 8.0
CUDA source using device (3) NVIDIA A100-SXM4-40GB with compute capability 8.0
CUDA source using device (0) NVIDIA A100-SXM4-40GB with compute capability 8.0
CUDA source using device (2) NVIDIA A100-SXM4-40GB with compute capability 8.0
CUDA source using device (3) NVIDIA A100-SXM4-40GB with compute capability 8.0
CUDA source using device (1) NVIDIA A100-SXM4-40GB with compute capability 8.0
CUDA source using device (2) NVIDIA A100-SXM4-40GB with compute capability 8.0
CUDA source using device (1) NVIDIA A100-SXM4-40GB with compute capability 8.0
CUDA source using device (0) NVIDIA A100-SXM4-40GB with compute capability 8.0
CUDA source using device (3) NVIDIA A100-SXM4-40GB with compute capability 8.0
rank,total_time,msamples_per_s
1,11.287645,382.345858
2,11.365361,375.890380
3,11.328385,379.374810
0,12.137328,366.109848
*,12.137328,7289.380074
12,11.373512,404.059795
20,10.598745,433.416913
15,11.258668,407.759183
23,10.700693,439.333940
13,11.351531,405.558581
22,10.833449,426.058690
14,11.042667,407.552334
21,10.763582,433.190129
18,11.330270,407.109898
10,11.033442,407.569112
6,11.306188,409.703146
19,11.301658,406.943902
9,11.353313,407.299916
5,11.344482,408.211977
16,11.186083,412.008255
8,11.333688,406.913265
4,11.394856,405.198135
17,11.241157,408.948233
11,11.371040,404.160792
7,10.880057,411.603039
