[INFO] chuc-3.lille.grid5000.fr - Worker 1: Awaiting partition info from coordinator...
[INFO] chuc-3.lille.grid5000.fr - Worker 1: Received partition info: local 644x644x1280, global 1280x1280x1280
[INFO] chuc-3.lille.grid5000.fr - Worker 3: Awaiting partition info from coordinator...
[INFO] chuc-3.lille.grid5000.fr - Worker 3: Received partition info: local 644x644x1280, global 1280x1280x1280
[INFO] chuc-3.lille.grid5000.fr - Worker 2: Awaiting partition info from coordinator...
[INFO] chuc-3.lille.grid5000.fr - Worker 2: Received partition info: local 644x644x1280, global 1280x1280x1280
[INFO] chuc-3.lille.grid5000.fr - Coordinator: Distributing partition info to workers...
[INFO] chuc-3.lille.grid5000.fr - Coordinator: Distributing partition info to 4 workers...
[INFO] chuc-3.lille.grid5000.fr - Coordinator: Global sizes: 1280 x 1280 x 1280
[INFO] chuc-3.lille.grid5000.fr - Coordinator: Partition sizes: 636 x 636 x 1272
[INFO] chuc-3.lille.grid5000.fr - Coordinator: Worker 2 will handle source at local index 265843204
[INFO] chuc-3.lille.grid5000.fr - Coordinator: Sent partition info to worker 2
[INFO] chuc-3.lille.grid5000.fr - Coordinator: Worker 1 will handle source at local index 265434256
[INFO] chuc-3.lille.grid5000.fr - Coordinator: Sent partition info to worker 1
[INFO] chuc-3.lille.grid5000.fr - Coordinator: Worker 3 will handle source at local index 265433620
[INFO] chuc-3.lille.grid5000.fr - Coordinator: Sent partition info to worker 3
[INFO] chuc-3.lille.grid5000.fr - Coordinator: Coordinator initialized locally with sizes 644 x 644 x 1280
[INFO] chuc-3.lille.grid5000.fr - Coordinator: Starting worker process...
[INFO] chuc-3.lille.grid5000.fr - Coordinator: Starting 100 iterations with sizes 644 644 1280
CUDA source using device (0) NVIDIA A100-SXM4-40GB with compute capability 8.0
[INFO] chuc-3.lille.grid5000.fr - Worker 3: Local initialization complete
[INFO] chuc-3.lille.grid5000.fr - Worker 3: Local initialization complete.
[INFO] chuc-3.lille.grid5000.fr - Worker 3: Starting worker process...
[INFO] chuc-3.lille.grid5000.fr - Worker 3: Starting 100 iterations with sizes 644 644 1280
[INFO] chuc-3.lille.grid5000.fr - Worker 1: Local initialization complete
[INFO] chuc-3.lille.grid5000.fr - Worker 1: Local initialization complete.
[INFO] chuc-3.lille.grid5000.fr - Worker 1: Starting worker process...
[INFO] chuc-3.lille.grid5000.fr - Worker 1: Starting 100 iterations with sizes 644 644 1280
CUDA source using device (3) NVIDIA A100-SXM4-40GB with compute capability 8.0
CUDA source using device (1) NVIDIA A100-SXM4-40GB with compute capability 8.0
[INFO] chuc-3.lille.grid5000.fr - Worker 2: Local initialization complete
[INFO] chuc-3.lille.grid5000.fr - Worker 2: Local initialization complete.
[INFO] chuc-3.lille.grid5000.fr - Worker 2: Starting worker process...
[INFO] chuc-3.lille.grid5000.fr - Worker 2: Starting 100 iterations with sizes 644 644 1280
CUDA source using device (2) NVIDIA A100-SXM4-40GB with compute capability 8.0
rank,total_time,msamples_per_s
0,52.934773,1012.930970
*,52.934773,3887.946470
3,44.314241,1206.687289
1,44.077010,1211.184586
2,39.767601,1326.388300
