[INFO] chuc-3.lille.grid5000.fr - Worker 6: Awaiting partition info from coordinator...
[INFO] chuc-2.lille.grid5000.fr - Worker 3: Awaiting partition info from coordinator...
[INFO] chuc-2.lille.grid5000.fr - Worker 3: Received partition info: local 248x968x328, global 968x968x968
[INFO] chuc-2.lille.grid5000.fr - Worker 1: Awaiting partition info from coordinator...
[INFO] chuc-2.lille.grid5000.fr - Coordinator: Distributing partition info to workers...
[INFO] chuc-2.lille.grid5000.fr - Coordinator: Distributing partition info to 12 workers...
[INFO] chuc-2.lille.grid5000.fr - Coordinator: Global sizes: 968 x 968 x 968
[INFO] chuc-2.lille.grid5000.fr - Coordinator: Partition sizes: 240 x 960 x 320
[INFO] chuc-2.lille.grid5000.fr - Coordinator: Sent partition info to worker 3
[INFO] chuc-2.lille.grid5000.fr - Worker 2: Awaiting partition info from coordinator...
[INFO] chuc-3.lille.grid5000.fr - Worker 4: Awaiting partition info from coordinator...
[INFO] chuc-3.lille.grid5000.fr - Worker 5: Awaiting partition info from coordinator...
[INFO] chuc-3.lille.grid5000.fr - Worker 7: Awaiting partition info from coordinator...
[INFO] chuc-7.lille.grid5000.fr - Worker 8: Awaiting partition info from coordinator...
[INFO] chuc-7.lille.grid5000.fr - Worker 10: Awaiting partition info from coordinator...
[INFO] chuc-7.lille.grid5000.fr - Worker 9: Awaiting partition info from coordinator...
[INFO] chuc-7.lille.grid5000.fr - Worker 11: Awaiting partition info from coordinator...
[INFO] chuc-2.lille.grid5000.fr - Coordinator: Sent partition info to worker 6
[INFO] chuc-3.lille.grid5000.fr - Worker 6: Received partition info: local 248x968x328, global 968x968x968
[INFO] chuc-2.lille.grid5000.fr - Coordinator: Sent partition info to worker 9
[INFO] chuc-2.lille.grid5000.fr - Coordinator: Sent partition info to worker 1
[INFO] chuc-2.lille.grid5000.fr - Coordinator: Worker 4 will handle source at local index 39490772
[INFO] chuc-2.lille.grid5000.fr - Coordinator: Sent partition info to worker 4
[INFO] chuc-2.lille.grid5000.fr - Coordinator: Worker 7 will handle source at local index 39490532
[INFO] chuc-2.lille.grid5000.fr - Worker 1: Received partition info: local 248x968x328, global 968x968x968
[INFO] chuc-7.lille.grid5000.fr - Worker 9: Received partition info: local 248x968x328, global 968x968x968
[INFO] chuc-3.lille.grid5000.fr - Worker 4: Received partition info: local 248x968x328, global 968x968x968
[INFO] chuc-2.lille.grid5000.fr - Coordinator: Sent partition info to worker 7
[INFO] chuc-2.lille.grid5000.fr - Coordinator: Sent partition info to worker 10
[INFO] chuc-2.lille.grid5000.fr - Coordinator: Sent partition info to worker 2
[INFO] chuc-2.lille.grid5000.fr - Worker 2: Received partition info: local 248x968x328, global 968x968x968
[INFO] chuc-3.lille.grid5000.fr - Worker 7: Received partition info: local 248x968x328, global 968x968x968
[INFO] chuc-7.lille.grid5000.fr - Worker 10: Received partition info: local 248x968x328, global 968x968x968
[INFO] chuc-3.lille.grid5000.fr - Worker 5: Received partition info: local 248x968x328, global 968x968x968
[INFO] chuc-2.lille.grid5000.fr - Coordinator: Sent partition info to worker 5
[INFO] chuc-2.lille.grid5000.fr - Coordinator: Sent partition info to worker 8
[INFO] chuc-2.lille.grid5000.fr - Coordinator: Sent partition info to worker 11
[INFO] chuc-7.lille.grid5000.fr - Worker 8: Received partition info: local 248x968x328, global 968x968x968
[INFO] chuc-7.lille.grid5000.fr - Worker 11: Received partition info: local 248x968x328, global 968x968x968
[INFO] chuc-2.lille.grid5000.fr - Coordinator: Coordinator initialized locally with sizes 248 x 968 x 328
[INFO] chuc-2.lille.grid5000.fr - Coordinator: Starting worker process...
[INFO] chuc-2.lille.grid5000.fr - Coordinator: Starting 100 iterations with sizes 248 968 328
CUDA source using device (0) NVIDIA A100-SXM4-40GB with compute capability 8.0
[INFO] chuc-2.lille.grid5000.fr - Worker 2: Local initialization complete
[INFO] chuc-2.lille.grid5000.fr - Worker 2: Local initialization complete.
[INFO] chuc-2.lille.grid5000.fr - Worker 2: Starting worker process...
[INFO] chuc-2.lille.grid5000.fr - Worker 2: Starting 100 iterations with sizes 248 968 328
[INFO] chuc-2.lille.grid5000.fr - Worker 1: Local initialization complete
[INFO] chuc-2.lille.grid5000.fr - Worker 1: Local initialization complete.
[INFO] chuc-2.lille.grid5000.fr - Worker 1: Starting worker process...
[INFO] chuc-2.lille.grid5000.fr - Worker 1: Starting 100 iterations with sizes 248 968 328
[INFO] chuc-3.lille.grid5000.fr - Worker 6: Local initialization complete
[INFO] chuc-3.lille.grid5000.fr - Worker 6: Local initialization complete.
[INFO] chuc-3.lille.grid5000.fr - Worker 6: Starting worker process...
[INFO] chuc-3.lille.grid5000.fr - Worker 6: Starting 100 iterations with sizes 248 968 328
[INFO] chuc-7.lille.grid5000.fr - Worker 9: Local initialization complete
[INFO] chuc-7.lille.grid5000.fr - Worker 9: Local initialization complete.
[INFO] chuc-7.lille.grid5000.fr - Worker 9: Starting worker process...
[INFO] chuc-7.lille.grid5000.fr - Worker 9: Starting 100 iterations with sizes 248 968 328
[INFO] chuc-2.lille.grid5000.fr - Worker 3: Local initialization complete
[INFO] chuc-2.lille.grid5000.fr - Worker 3: Local initialization complete.
[INFO] chuc-2.lille.grid5000.fr - Worker 3: Starting worker process...
[INFO] chuc-2.lille.grid5000.fr - Worker 3: Starting 100 iterations with sizes 248 968 328
[INFO] chuc-7.lille.grid5000.fr - Worker 10: Local initialization complete
[INFO] chuc-7.lille.grid5000.fr - Worker 10: Local initialization complete.
[INFO] chuc-7.lille.grid5000.fr - Worker 10: Starting worker process...
[INFO] chuc-7.lille.grid5000.fr - Worker 10: Starting 100 iterations with sizes 248 968 328
[INFO] chuc-3.lille.grid5000.fr - Worker 5: Local initialization complete
[INFO] chuc-3.lille.grid5000.fr - Worker 5: Local initialization complete.
[INFO] chuc-3.lille.grid5000.fr - Worker 5: Starting worker process...
[INFO] chuc-3.lille.grid5000.fr - Worker 5: Starting 100 iterations with sizes 248 968 328
[INFO] chuc-7.lille.grid5000.fr - Worker 8: Local initialization complete
[INFO] chuc-7.lille.grid5000.fr - Worker 8: Local initialization complete.
[INFO] chuc-7.lille.grid5000.fr - Worker 8: Starting worker process...
[INFO] chuc-7.lille.grid5000.fr - Worker 8: Starting 100 iterations with sizes 248 968 328
[INFO] chuc-3.lille.grid5000.fr - Worker 7: Local initialization complete
[INFO] chuc-3.lille.grid5000.fr - Worker 7: Local initialization complete.
[INFO] chuc-3.lille.grid5000.fr - Worker 7: Starting worker process...
[INFO] chuc-3.lille.grid5000.fr - Worker 7: Starting 100 iterations with sizes 248 968 328
[INFO] chuc-7.lille.grid5000.fr - Worker 11: Local initialization complete
[INFO] chuc-7.lille.grid5000.fr - Worker 11: Local initialization complete.
[INFO] chuc-7.lille.grid5000.fr - Worker 11: Starting worker process...
[INFO] chuc-7.lille.grid5000.fr - Worker 11: Starting 100 iterations with sizes 248 968 328
CUDA source using device (2) NVIDIA A100-SXM4-40GB with compute capability 8.0
CUDA source using device (1) NVIDIA A100-SXM4-40GB with compute capability 8.0
CUDA source using device (3) NVIDIA A100-SXM4-40GB with compute capability 8.0
[INFO] chuc-3.lille.grid5000.fr - Worker 4: Local initialization complete
[INFO] chuc-3.lille.grid5000.fr - Worker 4: Local initialization complete.
[INFO] chuc-3.lille.grid5000.fr - Worker 4: Starting worker process...
[INFO] chuc-3.lille.grid5000.fr - Worker 4: Starting 100 iterations with sizes 248 968 328
CUDA source using device (1) NVIDIA A100-SXM4-40GB with compute capability 8.0
CUDA source using device (2) NVIDIA A100-SXM4-40GB with compute capability 8.0
CUDA source using device (0) NVIDIA A100-SXM4-40GB with compute capability 8.0
CUDA source using device (1) NVIDIA A100-SXM4-40GB with compute capability 8.0
CUDA source using device (2) NVIDIA A100-SXM4-40GB with compute capability 8.0
CUDA source using device (3) NVIDIA A100-SXM4-40GB with compute capability 8.0
CUDA source using device (0) NVIDIA A100-SXM4-40GB with compute capability 8.0
CUDA source using device (3) NVIDIA A100-SXM4-40GB with compute capability 8.0
rank,total_time,msamples_per_s
6,19.999555,422.122762
7,19.628809,425.888157
5,19.861279,422.747012
4,19.137537,425.870781
9,19.940173,420.817700
11,19.368300,423.366047
8,19.637041,422.604740
10,19.828338,420.986154
0,26.039749,299.459463
*,26.039749,3397.636393
1,20.008739,389.720601
2,20.099584,387.309291
3,19.943364,390.291827
