[INFO] chuc-3.lille.grid5000.fr - Worker 4: Awaiting partition info from coordinator...
[INFO] chuc-3.lille.grid5000.fr - Worker 5: Awaiting partition info from coordinator...
[INFO] chuc-3.lille.grid5000.fr - Worker 6: Awaiting partition info from coordinator...
[INFO] chuc-3.lille.grid5000.fr - Worker 7: Awaiting partition info from coordinator...
[INFO] chuc-8.lille.grid5000.fr - Worker 13: Awaiting partition info from coordinator...
[INFO] chuc-8.lille.grid5000.fr - Worker 14: Awaiting partition info from coordinator...
[INFO] chuc-8.lille.grid5000.fr - Worker 12: Awaiting partition info from coordinator...
[INFO] chuc-8.lille.grid5000.fr - Worker 15: Awaiting partition info from coordinator...
[INFO] chuc-2.lille.grid5000.fr - Worker 2: Awaiting partition info from coordinator...
[INFO] chuc-2.lille.grid5000.fr - Coordinator: Distributing partition info to workers...
[INFO] chuc-2.lille.grid5000.fr - Coordinator: Distributing partition info to 16 workers...
[INFO] chuc-2.lille.grid5000.fr - Coordinator: Global sizes: 968 x 968 x 968
[INFO] chuc-2.lille.grid5000.fr - Coordinator: Partition sizes: 480 x 480 x 240
[INFO] chuc-2.lille.grid5000.fr - Coordinator: Sent partition info to worker 8
[INFO] chuc-2.lille.grid5000.fr - Coordinator: Sent partition info to worker 4
[INFO] chuc-2.lille.grid5000.fr - Worker 1: Awaiting partition info from coordinator...
[INFO] chuc-2.lille.grid5000.fr - Worker 3: Awaiting partition info from coordinator...
[INFO] chuc-3.lille.grid5000.fr - Worker 4: Received partition info: local 488x488x248, global 968x968x968
[INFO] chuc-7.lille.grid5000.fr - Worker 10: Awaiting partition info from coordinator...
[INFO] chuc-7.lille.grid5000.fr - Worker 9: Awaiting partition info from coordinator...
[INFO] chuc-7.lille.grid5000.fr - Worker 8: Awaiting partition info from coordinator...
[INFO] chuc-7.lille.grid5000.fr - Worker 8: Received partition info: local 488x488x248, global 968x968x968
[INFO] chuc-7.lille.grid5000.fr - Worker 11: Awaiting partition info from coordinator...
[INFO] chuc-2.lille.grid5000.fr - Coordinator: Sent partition info to worker 12
[INFO] chuc-2.lille.grid5000.fr - Coordinator: Worker 1 will handle source at local index 58343812
[INFO] chuc-2.lille.grid5000.fr - Coordinator: Sent partition info to worker 1
[INFO] chuc-2.lille.grid5000.fr - Coordinator: Worker 9 will handle source at local index 58343332
[INFO] chuc-2.lille.grid5000.fr - Worker 1: Received partition info: local 488x488x248, global 968x968x968
[INFO] chuc-8.lille.grid5000.fr - Worker 12: Received partition info: local 488x488x248, global 968x968x968
[INFO] chuc-2.lille.grid5000.fr - Coordinator: Sent partition info to worker 9
[INFO] chuc-2.lille.grid5000.fr - Coordinator: Worker 5 will handle source at local index 58109572
[INFO] chuc-7.lille.grid5000.fr - Worker 9: Received partition info: local 488x488x248, global 968x968x968
[INFO] chuc-2.lille.grid5000.fr - Coordinator: Sent partition info to worker 5
[INFO] chuc-2.lille.grid5000.fr - Coordinator: Worker 13 will handle source at local index 58109092
[INFO] chuc-3.lille.grid5000.fr - Worker 5: Received partition info: local 488x488x248, global 968x968x968
[INFO] chuc-2.lille.grid5000.fr - Coordinator: Sent partition info to worker 13
[INFO] chuc-2.lille.grid5000.fr - Coordinator: Worker 2 will handle source at local index 1189252
[INFO] chuc-2.lille.grid5000.fr - Worker 2: Received partition info: local 488x488x248, global 968x968x968
[INFO] chuc-2.lille.grid5000.fr - Coordinator: Sent partition info to worker 2
[INFO] chuc-2.lille.grid5000.fr - Coordinator: Worker 10 will handle source at local index 1188772
[INFO] chuc-8.lille.grid5000.fr - Worker 13: Received partition info: local 488x488x248, global 968x968x968
[INFO] chuc-2.lille.grid5000.fr - Coordinator: Sent partition info to worker 10
[INFO] chuc-2.lille.grid5000.fr - Coordinator: Worker 6 will handle source at local index 955012
[INFO] chuc-7.lille.grid5000.fr - Worker 10: Received partition info: local 488x488x248, global 968x968x968
[INFO] chuc-2.lille.grid5000.fr - Coordinator: Sent partition info to worker 6
[INFO] chuc-2.lille.grid5000.fr - Coordinator: Worker 14 will handle source at local index 954532
[INFO] chuc-3.lille.grid5000.fr - Worker 6: Received partition info: local 488x488x248, global 968x968x968
[INFO] chuc-2.lille.grid5000.fr - Coordinator: Sent partition info to worker 14
[INFO] chuc-2.lille.grid5000.fr - Coordinator: Sent partition info to worker 3
[INFO] chuc-2.lille.grid5000.fr - Worker 3: Received partition info: local 488x488x248, global 968x968x968
[INFO] chuc-8.lille.grid5000.fr - Worker 14: Received partition info: local 488x488x248, global 968x968x968
[INFO] chuc-2.lille.grid5000.fr - Coordinator: Sent partition info to worker 11
[INFO] chuc-7.lille.grid5000.fr - Worker 11: Received partition info: local 488x488x248, global 968x968x968
[INFO] chuc-2.lille.grid5000.fr - Coordinator: Sent partition info to worker 7
[INFO] chuc-3.lille.grid5000.fr - Worker 7: Received partition info: local 488x488x248, global 968x968x968
[INFO] chuc-2.lille.grid5000.fr - Coordinator: Sent partition info to worker 15
[INFO] chuc-8.lille.grid5000.fr - Worker 15: Received partition info: local 488x488x248, global 968x968x968
[INFO] chuc-2.lille.grid5000.fr - Coordinator: Coordinator initialized locally with sizes 488 x 488 x 248
[INFO] chuc-2.lille.grid5000.fr - Coordinator: Starting worker process...
[INFO] chuc-2.lille.grid5000.fr - Coordinator: Starting 100 iterations with sizes 488 488 248
CUDA source using device (0) NVIDIA A100-SXM4-40GB with compute capability 8.0
[INFO] chuc-3.lille.grid5000.fr - Worker 4: Local initialization complete
[INFO] chuc-3.lille.grid5000.fr - Worker 4: Local initialization complete.
[INFO] chuc-3.lille.grid5000.fr - Worker 4: Starting worker process...
[INFO] chuc-3.lille.grid5000.fr - Worker 4: Starting 100 iterations with sizes 488 488 248
[INFO] chuc-2.lille.grid5000.fr - Worker 3: Local initialization complete
[INFO] chuc-2.lille.grid5000.fr - Worker 3: Local initialization complete.
[INFO] chuc-2.lille.grid5000.fr - Worker 3: Starting worker process...
[INFO] chuc-2.lille.grid5000.fr - Worker 3: Starting 100 iterations with sizes 488 488 248
[INFO] chuc-3.lille.grid5000.fr - Worker 5: Local initialization complete
[INFO] chuc-3.lille.grid5000.fr - Worker 5: Local initialization complete.
[INFO] chuc-3.lille.grid5000.fr - Worker 5: Starting worker process...
[INFO] chuc-3.lille.grid5000.fr - Worker 5: Starting 100 iterations with sizes 488 488 248
[INFO] chuc-2.lille.grid5000.fr - Worker 1: Local initialization complete
[INFO] chuc-2.lille.grid5000.fr - Worker 1: Local initialization complete.
[INFO] chuc-2.lille.grid5000.fr - Worker 1: Starting worker process...
[INFO] chuc-2.lille.grid5000.fr - Worker 1: Starting 100 iterations with sizes 488 488 248
[INFO] chuc-3.lille.grid5000.fr - Worker 6: Local initialization complete
[INFO] chuc-3.lille.grid5000.fr - Worker 6: Local initialization complete.
[INFO] chuc-3.lille.grid5000.fr - Worker 6: Starting worker process...
[INFO] chuc-3.lille.grid5000.fr - Worker 6: Starting 100 iterations with sizes 488 488 248
[INFO] chuc-7.lille.grid5000.fr - Worker 9: Local initialization complete
[INFO] chuc-7.lille.grid5000.fr - Worker 9: Local initialization complete.
[INFO] chuc-7.lille.grid5000.fr - Worker 9: Starting worker process...
[INFO] chuc-7.lille.grid5000.fr - Worker 9: Starting 100 iterations with sizes 488 488 248
[INFO] chuc-2.lille.grid5000.fr - Worker 2: Local initialization complete
[INFO] chuc-2.lille.grid5000.fr - Worker 2: Local initialization complete.
[INFO] chuc-2.lille.grid5000.fr - Worker 2: Starting worker process...
[INFO] chuc-2.lille.grid5000.fr - Worker 2: Starting 100 iterations with sizes 488 488 248
[INFO] chuc-7.lille.grid5000.fr - Worker 11: Local initialization complete
[INFO] chuc-7.lille.grid5000.fr - Worker 11: Local initialization complete.
[INFO] chuc-7.lille.grid5000.fr - Worker 11: Starting worker process...
[INFO] chuc-7.lille.grid5000.fr - Worker 11: Starting 100 iterations with sizes 488 488 248
[INFO] chuc-7.lille.grid5000.fr - Worker 8: Local initialization complete
[INFO] chuc-7.lille.grid5000.fr - Worker 8: Local initialization complete.
[INFO] chuc-7.lille.grid5000.fr - Worker 8: Starting worker process...
[INFO] chuc-7.lille.grid5000.fr - Worker 8: Starting 100 iterations with sizes 488 488 248
[INFO] chuc-8.lille.grid5000.fr - Worker 13: Local initialization complete
[INFO] chuc-8.lille.grid5000.fr - Worker 13: Local initialization complete.
[INFO] chuc-8.lille.grid5000.fr - Worker 13: Starting worker process...
[INFO] chuc-8.lille.grid5000.fr - Worker 13: Starting 100 iterations with sizes 488 488 248
[INFO] chuc-8.lille.grid5000.fr - Worker 12: Local initialization complete
[INFO] chuc-8.lille.grid5000.fr - Worker 12: Local initialization complete.
[INFO] chuc-8.lille.grid5000.fr - Worker 12: Starting worker process...
[INFO] chuc-8.lille.grid5000.fr - Worker 12: Starting 100 iterations with sizes 488 488 248
[INFO] chuc-7.lille.grid5000.fr - Worker 10: Local initialization complete
[INFO] chuc-7.lille.grid5000.fr - Worker 10: Local initialization complete.
[INFO] chuc-7.lille.grid5000.fr - Worker 10: Starting worker process...
[INFO] chuc-7.lille.grid5000.fr - Worker 10: Starting 100 iterations with sizes 488 488 248
[INFO] chuc-8.lille.grid5000.fr - Worker 14: Local initialization complete
[INFO] chuc-8.lille.grid5000.fr - Worker 14: Local initialization complete.
[INFO] chuc-8.lille.grid5000.fr - Worker 14: Starting worker process...
[INFO] chuc-8.lille.grid5000.fr - Worker 14: Starting 100 iterations with sizes 488 488 248
CUDA source using device (1) NVIDIA A100-SXM4-40GB with compute capability 8.0
CUDA source using device (3) NVIDIA A100-SXM4-40GB with compute capability 8.0
CUDA source using device (2) NVIDIA A100-SXM4-40GB with compute capability 8.0
[INFO] chuc-8.lille.grid5000.fr - Worker 15: Local initialization complete
[INFO] chuc-8.lille.grid5000.fr - Worker 15: Local initialization complete.
[INFO] chuc-8.lille.grid5000.fr - Worker 15: Starting worker process...
[INFO] chuc-8.lille.grid5000.fr - Worker 15: Starting 100 iterations with sizes 488 488 248
CUDA source using device (0) NVIDIA A100-SXM4-40GB with compute capability 8.0
CUDA source using device (1) NVIDIA A100-SXM4-40GB with compute capability 8.0
CUDA source using device (2) NVIDIA A100-SXM4-40GB with compute capability 8.0
[INFO] chuc-3.lille.grid5000.fr - Worker 7: Local initialization complete
[INFO] chuc-3.lille.grid5000.fr - Worker 7: Local initialization complete.
[INFO] chuc-3.lille.grid5000.fr - Worker 7: Starting worker process...
[INFO] chuc-3.lille.grid5000.fr - Worker 7: Starting 100 iterations with sizes 488 488 248
CUDA source using device (3) NVIDIA A100-SXM4-40GB with compute capability 8.0
CUDA source using device (0) NVIDIA A100-SXM4-40GB with compute capability 8.0
CUDA source using device (1) NVIDIA A100-SXM4-40GB with compute capability 8.0
CUDA source using device (2) NVIDIA A100-SXM4-40GB with compute capability 8.0
CUDA source using device (3) NVIDIA A100-SXM4-40GB with compute capability 8.0
CUDA source using device (0) NVIDIA A100-SXM4-40GB with compute capability 8.0
CUDA source using device (1) NVIDIA A100-SXM4-40GB with compute capability 8.0
CUDA source using device (2) NVIDIA A100-SXM4-40GB with compute capability 8.0
CUDA source using device (3) NVIDIA A100-SXM4-40GB with compute capability 8.0
rank,total_time,msamples_per_s
0,13.550418,455.762715
*,13.550418,6529.215552
3,11.056591,556.411272
1,11.066737,550.015180
2,11.034154,555.165680
4,11.167917,608.345888
6,11.091518,606.956075
14,10.578686,698.490038
7,9.385940,622.316668
13,10.687971,698.782968
5,11.121193,606.934979
12,10.655901,692.099263
15,10.275134,699.524205
10,10.546450,639.620755
9,11.083219,637.840368
11,11.047253,637.879650
8,10.835293,639.383792
